Component: ARM Compiler 5.06 update 4 (build 422) Tool: armlink [4d35d2]

==============================================================================

Section Cross References

    main.o(i.bh1750_task) refers to dht11.o(i.DHT11_Read_Data) for DHT11_Read_Data
    main.o(i.bh1750_task) refers to bh1750.o(i.TaskBH1750) for TaskBH1750
    main.o(i.bh1750_task) refers to tasks.o(i.vTaskDelay) for vTaskDelay
    main.o(i.bh1750_task) refers to main.o(.data) for .data
    main.o(i.lcd_task) refers to lcd.o(i.LCD_ShowIntNum) for LCD_ShowIntNum
    main.o(i.lcd_task) refers to tasks.o(i.vTaskDelay) for vTaskDelay
    main.o(i.lcd_task) refers to main.o(.data) for .data
    main.o(i.main) refers to misc.o(i.NVIC_PriorityGroupConfig) for NVIC_PriorityGroupConfig
    main.o(i.main) refers to delay.o(i.delay_init) for delay_init
    main.o(i.main) refers to led.o(i.LED_Init) for LED_Init
    main.o(i.main) refers to lcd_init.o(i.LCD_Init) for LCD_Init
    main.o(i.main) refers to lcd.o(i.LCD_Fill) for LCD_Fill
    main.o(i.main) refers to myiic.o(i.IIC_Init) for IIC_Init
    main.o(i.main) refers to myiic.o(i.IIC_Send_Byte) for IIC_Send_Byte
    main.o(i.main) refers to lcd.o(i.LCD_ShowString) for LCD_ShowString
    main.o(i.main) refers to delay.o(i.delay_ms) for delay_ms
    main.o(i.main) refers to dht11.o(i.DHT11_Init) for DHT11_Init
    main.o(i.main) refers to tasks.o(i.xTaskCreate) for xTaskCreate
    main.o(i.main) refers to tasks.o(i.vTaskStartScheduler) for vTaskStartScheduler
    main.o(i.main) refers to main.o(.data) for .data
    main.o(i.main) refers to main.o(i.start_task) for start_task
    main.o(i.start_task) refers to port.o(i.vPortEnterCritical) for vPortEnterCritical
    main.o(i.start_task) refers to tasks.o(i.xTaskCreate) for xTaskCreate
    main.o(i.start_task) refers to tasks.o(i.vTaskDelete) for vTaskDelete
    main.o(i.start_task) refers to port.o(i.vPortExitCritical) for vPortExitCritical
    main.o(i.start_task) refers to main.o(.data) for .data
    main.o(i.start_task) refers to main.o(i.bh1750_task) for bh1750_task
    main.o(i.start_task) refers to main.o(i.lcd_task) for lcd_task
    system_stm32f4xx.o(i.SystemCoreClockUpdate) refers to system_stm32f4xx.o(.data) for .data
    system_stm32f4xx.o(i.SystemInit) refers to system_stm32f4xx.o(i.SetSysClock) for SetSysClock
    led.o(i.LED_Init) refers to stm32f4xx_rcc.o(i.RCC_AHB1PeriphClockCmd) for RCC_AHB1PeriphClockCmd
    led.o(i.LED_Init) refers to stm32f4xx_gpio.o(i.GPIO_Init) for GPIO_Init
    led.o(i.LED_Init) refers to stm32f4xx_gpio.o(i.GPIO_SetBits) for GPIO_SetBits
    bh1750.o(i.Cmd_Write_BH1750) refers to myiic.o(i.IIC_Start) for IIC_Start
    bh1750.o(i.Cmd_Write_BH1750) refers to myiic.o(i.IIC_Send_Byte) for IIC_Send_Byte
    bh1750.o(i.Cmd_Write_BH1750) refers to myiic.o(i.IIC_Wait_Ack) for IIC_Wait_Ack
    bh1750.o(i.Cmd_Write_BH1750) refers to myiic.o(i.IIC_Stop) for IIC_Stop
    bh1750.o(i.Cmd_Write_BH1750) refers to delay.o(i.delay_ms) for delay_ms
    bh1750.o(i.Convert_BH1750) refers to dflt_clz.o(x$fpl$dfltu) for __aeabi_ui2d
    bh1750.o(i.Convert_BH1750) refers to ddiv.o(x$fpl$ddiv) for __aeabi_ddiv
    bh1750.o(i.Convert_BH1750) refers to dfix.o(x$fpl$dfix) for __aeabi_d2iz
    bh1750.o(i.Convert_BH1750) refers to bh1750.o(.data) for .data
    bh1750.o(i.Read_BH1750) refers to myiic.o(i.IIC_Start) for IIC_Start
    bh1750.o(i.Read_BH1750) refers to myiic.o(i.IIC_Send_Byte) for IIC_Send_Byte
    bh1750.o(i.Read_BH1750) refers to myiic.o(i.IIC_Wait_Ack) for IIC_Wait_Ack
    bh1750.o(i.Read_BH1750) refers to myiic.o(i.IIC_Read_Byte) for IIC_Read_Byte
    bh1750.o(i.Read_BH1750) refers to myiic.o(i.IIC_Stop) for IIC_Stop
    bh1750.o(i.Read_BH1750) refers to delay.o(i.delay_ms) for delay_ms
    bh1750.o(i.Read_BH1750) refers to bh1750.o(.data) for .data
    bh1750.o(i.Single_Write_BH1750) refers to myiic.o(i.IIC_Start) for IIC_Start
    bh1750.o(i.Single_Write_BH1750) refers to myiic.o(i.IIC_Send_Byte) for IIC_Send_Byte
    bh1750.o(i.Single_Write_BH1750) refers to myiic.o(i.IIC_Stop) for IIC_Stop
    bh1750.o(i.Start_BH1750) refers to bh1750.o(i.Cmd_Write_BH1750) for Cmd_Write_BH1750
    bh1750.o(i.TaskBH1750) refers to bh1750.o(i.Start_BH1750) for Start_BH1750
    bh1750.o(i.TaskBH1750) refers to delay.o(i.delay_ms) for delay_ms
    bh1750.o(i.TaskBH1750) refers to bh1750.o(i.Read_BH1750) for Read_BH1750
    bh1750.o(i.TaskBH1750) refers to bh1750.o(i.Convert_BH1750) for Convert_BH1750
    bh1750.o(i.TaskBH1750) refers to bh1750.o(.data) for .data
    myiic.o(i.IIC_Ack) refers to delay.o(i.delay_us) for delay_us
    myiic.o(i.IIC_Init) refers to stm32f4xx_rcc.o(i.RCC_AHB1PeriphClockCmd) for RCC_AHB1PeriphClockCmd
    myiic.o(i.IIC_Init) refers to stm32f4xx_gpio.o(i.GPIO_Init) for GPIO_Init
    myiic.o(i.IIC_NAck) refers to delay.o(i.delay_us) for delay_us
    myiic.o(i.IIC_Read_Byte) refers to delay.o(i.delay_us) for delay_us
    myiic.o(i.IIC_Read_Byte) refers to myiic.o(i.IIC_Ack) for IIC_Ack
[...]
    .ARM.Collect$$libinit$$0000001B          0x08000212   Section        0  libinit2.o(.ARM.Collect$$libinit$$0000001B)
    .ARM.Collect$$libinit$$0000001D          0x08000212   Section        0  libinit2.o(.ARM.Collect$$libinit$$0000001D)
    .ARM.Collect$$libinit$$0000001F          0x08000212   Section        0  libinit2.o(.ARM.Collect$$libinit$$0000001F)
    .ARM.Collect$$libinit$$00000021          0x08000212   Section        0  libinit2.o(.ARM.Collect$$libinit$$00000021)
    .ARM.Collect$$libinit$$00000023          0x08000212   Section        0  libinit2.o(.ARM.Collect$$libinit$$00000023)
    .ARM.Collect$$libinit$$00000025          0x08000212   Section        0  libinit2.o(.ARM.Collect$$libinit$$00000025)
    .ARM.Collect$$libinit$$0000002C          0x08000212   Section        0  libinit2.o(.ARM.Collect$$libinit$$0000002C)
    .ARM.Collect$$libinit$$0000002E          0x08000212   Section        0  libinit2.o(.ARM.Collect$$libinit$$0000002E)
    .ARM.Collect$$libinit$$00000030          0x08000212   Section        0  libinit2.o(.ARM.Collect$$libinit$$00000030)
    .ARM.Collect$$libinit$$00000032          0x08000212   Section        0  libinit2.o(.ARM.Collect$$libinit$$00000032)
    .ARM.Collect$$libinit$$00000033          0x08000212   Section        2  libinit2.o(.ARM.Collect$$libinit$$00000033)
    .ARM.Collect$$libshutdown$$00000000      0x08000214   Section        2  libshutdown.o(.ARM.Collect$$libshutdown$$00000000)
    .ARM.Collect$$libshutdown$$00000002      0x08000216   Section        0  libshutdown2.o(.ARM.Collect$$libshutdown$$00000002)
    .ARM.Collect$$libshutdown$$00000004      0x08000216   Section        0  libshutdown2.o(.ARM.Collect$$libshutdown$$00000004)
    .ARM.Collect$$libshutdown$$00000007      0x08000216   Section        0  libshutdown2.o(.ARM.Collect$$libshutdown$$00000007)
    .ARM.Collect$$libshutdown$$0000000A      0x08000216   Section        0  libshutdown2.o(.ARM.Collect$$libshutdown$$0000000A)
    .ARM.Collect$$libshutdown$$0000000C      0x08000216   Section        0  libshutdown2.o(.ARM.Collect$$libshutdown$$0000000C)
    .ARM.Collect$$libshutdown$$0000000F      0x08000216   Section        0  libshutdown2.o(.ARM.Collect$$libshutdown$$0000000F)
    .ARM.Collect$$libshutdown$$00000010      0x08000216   Section        2  libshutdown2.o(.ARM.Collect$$libshutdown$$00000010)
    .ARM.Collect$$rtentry$$00000000          0x08000218   Section        0  __rtentry.o(.ARM.Collect$$rtentry$$00000000)
    .ARM.Collect$$rtentry$$00000002          0x08000218   Section        0  __rtentry2.o(.ARM.Collect$$rtentry$$00000002)
    .ARM.Collect$$rtentry$$00000004          0x08000218   Section        6  __rtentry4.o(.ARM.Collect$$rtentry$$00000004)
    .ARM.Collect$$rtentry$$00000009          0x0800021e   Section        0  __rtentry2.o(.ARM.Collect$$rtentry$$00000009)
    .ARM.Collect$$rtentry$$0000000A          0x0800021e   Section        4  __rtentry2.o(.ARM.Collect$$rtentry$$0000000A)
    .ARM.Collect$$rtentry$$0000000C          0x08000222   Section        0  __rtentry2.o(.ARM.Collect$$rtentry$$0000000C)
    .ARM.Collect$$rtentry$$0000000D          0x08000222   Section        8  __rtentry2.o(.ARM.Collect$$rtentry$$0000000D)
    .ARM.Collect$$rtexit$$00000000           0x0800022a   Section        2  rtexit.o(.ARM.Collect$$rtexit$$00000000)
    .ARM.Collect$$rtexit$$00000002           0x0800022c   Section        0  rtexit2.o(.ARM.Collect$$rtexit$$00000002)
    .ARM.Collect$$rtexit$$00000003           0x0800022c   Section        4  rtexit2.o(.ARM.Collect$$rtexit$$00000003)
    .ARM.Collect$$rtexit$$00000004           0x08000230   Section        6  rtexit2.o(.ARM.Collect$$rtexit$$00000004)
    .emb_text                                0x08000238   Section      182  port.o(.emb_text)
    $v0                                      0x08000238   Number         0  port.o(.emb_text)
    .text                                    0x080002f0   Section       64  startup_stm32f40_41xxx.o(.text)
    $v0                                      0x080002f0   Number         0  startup_stm32f40_41xxx.o(.text)
    .text                                    0x08000330   Section        2  use_no_semi_2.o(.text)
    .text                                    0x08000334   Section        0  noretval__2printf.o(.text)
    .text                                    0x0800034c   Section        0  __printf.o(.text)
    .text                                    0x080003b4   Section        0  _printf_str.o(.text)
    .text                                    0x08000408   Section        0  _printf_dec.o(.text)
    .text                                    0x08000480   Section      138  rt_memcpy_v6.o(.text)
    .text                                    0x0800050a   Section       16  aeabi_memset.o(.text)
    .text                                    0x0800051a   Section        0  heapauxi.o(.text)
    .text                                    0x08000520   Section        2  use_no_semi.o(.text)
    .text                                    0x08000522   Section        0  _printf_intcommon.o(.text)
    .text                                    0x080005d4   Section        0  _printf_char_common.o(.text)
    _printf_input_char                       0x080005d5   Thumb Code    10  _printf_char_common.o(.text)
    .text                                    0x08000604   Section        0  _printf_char.o(.text)
    .text                                    0x08000630   Section        0  _printf_char_file.o(.text)
    .text                                    0x08000654   Section      100  rt_memcpy_w.o(.text)
    .text                                    0x080006b8   Section       68  rt_memclr.o(.text)
    .text                                    0x080006fc   Section        0  ferror.o(.text)
    .text                                    0x08000704   Section       78  rt_memclr_w.o(.text)
    .text                                    0x08000752   Section       74  sys_stackheap_outer.o(.text)
    .text                                    0x0800079c   Section        0  exit.o(.text)
    .text                                    0x080007b0   Section        8  libspace.o(.text)
    i.BusFault_Handler                       0x080007b8   Section        0  stm32f4xx_it.o(i.BusFault_Handler)
    i.Cmd_Write_BH1750                       0x080007ba   Section        0  bh1750.o(i.Cmd_Write_BH1750)
    i.Convert_BH1750                         0x080007ec   Section        0  bh1750.o(i.Convert_BH1750)
    i.DHT11_Check                            0x08000824   Section        0  dht11.o(i.DHT11_Check)
    i.DHT11_Init                             0x08000884   Section        0  dht11.o(i.DHT11_Init)
    i.DHT11_Read_Bit                         0x080008c0   Section        0  dht11.o(i.DHT11_Read_Bit)
    i.DHT11_Read_Byte                        0x0800090c   Section        0  dht11.o(i.DHT11_Read_Byte)
    i.DHT11_Read_Data                        0x08000926   Section        0  dht11.o(i.DHT11_Read_Data)
    i.DHT11_Rst                              0x08000978   Section        0  dht11.o(i.DHT11_Rst)
    i.DebugMon_Handler                       0x080009b4   Section        0  stm32f4xx_it.o(i.DebugMon_Handler)
    i.GPIO_Init                              0x080009b6   Section        0  stm32f4xx_gpio.o(i.GPIO_Init)
    i.GPIO_ResetBits                         0x08000a2e   Section        0  stm32f4xx_gpio.o(i.GPIO_ResetBits)
    i.GPIO_SetBits                           0x08000a32   Section        0  stm32f4xx_gpio.o(i.GPIO_SetBits)
    i.HardFault_Handler                      0x08000a36   Section        0  stm32f4xx_it.o(i.HardFault_Handler)
    i.IIC_Ack                                0x08000a38   Section        0  myiic.o(i.IIC_Ack)
    i.IIC_Init                               0x08000a78   Section        0  myiic.o(i.IIC_Init)
    i.IIC_NAck                               0x08000ab8   Section        0  myiic.o(i.IIC_NAck)
    i.IIC_Read_Byte                          0x08000af8   Section        0  myiic.o(i.IIC_Read_Byte)
    i.IIC_Send_Byte                          0x08000b60   Section        0  myiic.o(i.IIC_Send_Byte)
    i.IIC_Start                              0x08000bc0   Section        0  myiic.o(i.IIC_Start)
    i.IIC_Stop                               0x08000c00   Section        0  myiic.o(i.IIC_Stop)
    i.IIC_Wait_Ack                           0x08000c44   Section        0  myiic.o(i.IIC_Wait_Ack)
    i.LCD_Address_Set                        0x08000c98   Section        0  lcd_init.o(i.LCD_Address_Set)
    i.LCD_DrawPoint                          0x08000cda   Section        0  lcd.o(i.LCD_DrawPoint)
    i.LCD_Fill                               0x08000cf0   Section        0  lcd.o(i.LCD_Fill)
    i.LCD_GPIO_Init                          0x08000d30   Section        0  lcd_init.o(i.LCD_GPIO_Init)
    i.LCD_Init                               0x08000dd0   Section        0  lcd_init.o(i.LCD_Init)
    i.LCD_ShowChar                           0x08000fd0   Section        0  lcd.o(i.LCD_ShowChar)
    i.LCD_ShowIntNum                         0x080010e0   Section        0  lcd.o(i.LCD_ShowIntNum)
    i.LCD_ShowString                         0x0800115e   Section        0  lcd.o(i.LCD_ShowString)
    i.LCD_WR_DATA                            0x08001198   Section        0  lcd_init.o(i.LCD_WR_DATA)
    i.LCD_WR_REG                             0x080011ac   Section        0  lcd_init.o(i.LCD_WR_REG)
    i.LCD_Writ_Bus                           0x080011d4   Section        0  lcd_init.o(i.LCD_Writ_Bus)
    i.LED_Init                               0x08001230   Section        0  led.o(i.LED_Init)
    i.MemManage_Handler                      0x08001270   Section        0  stm32f4xx_it.o(i.MemManage_Handler)
    i.NMI_Handler                            0x08001272   Section        0  stm32f4xx_it.o(i.NMI_Handler)
    i.NVIC_PriorityGroupConfig               0x08001274   Section        0  misc.o(i.NVIC_PriorityGroupConfig)
    i.RCC_AHB1PeriphClockCmd                 0x08001288   Section        0  stm32f4xx_rcc.o(i.RCC_AHB1PeriphClockCmd)
    i.Read_BH1750                            0x080012a0   Section        0  bh1750.o(i.Read_BH1750)
    i.SetSysClock                            0x080012d8   Section        0  system_stm32f4xx.o(i.SetSysClock)
    SetSysClock                              0x080012d9   Thumb Code   162  system_stm32f4xx.o(i.SetSysClock)
    i.Start_BH1750                           0x0800138c   Section        0  bh1750.o(i.Start_BH1750)
    i.SysTick_CLKSourceConfig                0x080013a4   Section        0  misc.o(i.SysTick_CLKSourceConfig)
    i.SysTick_Handler                        0x080013bc   Section        0  delay.o(i.SysTick_Handler)
    i.SystemInit                             0x080013d0   Section        0  system_stm32f4xx.o(i.SystemInit)
    i.TaskBH1750                             0x0800142c   Section        0  bh1750.o(i.TaskBH1750)
    i.USART1_IRQHandler                      0x0800144c   Section        0  usart.o(i.USART1_IRQHandler)
    i.USART_GetITStatus                      0x080014b0   Section        0  stm32f4xx_usart.o(i.USART_GetITStatus)
    i.USART_ReceiveData                      0x080014ee   Section        0  stm32f4xx_usart.o(i.USART_ReceiveData)
    i.UsageFault_Handler                     0x080014f6   Section        0  stm32f4xx_it.o(i.UsageFault_Handler)
    i._sys_exit                              0x080014f8   Section        0  usart.o(i._sys_exit)
    i.bh1750_task                            0x080014fc   Section        0  main.o(i.bh1750_task)
    i.delay_init                             0x0800151c   Section        0  delay.o(i.delay_init)
    i.delay_ms                               0x08001554   Section        0  delay.o(i.delay_ms)
    i.delay_us                               0x0800158c   Section        0  delay.o(i.delay_us)
    i.fputc                                  0x080015c0   Section        0  usart.o(i.fputc)
    i.lcd_task                               0x080015d4   Section        0  main.o(i.lcd_task)
    i.main                                   0x0800162c   Section        0  main.o(i.main)
    i.mypow                                  0x08001724   Section        0  lcd.o(i.mypow)
    i.prvAddCurrentTaskToDelayedList         0x08001734   Section        0  tasks.o(i.prvAddCurrentTaskToDelayedList)
    prvAddCurrentTaskToDelayedList           0x08001735   Thumb Code   102  tasks.o(i.prvAddCurrentTaskToDelayedList)
    i.prvAddNewTaskToReadyList               0x080017a4   Section        0  tasks.o(i.prvAddNewTaskToReadyList)
    prvAddNewTaskToReadyList                 0x080017a5   Thumb Code   192  tasks.o(i.prvAddNewTaskToReadyList)
    i.prvCheckForValidListAndQueue           0x08001874   Section        0  timers.o(i.prvCheckForValidListAndQueue)
    prvCheckForValidListAndQueue             0x08001875   Thumb Code    62  timers.o(i.prvCheckForValidListAndQueue)
    i.prvCheckTasksWaitingTermination        0x080018c4   Section        0  tasks.o(i.prvCheckTasksWaitingTermination)
    prvCheckTasksWaitingTermination          0x080018c5   Thumb Code    74  tasks.o(i.prvCheckTasksWaitingTermination)
    i.prvCopyDataFromQueue                   0x08001918   Section        0  queue.o(i.prvCopyDataFromQueue)
    prvCopyDataFromQueue                     0x08001919   Thumb Code    38  queue.o(i.prvCopyDataFromQueue)
    i.prvCopyDataToQueue                     0x0800193e   Section        0  queue.o(i.prvCopyDataToQueue)
    prvCopyDataToQueue                       0x0800193f   Thumb Code   108  queue.o(i.prvCopyDataToQueue)
    i.prvDeleteTCB                           0x080019aa   Section        0  tasks.o(i.prvDeleteTCB)
    prvDeleteTCB                             0x080019ab   Thumb Code    20  tasks.o(i.prvDeleteTCB)
    i.prvHeapInit                            0x080019c0   Section        0  heap_4.o(i.prvHeapInit)
    prvHeapInit                              0x080019c1   Thumb Code    66  heap_4.o(i.prvHeapInit)
    i.prvIdleTask                            0x08001a0c   Section        0  tasks.o(i.prvIdleTask)
    prvIdleTask                              0x08001a0d   Thumb Code    30  tasks.o(i.prvIdleTask)
    i.prvInitialiseNewTask                   0x08001a34   Section        0  tasks.o(i.prvInitialiseNewTask)
    prvInitialiseNewTask                     0x08001a35   Thumb Code   154  tasks.o(i.prvInitialiseNewTask)
    i.prvInsertBlockIntoFreeList             0x08001af4   Section        0  heap_4.o(i.prvInsertBlockIntoFreeList)
    prvInsertBlockIntoFreeList               0x08001af5   Thumb Code    72  heap_4.o(i.prvInsertBlockIntoFreeList)
    i.prvInsertTimerInActiveList             0x08001b40   Section        0  timers.o(i.prvInsertTimerInActiveList)
    prvInsertTimerInActiveList               0x08001b41   Thumb Code    52  timers.o(i.prvInsertTimerInActiveList)
    i.prvIsQueueEmpty                        0x08001b78   Section        0  queue.o(i.prvIsQueueEmpty)
    prvIsQueueEmpty                          0x08001b79   Thumb Code    26  queue.o(i.prvIsQueueEmpty)
    i.prvNotifyQueueSetContainer             0x08001b94   Section        0  queue.o(i.prvNotifyQueueSetContainer)
    prvNotifyQueueSetContainer               0x08001b95   Thumb Code   108  queue.o(i.prvNotifyQueueSetContainer)
    i.prvProcessExpiredTimer                 0x08001c24   Section        0  timers.o(i.prvProcessExpiredTimer)
    prvProcessExpiredTimer                   0x08001c25   Thumb Code    86  timers.o(i.prvProcessExpiredTimer)
    i.prvProcessReceivedCommands             0x08001c84   Section        0  timers.o(i.prvProcessReceivedCommands)
    prvProcessReceivedCommands               0x08001c85   Thumb Code   196  timers.o(i.prvProcessReceivedCommands)
    i.prvProcessTimerOrBlockTask             0x08001d74   Section        0  timers.o(i.prvProcessTimerOrBlockTask)
    prvProcessTimerOrBlockTask               0x08001d75   Thumb Code    98  timers.o(i.prvProcessTimerOrBlockTask)
    i.prvResetNextTaskUnblockTime            0x08001de0   Section        0  tasks.o(i.prvResetNextTaskUnblockTime)
    prvResetNextTaskUnblockTime              0x08001de1   Thumb Code    26  tasks.o(i.prvResetNextTaskUnblockTime)
    i.prvSampleTimeNow                       0x08001e00   Section        0  timers.o(i.prvSampleTimeNow)
    prvSampleTimeNow                         0x08001e01   Thumb Code    36  timers.o(i.prvSampleTimeNow)
    i.prvSwitchTimerLists                    0x08001e28   Section        0  timers.o(i.prvSwitchTimerLists)
    prvSwitchTimerLists                      0x08001e29   Thumb Code   100  timers.o(i.prvSwitchTimerLists)
    i.prvTaskExitError                       0x08001e94   Section        0  port.o(i.prvTaskExitError)
    prvTaskExitError                         0x08001e95   Thumb Code    36  port.o(i.prvTaskExitError)
    i.prvTimerTask                           0x08001ef8   Section        0  timers.o(i.prvTimerTask)
    prvTimerTask                             0x08001ef9   Thumb Code    34  timers.o(i.prvTimerTask)
    i.prvUnlockQueue                         0x08001f20   Section        0  queue.o(i.prvUnlockQueue)
    prvUnlockQueue                           0x08001f21   Thumb Code   120  queue.o(i.prvUnlockQueue)
    i.pvPortMalloc                           0x08001f98   Section        0  heap_4.o(i.pvPortMalloc)
    i.pvTaskIncrementMutexHeldCount          0x080020ac   Section        0  tasks.o(i.pvTaskIncrementMutexHeldCount)
    i.pxPortInitialiseStack                  0x080020c4   Section        0  port.o(i.pxPortInitialiseStack)
    i.start_task                             0x080020f0   Section        0  main.o(i.start_task)
    i.uxListRemove                           0x08002158   Section        0  list.o(i.uxListRemove)
    i.vListInitialise                        0x0800217c   Section        0  list.o(i.vListInitialise)
    i.vListInitialiseItem                    0x08002192   Section        0  list.o(i.vListInitialiseItem)
    i.vListInsert                            0x08002198   Section        0  list.o(i.vListInsert)
    i.vListInsertEnd                         0x080021c8   Section        0  list.o(i.vListInsertEnd)
    i.vPortEnterCritical                     0x080021e0   Section        0  port.o(i.vPortEnterCritical)
    i.vPortExitCritical                      0x08002258   Section        0  port.o(i.vPortExitCritical)
    i.vPortFree                              0x080022bc   Section        0  heap_4.o(i.vPortFree)
    i.vPortSetupTimerInterrupt               0x08002358   Section        0  port.o(i.vPortSetupTimerInterrupt)
    i.vPortValidateInterruptPriority         0x08002378   Section        0  port.o(i.vPortValidateInterruptPriority)
    i.vQueueAddToRegistry                    0x08002404   Section        0  queue.o(i.vQueueAddToRegistry)
    i.vQueueWaitForMessageRestricted         0x08002428   Section        0  queue.o(i.vQueueWaitForMessageRestricted)
    i.vTaskDelay                             0x0800246c   Section        0  tasks.o(i.vTaskDelay)
    i.vTaskDelete                            0x080024d8   Section        0  tasks.o(i.vTaskDelete)
    i.vTaskMissedYield                       0x080025a4   Section        0  tasks.o(i.vTaskMissedYield)
    i.vTaskPlaceOnEventList                  0x080025b0   Section        0  tasks.o(i.vTaskPlaceOnEventList)
    i.vTaskPlaceOnEventListRestricted        0x08002604   Section        0  tasks.o(i.vTaskPlaceOnEventListRestricted)
    i.vTaskPriorityInherit                   0x08002660   Section        0  tasks.o(i.vTaskPriorityInherit)
    i.vTaskSetTimeOutState                   0x080026e4   Section        0  tasks.o(i.vTaskSetTimeOutState)
    i.vTaskStartScheduler                    0x0800272c   Section        0  tasks.o(i.vTaskStartScheduler)
    i.vTaskSuspendAll                        0x080027c0   Section        0  tasks.o(i.vTaskSuspendAll)
    i.vTaskSwitchContext                     0x080027d0   Section        0  tasks.o(i.vTaskSwitchContext)
    i.xPortStartScheduler                    0x0800284c   Section        0  port.o(i.xPortStartScheduler)
    i.xPortSysTickHandler                    0x08002960   Section        0  port.o(i.xPortSysTickHandler)
    i.xQueueGenericCreate                    0x0800298c   Section        0  queue.o(i.xQueueGenericCreate)
    i.xQueueGenericReceive                   0x08002a04   Section        0  queue.o(i.xQueueGenericReceive)
    i.xQueueGenericReset                     0x08002b88   Section        0  queue.o(i.xQueueGenericReset)
    i.xQueueGenericSend                      0x08002c30   Section        0  queue.o(i.xQueueGenericSend)
    i.xQueueGenericSendFromISR               0x08002db8   Section        0  queue.o(i.xQueueGenericSendFromISR)
    i.xTaskCheckForTimeOut                   0x08002e98   Section        0  tasks.o(i.xTaskCheckForTimeOut)
    i.xTaskCreate                            0x08002f20   Section        0  tasks.o(i.xTaskCreate)
    i.xTaskGetSchedulerState                 0x08002f78   Section        0  tasks.o(i.xTaskGetSchedulerState)
    i.xTaskGetTickCount                      0x08002f94   Section        0  tasks.o(i.xTaskGetTickCount)
    i.xTaskIncrementTick                     0x08002fa0   Section        0  tasks.o(i.xTaskIncrementTick)
    i.xTaskPriorityDisinherit                0x08003088   Section        0  tasks.o(i.xTaskPriorityDisinherit)
    i.xTaskRemoveFromEventList               0x0800313c   Section        0  tasks.o(i.xTaskRemoveFromEventList)
    i.xTaskResumeAll                         0x080031d4   Section        0  tasks.o(i.xTaskResumeAll)
    i.xTimerCreate                           0x080032b8   Section        0  timers.o(i.xTimerCreate)
    i.xTimerCreateTimerTask                  0x0800332c   Section        0  timers.o(i.xTimerCreateTimerTask)
    i.xTimerGenericCommand                   0x080033a0   Section        0  timers.o(i.xTimerGenericCommand)
    x$fpl$ddiv                               0x08003430   Section      688  ddiv.o(x$fpl$ddiv)
    $v0                                      0x08003430   Number         0  ddiv.o(x$fpl$ddiv)
    ddiv_entry                               0x08003437   Thumb Code     0  ddiv.o(x$fpl$ddiv)
    x$fpl$dfix                               0x080036e0   Section       94  dfix.o(x$fpl$dfix)
    $v0                                      0x080036e0   Number         0  dfix.o(x$fpl$dfix)
    x$fpl$dfltu                              0x0800373e   Section       38  dflt_clz.o(x$fpl$dfltu)
    $v0                                      0x0800373e   Number         0  dflt_clz.o(x$fpl$dfltu)
    x$fpl$dnaninf                            0x08003764   Section      156  dnaninf.o(x$fpl$dnaninf)
    $v0                                      0x08003764   Number         0  dnaninf.o(x$fpl$dnaninf)
    x$fpl$dretinf                            0x08003800   Section       12  dretinf.o(x$fpl$dretinf)
    $v0                                      0x08003800   Number         0  dretinf.o(x$fpl$dretinf)
    x$fpl$fpinit                             0x0800380c   Section       10  fpinit.o(x$fpl$fpinit)
    $v0                                      0x0800380c   Number         0  fpinit.o(x$fpl$fpinit)
    .constdata                               0x08003816   Section    13300  lcd.o(.constdata)
    x$fpl$usenofp                            0x08003816   Section        0  usenofp.o(x$fpl$usenofp)
    .data                                    0x20000000   Section       20  main.o(.data)
    .data                                    0x20000014   Section       20  system_stm32f4xx.o(.data)
    .data                                    0x20000028   Section        8  bh1750.o(.data)
    .data                                    0x20000030   Section        4  delay.o(.data)
    fac_us                                   0x20000030   Data           1  delay.o(.data)
    fac_ms                                   0x20000032   Data           2  delay.o(.data)
    .data                                    0x20000034   Section        2  usart.o(.data)
    .data                                    0x20000038   Section        4  usart.o(.data)
    .data                                    0x2000003c   Section       60  tasks.o(.data)
    uxDeletedTasksWaitingCleanUp             0x20000040   Data           4  tasks.o(.data)
    uxCurrentNumberOfTasks                   0x20000044   Data           4  tasks.o(.data)
    xTickCount                               0x20000048   Data           4  tasks.o(.data)
    uxTopReadyPriority                       0x2000004c   Data           4  tasks.o(.data)
    xSchedulerRunning                        0x20000050   Data           4  tasks.o(.data)
    uxPendedTicks                            0x20000054   Data           4  tasks.o(.data)
    xYieldPending                            0x20000058   Data           4  tasks.o(.data)
    xNumOfOverflows                          0x2000005c   Data           4  tasks.o(.data)
    uxTaskNumber                             0x20000060   Data           4  tasks.o(.data)
    xNextTaskUnblockTime                     0x20000064   Data           4  tasks.o(.data)
    xIdleTaskHandle                          0x20000068   Data           4  tasks.o(.data)
    uxSchedulerSuspended                     0x2000006c   Data           4  tasks.o(.data)
    pxDelayedTaskList                        0x20000070   Data           4  tasks.o(.data)
    pxOverflowDelayedTaskList                0x20000074   Data           4  tasks.o(.data)
    .data                                    0x20000078   Section       20  timers.o(.data)
    xTimerQueue                              0x20000078   Data           4  timers.o(.data)
    xTimerTaskHandle                         0x2000007c   Data           4  timers.o(.data)
    xLastTime                                0x20000080   Data           4  timers.o(.data)
    pxCurrentTimerList                       0x20000084   Data           4  timers.o(.data)
    pxOverflowTimerList                      0x20000088   Data           4  timers.o(.data)
    .data                                    0x2000008c   Section       12  port.o(.data)
    ucMaxSysCallPriority                     0x2000008c   Data           1  port.o(.data)
    uxCriticalNesting                        0x20000090   Data           4  port.o(.data)
    ulMaxPRIGROUPValue                       0x20000094   Data           4  port.o(.data)
    .data                                    0x20000098   Section       24  heap_4.o(.data)
    pxEnd                                    0x20000098   Data           4  heap_4.o(.data)
    xFreeBytesRemaining                      0x2000009c   Data           4  heap_4.o(.data)
    xMinimumEverFreeBytesRemaining           0x200000a0   Data           4  heap_4.o(.data)
    xBlockAllocatedBit                       0x200000a4   Data           4  heap_4.o(.data)
    xStart                                   0x200000a8   Data           8  heap_4.o(.data)
    .bss                                     0x200000b0   Section      200  usart.o(.bss)
    .bss                                     0x20000178   Section       64  queue.o(.bss)
    .bss                                     0x200001b8   Section      740  tasks.o(.bss)
    pxReadyTasksLists                        0x200001b8   Data         640  tasks.o(.bss)
    xDelayedTaskList1                        0x20000438   Data          20  tasks.o(.bss)
    xDelayedTaskList2                        0x2000044c   Data          20  tasks.o(.bss)
    xPendingReadyList                        0x20000460   Data          20  tasks.o(.bss)
    xTasksWaitingTermination                 0x20000474   Data          20  tasks.o(.bss)
    xSuspendedTaskList                       0x20000488   Data          20  tasks.o(.bss)
    .bss                                     0x2000049c   Section       40  timers.o(.bss)
    xActiveTimerList1                        0x2000049c   Data          20  timers.o(.bss)
    xActiveTimerList2                        0x200004b0   Data          20  timers.o(.bss)
    .bss                                     0x200004c4   Section    20480  heap_4.o(.bss)
    ucHeap                                   0x200004c4   Data       20480  heap_4.o(.bss)
    .bss                                     0x200054c4   Section       96  libspace.o(.bss)
    HEAP                                     0x20005528   Section      512  startup_stm32f40_41xxx.o(HEAP)
    Heap_Mem                                 0x20005528   Data         512  startup_stm32f40_41xxx.o(HEAP)
    STACK                                    0x20005728   Section     1024  startup_stm32f40_41xxx.o(STACK)
    Stack_Mem                                0x20005728   Data        1024  startup_stm32f40_41xxx.o(STACK)
    __initial_sp                             0x20005b28   Data           0  startup_stm32f40_41xxx.o(STACK)

    Global Symbols

    Symbol Name                              Value     Ov Type        Size  Object(Section)

    BuildAttributes$$THM_ISAv4$E$P$D$K$B$S$7EM$VFPi3$EXTD16$VFPS$VFMA$PE$A:L22UL41UL21$X:L11$S22US41US21$IEEE1$IW$USESV6$~STKCKD$USESV7$~SHL$OSPACE$ROPI$EBA8$UX$STANDARDLIB$REQ8$PRES8$EABIv2 0x00000000   Number         0  anon$$obj.o ABSOLUTE
    __ARM_use_no_argv                        0x00000000   Number         0  main.o ABSOLUTE
    __ARM_exceptions_init                     - Undefined Weak Reference
    __alloca_initialize                       - Undefined Weak Reference
    __arm_preinit_                            - Undefined Weak Reference
    __cpp_initialize__aeabi_                  - Undefined Weak Reference
    __cxa_finalize                            - Undefined Weak Reference
    __rt_locale                               - Undefined Weak Reference
    __sigvec_lookup                           - Undefined Weak Reference
    _atexit_init                              - Undefined Weak Reference
    _call_atexit_fns                          - Undefined Weak Reference
    _clock_init                               - Undefined Weak Reference
    _fp_trap_init                             - Undefined Weak Reference
    _fp_trap_shutdown                         - Undefined Weak Reference
    _get_lc_collate                           - Undefined Weak Reference
    _get_lc_ctype                             - Undefined Weak Reference
    _get_lc_monetary                          - Undefined Weak Reference
    _get_lc_numeric                           - Undefined Weak Reference
    _get_lc_time                              - Undefined Weak Reference
    _getenv_init                              - Undefined Weak Reference
    _handle_redirection                       - Undefined Weak Reference
    _init_alloc                               - Undefined Weak Reference
    _init_user_alloc                          - Undefined Weak Reference
    _initio                                   - Undefined Weak Reference
    _mutex_acquire                            - Undefined Weak Reference
    _mutex_release                            - Undefined Weak Reference
    _printf_mbtowc                            - Undefined Weak Reference
    _printf_post_padding                      - Undefined Weak Reference
    _printf_pre_padding                       - Undefined Weak Reference
    _printf_truncate_signed                   - Undefined Weak Reference
    _printf_truncate_unsigned                 - Undefined Weak Reference
    _rand_init                                - Undefined Weak Reference
    _signal_finish                            - Undefined Weak Reference
    _signal_init                              - Undefined Weak Reference
    _terminate_alloc                          - Undefined Weak Reference
    _terminate_user_alloc                     - Undefined Weak Reference
    _terminateio                              - Undefined Weak Reference
    __Vectors_Size                           0x00000188   Number         0  startup_stm32f40_41xxx.o ABSOLUTE
    __Vectors                                0x08000000   Data           4  startup_stm32f40_41xxx.o(RESET)
    __Vectors_End                            0x08000188   Data           0  startup_stm32f40_41xxx.o(RESET)
    __main                                   0x08000189   Thumb Code     8  __main.o(!!!main)
    __scatterload                            0x08000191   Thumb Code     0  __scatter.o(!!!scatter)
    __scatterload_rt2                        0x08000191   Thumb Code    44  __scatter.o(!!!scatter)
    __scatterload_rt2_thumb_only             0x08000191   Thumb Code     0  __scatter.o(!!!scatter)
    __scatterload_null                       0x0800019f   Thumb Code     0  __scatter.o(!!!scatter)
    __scatterload_copy                       0x080001c5   Thumb Code    26  __scatter_copy.o(!!handler_copy)
    __scatterload_zeroinit                   0x080001e1   Thumb Code    28  __scatter_zi.o(!!handler_zi)
    _printf_d                                0x080001fd   Thumb Code     0  _printf_d.o(.ARM.Collect$$_printf_percent$$00000009)
    _printf_percent                          0x080001fd   Thumb Code     0  _printf_percent.o(.ARM.Collect$$_printf_percent$$00000000)
    _printf_s                                0x08000203   Thumb Code     0  _printf_s.o(.ARM.Collect$$_printf_percent$$00000014)
    _printf_percent_end                      0x08000209   Thumb Code     0  _printf_percent_end.o(.ARM.Collect$$_printf_percent$$00000017)
    __rt_lib_init                            0x0800020d   Thumb Code     0  libinit.o(.ARM.Collect$$libinit$$00000000)
    __rt_lib_init_fp_1                       0x0800020f   Thumb Code     0  libinit2.o(.ARM.Collect$$libinit$$00000001)
    __rt_lib_init_alloca_1                   0x08000213   Thumb Code     0  libinit2.o(.ARM.Collect$$libinit$$0000002E)
    __rt_lib_init_argv_1                     0x08000213   Thumb Code     0  libinit2.o(.ARM.Collect$$libinit$$0000002C)
    __rt_lib_init_atexit_1                   0x08000213   Thumb Code     0  libinit2.o(.ARM.Collect$$libinit$$0000001B)
    __rt_lib_init_clock_1                    0x08000213   Thumb Code     0  libinit2.o(.ARM.Collect$$libinit$$00000021)
    __rt_lib_init_cpp_1                      0x08000213   Thumb Code     0  libinit2.o(.ARM.Collect$$libinit$$00000032)
    __rt_lib_init_exceptions_1               0x08000213   Thumb Code     0  libinit2.o(.ARM.Collect$$libinit$$00000030)
    __rt_lib_init_fp_trap_1                  0x08000213   Thumb Code     0  libinit2.o(.ARM.Collect$$libinit$$0000001F)
    __rt_lib_init_getenv_1                   0x08000213   Thumb Code     0  libinit2.o(.ARM.Collect$$libinit$$00000023)
    __rt_lib_init_heap_1                     0x08000213   Thumb Code     0  libinit2.o(.ARM.Collect$$libinit$$0000000A)
    __rt_lib_init_lc_collate_1               0x08000213   Thumb Code     0  libinit2.o(.ARM.Collect$$libinit$$00000011)
    __rt_lib_init_lc_ctype_1                 0x08000213   Thumb Code     0  libinit2.o(.ARM.Collect$$libinit$$00000013)
    __rt_lib_init_lc_monetary_1              0x08000213   Thumb Code     0  libinit2.o(.ARM.Collect$$libinit$$00000015)
    __rt_lib_init_lc_numeric_1               0x08000213   Thumb Code     0  libinit2.o(.ARM.Collect$$libinit$$00000017)
    __rt_lib_init_lc_time_1                  0x08000213   Thumb Code     0  libinit2.o(.ARM.Collect$$libinit$$00000019)
    __rt_lib_init_preinit_1                  0x08000213   Thumb Code     0  libinit2.o(.ARM.Collect$$libinit$$00000004)
    __rt_lib_init_rand_1                     0x08000213   Thumb Code     0  libinit2.o(.ARM.Collect$$libinit$$0000000E)
    __rt_lib_init_return                     0x08000213   Thumb Code     0  libinit2.o(.ARM.Collect$$libinit$$00000033)
    __rt_lib_init_signal_1                   0x08000213   Thumb Code     0  libinit2.o(.ARM.Collect$$libinit$$0000001D)
    __rt_lib_init_stdio_1                    0x08000213   Thumb Code     0  libinit2.o(.ARM.Collect$$libinit$$00000025)
    __rt_lib_init_user_alloc_1               0x08000213   Thumb Code     0  libinit2.o(.ARM.Collect$$libinit$$0000000C)
    __rt_lib_shutdown                        0x08000215   Thumb Code     0  libshutdown.o(.ARM.Collect$$libshutdown$$00000000)
    __rt_lib_shutdown_cpp_1                  0x08000217   Thumb Code     0  libshutdown2.o(.ARM.Collect$$libshutdown$$00000002)
    __rt_lib_shutdown_fp_trap_1              0x08000217   Thumb Code     0  libshutdown2.o(.ARM.Collect$$libshutdown$$00000007)
    __rt_lib_shutdown_heap_1                 0x08000217   Thumb Code     0  libshutdown2.o(.ARM.Collect$$libshutdown$$0000000F)
    __rt_lib_shutdown_return                 0x08000217   Thumb Code     0  libshutdown2.o(.ARM.Collect$$libshutdown$$00000010)
    __rt_lib_shutdown_signal_1               0x08000217   Thumb Code     0  libshutdown2.o(.ARM.Collect$$libshutdown$$0000000A)
    __rt_lib_shutdown_stdio_1                0x08000217   Thumb Code     0  libshutdown2.o(.ARM.Collect$$libshutdown$$00000004)
    __rt_lib_shutdown_user_alloc_1           0x08000217   Thumb Code     0  libshutdown2.o(.ARM.Collect$$libshutdown$$0000000C)
    __rt_entry                               0x08000219   Thumb Code     0  __rtentry.o(.ARM.Collect$$rtentry$$00000000)
    __rt_entry_presh_1                       0x08000219   Thumb Code     0  __rtentry2.o(.ARM.Collect$$rtentry$$00000002)
    __rt_entry_sh                            0x08000219   Thumb Code     0  __rtentry4.o(.ARM.Collect$$rtentry$$00000004)
    __rt_entry_li                            0x0800021f   Thumb Code     0  __rtentry2.o(.ARM.Collect$$rtentry$$0000000A)
    __rt_entry_postsh_1                      0x0800021f   Thumb Code     0  __rtentry2.o(.ARM.Collect$$rtentry$$00000009)
    __rt_entry_main                          0x08000223   Thumb Code     0  __rtentry2.o(.ARM.Collect$$rtentry$$0000000D)
    __rt_entry_postli_1                      0x08000223   Thumb Code     0  __rtentry2.o(.ARM.Collect$$rtentry$$0000000C)
    __rt_exit                                0x0800022b   Thumb Code     0  rtexit.o(.ARM.Collect$$rtexit$$00000000)
    __rt_exit_ls                             0x0800022d   Thumb Code     0  rtexit2.o(.ARM.Collect$$rtexit$$00000003)
    __rt_exit_prels_1                        0x0800022d   Thumb Code     0  rtexit2.o(.ARM.Collect$$rtexit$$00000002)
    __rt_exit_exit                           0x08000231   Thumb Code     0  rtexit2.o(.ARM.Collect$$rtexit$$00000004)
    SVC_Handler                              0x08000239   Thumb Code    28  port.o(.emb_text)
    __asm___6_port_c_39a90d8d__prvStartFirstTask 0x08000259   Thumb Code    28  port.o(.emb_text)
    __asm___6_port_c_39a90d8d__prvEnableVFP  0x08000279   Thumb Code    16  port.o(.emb_text)
    PendSV_Handler                           0x0800028d   Thumb Code    88  port.o(.emb_text)
    vPortGetIPSR                             0x080002e9   Thumb Code     6  port.o(.emb_text)
    Reset_Handler                            0x080002f1   Thumb Code     8  startup_stm32f40_41xxx.o(.text)
    ADC_IRQHandler                           0x0800030b   Thumb Code     0  startup_stm32f40_41xxx.o(.text)
    CAN1_RX0_IRQHandler                      0x0800030b   Thumb Code     0  startup_stm32f40_41xxx.o(.text)
    CAN1_RX1_IRQHandler                      0x0800030b   Thumb Code     0  startup_stm32f40_41xxx.o(.text)
    CAN1_SCE_IRQHandler                      0x0800030b   Thumb Code     0  startup_stm32f40_41xxx.o(.text)
    CAN1_TX_IRQHandler                       0x0800030b   Thumb Code     0  startup_stm32f40_41xxx.o(.text)
    CAN2_RX0_IRQHandler                      0x0800030b   Thumb Code     0  startup_stm32f40_41xxx.o(.text)
    CAN2_RX1_IRQHandler                      0x0800030b   Thumb Code     0  startup_stm32f40_41xxx.o(.text)
    CAN2_SCE_IRQHandler                      0x0800030b   Thumb Code     0  startup_stm32f40_41xxx.o(.text)
    CAN2_TX_IRQHandler                       0x0800030b   Thumb Code     0  startup_stm32f40_41xxx.o(.text)
    CRYP_IRQHandler                          0x0800030b   Thumb Code     0  startup_stm32f40_41xxx.o(.text)
    DCMI_IRQHandler                          0x0800030b   Thumb Code     0  startup_stm32f40_41xxx.o(.text)
    DMA1_Stream0_IRQHandler                  0x0800030b   Thumb Code     0  startup_stm32f40_41xxx.o(.text)
    DMA1_Stream1_IRQHandler                  0x0800030b   Thumb Code     0  startup_stm32f40_41xxx.o(.text)
    DMA1_Stream2_IRQHandler                  0x0800030b   Thumb Code     0  startup_stm32f40_41xxx.o(.text)
    DMA1_Stream3_IRQHandler                  0x0800030b   Thumb Code     0  startup_stm32f40_41xxx.o(.text)
    DMA1_Stream4_IRQHandler                  0x0800030b   Thumb Code     0  startup_stm32f40_41xxx.o(.text)
    DMA1_Stream5_IRQHandler                  0x0800030b   Thumb Code     0  startup_stm32f40_41xxx.o(.text)
    DMA1_Stream6_IRQHandler                  0x0800030b   Thumb Code     0  startup_stm32f40_41xxx.o(.text)
    DMA1_Stream7_IRQHandler                  0x0800030b   Thumb Code     0  startup_stm32f40_41xxx.o(.text)
    DMA2_Stream0_IRQHandler                  0x0800030b   Thumb Code     0  startup_stm32f40_41xxx.o(.text)
    DMA2_Stream1_IRQHandler                  0x0800030b   Thumb Code     0  startup_stm32f40_41xxx.o(.text)
    DMA2_Stream2_IRQHandler                  0x0800030b   Thumb Code     0  startup_stm32f40_41xxx.o(.text)
    DMA2_Stream3_IRQHandler                  0x0800030b   Thumb Code     0  startup_stm32f40_41xxx.o(.text)
    DMA2_Stream4_IRQHandler                  0x0800030b   Thumb Code     0  startup_stm32f40_41xxx.o(.text)
    DMA2_Stream5_IRQHandler                  0x0800030b   Thumb Code     0  startup_stm32f40_41xxx.o(.text)
    DMA2_Stream6_IRQHandler                  0x0800030b   Thumb Code     0  startup_stm32f40_41xxx.o(.text)
    DMA2_Stream7_IRQHandler                  0x0800030b   Thumb Code     0  startup_stm32f40_41xxx.o(.text)
    ETH_IRQHandler                           0x0800030b   Thumb Code     0  startup_stm32f40_41xxx.o(.text)
    ETH_WKUP_IRQHandler                      0x0800030b   Thumb Code     0  startup_stm32f40_41xxx.o(.text)
    EXTI0_IRQHandler                         0x0800030b   Thumb Code     0  startup_stm32f40_41xxx.o(.text)
    EXTI15_10_IRQHandler                     0x0800030b   Thumb Code     0  startup_stm32f40_41xxx.o(.text)
    EXTI1_IRQHandler                         0x0800030b   Thumb Code     0  startup_stm32f40_41xxx.o(.text)
    EXTI2_IRQHandler                         0x0800030b   Thumb Code     0  startup_stm32f40_41xxx.o(.text)
    EXTI3_IRQHandler                         0x0800030b   Thumb Code     0  startup_stm32f40_41xxx.o(.text)
    EXTI4_IRQHandler                         0x0800030b   Thumb Code     0  startup_stm32f40_41xxx.o(.text)
    EXTI9_5_IRQHandler                       0x0800030b   Thumb Code     0  startup_stm32f40_41xxx.o(.text)
    FLASH_IRQHandler                         0x0800030b   Thumb Code     0  startup_stm32f40_41xxx.o(.text)
    FPU_IRQHandler                           0x0800030b   Thumb Code     0  startup_stm32f40_41xxx.o(.text)
    FSMC_IRQHandler                          0x0800030b   Thumb Code     0  startup_stm32f40_41xxx.o(.text)
    HASH_RNG_IRQHandler                      0x0800030b   Thumb Code     0  startup_stm32f40_41xxx.o(.text)
    I2C1_ER_IRQHandler                       0x0800030b   Thumb Code     0  startup_stm32f40_41xxx.o(.text)
    I2C1_EV_IRQHandler                       0x0800030b   Thumb Code     0  startup_stm32f40_41xxx.o(.text)
    I2C2_ER_IRQHandler                       0x0800030b   Thumb Code     0  startup_stm32f40_41xxx.o(.text)
    I2C2_EV_IRQHandler                       0x0800030b   Thumb Code     0  startup_stm32f40_41xxx.o(.text)
    I2C3_ER_IRQHandler                       0x0800030b   Thumb Code     0  startup_stm32f40_41xxx.o(.text)
    I2C3_EV_IRQHandler                       0x0800030b   Thumb Code     0  startup_stm32f40_41xxx.o(.text)
    OTG_FS_IRQHandler                        0x0800030b   Thumb Code     0  startup_stm32f40_41xxx.o(.text)
    OTG_FS_WKUP_IRQHandler                   0x0800030b   Thumb Code     0  startup_stm32f40_41xxx.o(.text)
    OTG_HS_EP1_IN_IRQHandler                 0x0800030b   Thumb Code     0  startup_stm32f40_41xxx.o(.text)
    OTG_HS_EP1_OUT_IRQHandler                0x0800030b   Thumb Code     0  startup_stm32f40_41xxx.o(.text)
    OTG_HS_IRQHandler                        0x0800030b   Thumb Code     0  startup_stm32f40_41xxx.o(.text)
    OTG_HS_WKUP_IRQHandler                   0x0800030b   Thumb Code     0  startup_stm32f40_41xxx.o(.text)
    PVD_IRQHandler                           0x0800030b   Thumb Code     0  startup_stm32f40_41xxx.o(.text)
    RCC_IRQHandler                           0x0800030b   Thumb Code     0  startup_stm32f40_41xxx.o(.text)
    RTC_Alarm_IRQHandler                     0x0800030b   Thumb Code     0  startup_stm32f40_41xxx.o(.text)
    RTC_WKUP_IRQHandler                      0x0800030b   Thumb Code     0  startup_stm32f40_41xxx.o(.text)
    SDIO_IRQHandler                          0x0800030b   Thumb Code     0  startup_stm32f40_41xxx.o(.text)
    SPI1_IRQHandler                          0x0800030b   Thumb Code     0  startup_stm32f40_41xxx.o(.text)
    SPI2_IRQHandler                          0x0800030b   Thumb Code     0  startup_stm32f40_41xxx.o(.text)
    SPI3_IRQHandler                          0x0800030b   Thumb Code     0  startup_stm32f40_41xxx.o(.text)
    TAMP_STAMP_IRQHandler                    0x0800030b   Thumb Code     0  startup_stm32f40_41xxx.o(.text)
    TIM1_BRK_TIM9_IRQHandler                 0x0800030b   Thumb Code     0  startup_stm32f40_41xxx.o(.text)
    TIM1_CC_IRQHandler                       0x0800030b   Thumb Code     0  startup_stm32f40_41xxx.o(.text)
    TIM1_TRG_COM_TIM11_IRQHandler            0x0800030b   Thumb Code     0  startup_stm32f40_41xxx.o(.text)
    TIM1_UP_TIM10_IRQHandler                 0x0800030b   Thumb Code     0  startup_stm32f40_41xxx.o(.text)
    TIM2_IRQHandler                          0x0800030b   Thumb Code     0  startup_stm32f40_41xxx.o(.text)
    TIM3_IRQHandler                          0x0800030b   Thumb Code     0  startup_stm32f40_41xxx.o(.text)
    TIM4_IRQHandler                          0x0800030b   Thumb Code     0  startup_stm32f40_41xxx.o(.text)
    TIM5_IRQHandler                          0x0800030b   Thumb Code     0  startup_stm32f40_41xxx.o(.text)
    TIM6_DAC_IRQHandler                      0x0800030b   Thumb Code     0  startup_stm32f40_41xxx.o(.text)
    TIM7_IRQHandler                          0x0800030b   Thumb Code     0  startup_stm32f40_41xxx.o(.text)
    TIM8_BRK_TIM12_IRQHandler                0x0800030b   Thumb Code     0  startup_stm32f40_41xxx.o(.text)
    TIM8_CC_IRQHandler                       0x0800030b   Thumb Code     0  startup_stm32f40_41xxx.o(.text)
    TIM8_TRG_COM_TIM14_IRQHandler            0x0800030b   Thumb Code     0  startup_stm32f40_41xxx.o(.text)
    TIM8_UP_TIM13_IRQHandler                 0x0800030b   Thumb Code     0  startup_stm32f40_41xxx.o(.text)
    UART4_IRQHandler                         0x0800030b   Thumb Code     0  startup_stm32f40_41xxx.o(.text)
    UART5_IRQHandler                         0x0800030b   Thumb Code     0  startup_stm32f40_41xxx.o(.text)
    USART2_IRQHandler                        0x0800030b   Thumb Code     0  startup_stm32f40_41xxx.o(.text)
    USART3_IRQHandler                        0x0800030b   Thumb Code     0  startup_stm32f40_41xxx.o(.text)
    USART6_IRQHandler                        0x0800030b   Thumb Code     0  startup_stm32f40_41xxx.o(.text)
    WWDG_IRQHandler                          0x0800030b   Thumb Code     0  startup_stm32f40_41xxx.o(.text)
    __user_initial_stackheap                 0x0800030d   Thumb Code     0  startup_stm32f40_41xxx.o(.text)
    __use_no_semihosting                     0x08000331   Thumb Code     2  use_no_semi_2.o(.text)
    __2printf                                0x08000335   Thumb Code    20  noretval__2printf.o(.text)
    __printf                                 0x0800034d   Thumb Code   104  __printf.o(.text)
    _printf_str                              0x080003b5   Thumb Code    82  _printf_str.o(.text)
    _printf_int_dec                          0x08000409   Thumb Code   104  _printf_dec.o(.text)
    __aeabi_memcpy                           0x08000481   Thumb Code     0  rt_memcpy_v6.o(.text)
    __rt_memcpy                              0x08000481   Thumb Code   138  rt_memcpy_v6.o(.text)
    _memcpy_lastbytes                        0x080004e7   Thumb Code     0  rt_memcpy_v6.o(.text)
    __aeabi_memset                           0x0800050b   Thumb Code    16  aeabi_memset.o(.text)
    __use_two_region_memory                  0x0800051b   Thumb Code     2  heapauxi.o(.text)
    __rt_heap_escrow$2region                 0x0800051d   Thumb Code     2  heapauxi.o(.text)
    __rt_heap_expand$2region                 0x0800051f   Thumb Code     2  heapauxi.o(.text)
    __I$use$semihosting                      0x08000521   Thumb Code     0  use_no_semi.o(.text)
    __use_no_semihosting_swi                 0x08000521   Thumb Code     2  use_no_semi.o(.text)
    _printf_int_common                       0x08000523   Thumb Code   178  _printf_intcommon.o(.text)
    _printf_char_common                      0x080005df   Thumb Code    32  _printf_char_common.o(.text)
    _printf_cs_common                        0x08000605   Thumb Code    20  _printf_char.o(.text)
    _printf_char                             0x08000619   Thumb Code    16  _printf_char.o(.text)
    _printf_string                           0x08000629   Thumb Code     8  _printf_char.o(.text)
    _printf_char_file                        0x08000631   Thumb Code    32  _printf_char_file.o(.text)
    __aeabi_memcpy4                          0x08000655   Thumb Code     0  rt_memcpy_w.o(.text)
    __aeabi_memcpy8                          0x08000655   Thumb Code     0  rt_memcpy_w.o(.text)
    __rt_memcpy_w                            0x08000655   Thumb Code   100  rt_memcpy_w.o(.text)
    _memcpy_lastbytes_aligned                0x0800069d   Thumb Code     0  rt_memcpy_w.o(.text)
    __aeabi_memclr                           0x080006b9   Thumb Code     0  rt_memclr.o(.text)
    __rt_memclr                              0x080006b9   Thumb Code    68  rt_memclr.o(.text)
    _memset                                  0x080006bd   Thumb Code     0  rt_memclr.o(.text)
    ferror                                   0x080006fd   Thumb Code     8  ferror.o(.text)
    __aeabi_memclr4                          0x08000705   Thumb Code     0  rt_memclr_w.o(.text)
    __aeabi_memclr8                          0x08000705   Thumb Code     0  rt_memclr_w.o(.text)
    __rt_memclr_w                            0x08000705   Thumb Code    78  rt_memclr_w.o(.text)
    _memset_w                                0x08000709   Thumb Code     0  rt_memclr_w.o(.text)
    __user_setup_stackheap                   0x08000753   Thumb Code    74  sys_stackheap_outer.o(.text)
    exit                                     0x0800079d   Thumb Code    18  exit.o(.text)
    __user_libspace                          0x080007b1   Thumb Code     8  libspace.o(.text)
    __user_perproc_libspace                  0x080007b1   Thumb Code     0  libspace.o(.text)
    __user_perthread_libspace                0x080007b1   Thumb Code     0  libspace.o(.text)
    BusFault_Handler                         0x080007b9   Thumb Code     2  stm32f4xx_it.o(i.BusFault_Handler)
    Cmd_Write_BH1750                         0x080007bb   Thumb Code    50  bh1750.o(i.Cmd_Write_BH1750)
    Convert_BH1750                           0x080007ed   Thumb Code    42  bh1750.o(i.Convert_BH1750)
    DHT11_Check                              0x08000825   Thumb Code    86  dht11.o(i.DHT11_Check)
    DHT11_Init                               0x08000885   Thumb Code    56  dht11.o(i.DHT11_Init)
    DHT11_Read_Bit                           0x080008c1   Thumb Code    70  dht11.o(i.DHT11_Read_Bit)
    DHT11_Read_Byte                          0x0800090d   Thumb Code    26  dht11.o(i.DHT11_Read_Byte)
    DHT11_Read_Data                          0x08000927   Thumb Code    80  dht11.o(i.DHT11_Read_Data)
    DHT11_Rst                                0x08000979   Thumb Code    52  dht11.o(i.DHT11_Rst)
    DebugMon_Handler                         0x080009b5   Thumb Code     2  stm32f4xx_it.o(i.DebugMon_Handler)
    GPIO_Init                                0x080009b7   Thumb Code   120  stm32f4xx_gpio.o(i.GPIO_Init)
    GPIO_ResetBits                           0x08000a2f   Thumb Code     4  stm32f4xx_gpio.o(i.GPIO_ResetBits)
    GPIO_SetBits                             0x08000a33   Thumb Code     4  stm32f4xx_gpio.o(i.GPIO_SetBits)
    HardFault_Handler                        0x08000a37   Thumb Code     2  stm32f4xx_it.o(i.HardFault_Handler)
    IIC_Ack                                  0x08000a39   Thumb Code    56  myiic.o(i.IIC_Ack)
    IIC_Init                                 0x08000a79   Thumb Code    56  myiic.o(i.IIC_Init)
    IIC_NAck                                 0x08000ab9   Thumb Code    56  myiic.o(i.IIC_NAck)
    IIC_Read_Byte                            0x08000af9   Thumb Code    96  myiic.o(i.IIC_Read_Byte)
    IIC_Send_Byte                            0x08000b61   Thumb Code    86  myiic.o(i.IIC_Send_Byte)
    IIC_Start                                0x08000bc1   Thumb Code    56  myiic.o(i.IIC_Start)
    IIC_Stop                                 0x08000c01   Thumb Code    58  myiic.o(i.IIC_Stop)
    IIC_Wait_Ack                             0x08000c45   Thumb Code    74  myiic.o(i.IIC_Wait_Ack)
    LCD_Address_Set                          0x08000c99   Thumb Code    66  lcd_init.o(i.LCD_Address_Set)
    LCD_DrawPoint                            0x08000cdb   Thumb Code    22  lcd.o(i.LCD_DrawPoint)
    LCD_Fill                                 0x08000cf1   Thumb Code    62  lcd.o(i.LCD_Fill)
    LCD_GPIO_Init                            0x08000d31   Thumb Code   146  lcd_init.o(i.LCD_GPIO_Init)
    LCD_Init                                 0x08000dd1   Thumb Code   504  lcd_init.o(i.LCD_Init)
    LCD_ShowChar                             0x08000fd1   Thumb Code   254  lcd.o(i.LCD_ShowChar)
    LCD_ShowIntNum                           0x080010e1   Thumb Code   126  lcd.o(i.LCD_ShowIntNum)
    LCD_ShowString                           0x0800115f   Thumb Code    58  lcd.o(i.LCD_ShowString)
    LCD_WR_DATA                              0x08001199   Thumb Code    20  lcd_init.o(i.LCD_WR_DATA)
    LCD_WR_REG                               0x080011ad   Thumb Code    36  lcd_init.o(i.LCD_WR_REG)
    LCD_Writ_Bus                             0x080011d5   Thumb Code    84  lcd_init.o(i.LCD_Writ_Bus)
    LED_Init                                 0x08001231   Thumb Code    58  led.o(i.LED_Init)
    MemManage_Handler                        0x08001271   Thumb Code     2  stm32f4xx_it.o(i.MemManage_Handler)
    NMI_Handler                              0x08001273   Thumb Code     2  stm32f4xx_it.o(i.NMI_Handler)
    NVIC_PriorityGroupConfig                 0x08001275   Thumb Code    10  misc.o(i.NVIC_PriorityGroupConfig)
    RCC_AHB1PeriphClockCmd                   0x08001289   Thumb Code    18  stm32f4xx_rcc.o(i.RCC_AHB1PeriphClockCmd)
    Read_BH1750                              0x080012a1   Thumb Code    52  bh1750.o(i.Read_BH1750)
    Start_BH1750                             0x0800138d   Thumb Code    24  bh1750.o(i.Start_BH1750)
    SysTick_CLKSourceConfig                  0x080013a5   Thumb Code    24  misc.o(i.SysTick_CLKSourceConfig)
    SysTick_Handler                          0x080013bd   Thumb Code    20  delay.o(i.SysTick_Handler)
    SystemInit                               0x080013d1   Thumb Code    74  system_stm32f4xx.o(i.SystemInit)
    TaskBH1750                               0x0800142d   Thumb Code    26  bh1750.o(i.TaskBH1750)
    USART1_IRQHandler                        0x0800144d   Thumb Code    88  usart.o(i.USART1_IRQHandler)
    USART_GetITStatus                        0x080014b1   Thumb Code    62  stm32f4xx_usart.o(i.USART_GetITStatus)
    USART_ReceiveData                        0x080014ef   Thumb Code     8  stm32f4xx_usart.o(i.USART_ReceiveData)
    UsageFault_Handler                       0x080014f7   Thumb Code     2  stm32f4xx_it.o(i.UsageFault_Handler)
    _sys_exit                                0x080014f9   Thumb Code     2  usart.o(i._sys_exit)
    bh1750_task                              0x080014fd   Thumb Code    26  main.o(i.bh1750_task)
    delay_init                               0x0800151d   Thumb Code    50  delay.o(i.delay_init)
    delay_ms                                 0x08001555   Thumb Code    52  delay.o(i.delay_ms)
    delay_us                                 0x0800158d   Thumb Code    48  delay.o(i.delay_us)
    fputc                                    0x080015c1   Thumb Code    14  usart.o(i.fputc)
    lcd_task                                 0x080015d5   Thumb Code    82  main.o(i.lcd_task)
    main                                     0x0800162d   Thumb Code   176  main.o(i.main)
    mypow                                    0x08001725   Thumb Code    16  lcd.o(i.mypow)
    pvPortMalloc                             0x08001f99   Thumb Code   214  heap_4.o(i.pvPortMalloc)
    pvTaskIncrementMutexHeldCount            0x080020ad   Thumb Code    18  tasks.o(i.pvTaskIncrementMutexHeldCount)
    pxPortInitialiseStack                    0x080020c5   Thumb Code    40  port.o(i.pxPortInitialiseStack)
    start_task                               0x080020f1   Thumb Code    66  main.o(i.start_task)
    uxListRemove                             0x08002159   Thumb Code    36  list.o(i.uxListRemove)
    vListInitialise                          0x0800217d   Thumb Code    22  list.o(i.vListInitialise)
    vListInitialiseItem                      0x08002193   Thumb Code     6  list.o(i.vListInitialiseItem)
    vListInsert                              0x08002199   Thumb Code    48  list.o(i.vListInsert)
    vListInsertEnd                           0x080021c9   Thumb Code    24  list.o(i.vListInsertEnd)
    vPortEnterCritical                       0x080021e1   Thumb Code    50  port.o(i.vPortEnterCritical)
    vPortExitCritical                        0x08002259   Thumb Code    34  port.o(i.vPortExitCritical)
    vPortFree                                0x080022bd   Thumb Code    94  heap_4.o(i.vPortFree)
    vPortSetupTimerInterrupt                 0x08002359   Thumb Code    26  port.o(i.vPortSetupTimerInterrupt)
    vPortValidateInterruptPriority           0x08002379   Thumb Code    70  port.o(i.vPortValidateInterruptPriority)
    vQueueAddToRegistry                      0x08002405   Thumb Code    32  queue.o(i.vQueueAddToRegistry)
    vQueueWaitForMessageRestricted           0x08002429   Thumb Code    68  queue.o(i.vQueueWaitForMessageRestricted)
    vTaskDelay                               0x0800246d   Thumb Code    62  tasks.o(i.vTaskDelay)
    vTaskDelete                              0x080024d9   Thumb Code   152  tasks.o(i.vTaskDelete)
    vTaskMissedYield                         0x080025a5   Thumb Code     8  tasks.o(i.vTaskMissedYield)
    vTaskPlaceOnEventList                    0x080025b1   Thumb Code    44  tasks.o(i.vTaskPlaceOnEventList)
    vTaskPlaceOnEventListRestricted          0x08002605   Thumb Code    52  tasks.o(i.vTaskPlaceOnEventListRestricted)
    vTaskPriorityInherit                     0x08002661   Thumb Code   124  tasks.o(i.vTaskPriorityInherit)
    vTaskSetTimeOutState                     0x080026e5   Thumb Code    30  tasks.o(i.vTaskSetTimeOutState)
    vTaskStartScheduler                      0x0800272d   Thumb Code    96  tasks.o(i.vTaskStartScheduler)
    vTaskSuspendAll                          0x080027c1   Thumb Code    10  tasks.o(i.vTaskSuspendAll)
    vTaskSwitchContext                       0x080027d1   Thumb Code    80  tasks.o(i.vTaskSwitchContext)
    xPortStartScheduler                      0x0800284d   Thumb Code   196  port.o(i.xPortStartScheduler)
    xPortSysTickHandler                      0x08002961   Thumb Code    38  port.o(i.xPortSysTickHandler)
    xQueueGenericCreate                      0x0800298d   Thumb Code    82  queue.o(i.xQueueGenericCreate)
    xQueueGenericReceive                     0x08002a05   Thumb Code   348  queue.o(i.xQueueGenericReceive)
    xQueueGenericReset                       0x08002b89   Thumb Code   128  queue.o(i.xQueueGenericReset)
    xQueueGenericSend                        0x08002c31   Thumb Code   350  queue.o(i.xQueueGenericSend)
    xQueueGenericSendFromISR                 0x08002db9   Thumb Code   188  queue.o(i.xQueueGenericSendFromISR)
    xTaskCheckForTimeOut                     0x08002e99   Thumb Code    94  tasks.o(i.xTaskCheckForTimeOut)
    xTaskCreate                              0x08002f21   Thumb Code    86  tasks.o(i.xTaskCreate)
    xTaskGetSchedulerState                   0x08002f79   Thumb Code    22  tasks.o(i.xTaskGetSchedulerState)
    xTaskGetTickCount                        0x08002f95   Thumb Code     6  tasks.o(i.xTaskGetTickCount)
    xTaskIncrementTick                       0x08002fa1   Thumb Code   188  tasks.o(i.xTaskIncrementTick)
    xTaskPriorityDisinherit                  0x08003089   Thumb Code   136  tasks.o(i.xTaskPriorityDisinherit)
    xTaskRemoveFromEventList                 0x0800313d   Thumb Code   102  tasks.o(i.xTaskRemoveFromEventList)
    xTaskResumeAll                           0x080031d5   Thumb Code   180  tasks.o(i.xTaskResumeAll)
    xTimerCreate                             0x080032b9   Thumb Code    74  timers.o(i.xTimerCreate)
    xTimerCreateTimerTask                    0x0800332d   Thumb Code    58  timers.o(i.xTimerCreateTimerTask)
    xTimerGenericCommand                     0x080033a1   Thumb Code    98  timers.o(i.xTimerGenericCommand)
    __aeabi_ddiv                             0x08003431   Thumb Code     0  ddiv.o(x$fpl$ddiv)
    _ddiv                                    0x08003431   Thumb Code   552  ddiv.o(x$fpl$ddiv)
    __aeabi_d2iz                             0x080036e1   Thumb Code     0  dfix.o(x$fpl$dfix)
    _dfix                                    0x080036e1   Thumb Code    94  dfix.o(x$fpl$dfix)
    __aeabi_ui2d                             0x0800373f   Thumb Code     0  dflt_clz.o(x$fpl$dfltu)
    _dfltu                                   0x0800373f   Thumb Code    38  dflt_clz.o(x$fpl$dfltu)
    __fpl_dnaninf                            0x08003765   Thumb Code   156  dnaninf.o(x$fpl$dnaninf)
    __fpl_dretinf                            0x08003801   Thumb Code    12  dretinf.o(x$fpl$dretinf)
    _fp_init                                 0x0800380d   Thumb Code    10  fpinit.o(x$fpl$fpinit)
    __fplib_config_fpu_vfp                   0x08003815   Thumb Code     0  fpinit.o(x$fpl$fpinit)
    __fplib_config_pureend_doubles           0x08003815   Thumb Code     0  fpinit.o(x$fpl$fpinit)
    __I$use$fp                               0x08003816   Number         0  usenofp.o(x$fpl$usenofp)
    ascii_1206                               0x08003816   Data        1140  lcd.o(.constdata)
    ascii_1608                               0x08003c8a   Data        1520  lcd.o(.constdata)
    ascii_2412                               0x0800427a   Data        4560  lcd.o(.constdata)
    ascii_3216                               0x0800544a   Data        6080  lcd.o(.constdata)
    Region$$Table$$Base                      0x08006c0c   Number         0  anon$$obj.o(Region$$Table)
    Region$$Table$$Limit                     0x08006c2c   Number         0  anon$$obj.o(Region$$Table)
    temp                                     0x20000000   Data           1  main.o(.data)
    humi                                     0x20000001   Data           1  main.o(.data)
    result_lux                               0x20000004   Data           4  main.o(.data)
    StartTask_Handler                        0x20000008   Data           4  main.o(.data)
    BH1750Task_Handler                       0x2000000c   Data           4  main.o(.data)
    LCDTask_Handler                          0x20000010   Data           4  main.o(.data)
    SystemCoreClock                          0x20000014   Data           4  system_stm32f4xx.o(.data)
    AHBPrescTable                            0x20000018   Data          16  system_stm32f4xx.o(.data)
    BUF                                      0x20000028   Data           2  bh1750.o(.data)
    result                                   0x2000002a   Data           2  bh1750.o(.data)
    result_lx                                0x2000002c   Data           4  bh1750.o(.data)
    USART_RX_STA                             0x20000034   Data           2  usart.o(.data)
    __stdout                                 0x20000038   Data           4  usart.o(.data)
    pxCurrentTCB                             0x2000003c   Data           4  tasks.o(.data)
    USART_RX_BUF                             0x200000b0   Data         200  usart.o(.bss)
    xQueueRegistry                           0x20000178   Data          64  queue.o(.bss)
    __libspace_start                         0x200054c4   Data          96  libspace.o(.bss)
    __temporary_stack_top$libspace           0x20005524   Data           0  libspace.o(.bss)



==============================================================================

Memory Map of the image

  Image Entry point : 0x08000189

  Load Region LR_IROM1 (Base: 0x08000000, Size: 0x00006cdc, Max: 0x00100000, ABSOLUTE)

    Execution Region ER_IROM1 (Base: 0x08000000, Size: 0x00006c2c, Max: 0x00100000, ABSOLUTE)

    Base Addr    Size         Type   Attr      Idx    E Section Name        Object

    0x08000000   0x00000188   Data   RO          786    RESET               startup_stm32f40_41xxx.o
    0x08000188   0x00000008   Code   RO         2824  * !!!main             c_w.l(__main.o)
    0x08000190   0x00000034   Code   RO         3021    !!!scatter          c_w.l(__scatter.o)
    0x080001c4   0x0000001a   Code   RO         3023    !!handler_copy      c_w.l(__scatter_copy.o)
    0x080001de   0x00000002   PAD
    0x080001e0   0x0000001c   Code   RO         3025    !!handler_zi        c_w.l(__scatter_zi.o)
    0x080001fc   0x00000000   Code   RO         2813    .ARM.Collect$$_printf_percent$$00000000  c_w.l(_printf_percent.o)
    0x080001fc   0x00000006   Code   RO         2811    .ARM.Collect$$_printf_percent$$00000009  c_w.l(_printf_d.o)
    0x08000202   0x00000006   Code   RO         2810    .ARM.Collect$$_printf_percent$$00000014  c_w.l(_printf_s.o)
    0x08000208   0x00000004   Code   RO         2853    .ARM.Collect$$_printf_percent$$00000017  c_w.l(_printf_percent_end.o)
    0x0800020c   0x00000002   Code   RO         2895    .ARM.Collect$$libinit$$00000000  c_w.l(libinit.o)
    0x0800020e   0x00000004   Code   RO         2901    .ARM.Collect$$libinit$$00000001  c_w.l(libinit2.o)
    0x08000212   0x00000000   Code   RO         2904    .ARM.Collect$$libinit$$00000004  c_w.l(libinit2.o)
    0x08000212   0x00000000   Code   RO         2907    .ARM.Collect$$libinit$$0000000A  c_w.l(libinit2.o)
    0x08000212   0x00000000   Code   RO         2909    .ARM.Collect$$libinit$$0000000C  c_w.l(libinit2.o)
    0x08000212   0x00000000   Code   RO         2911    .ARM.Collect$$libinit$$0000000E  c_w.l(libinit2.o)
    0x08000212   0x00000000   Code   RO         2914    .ARM.Collect$$libinit$$00000011  c_w.l(libinit2.o)
    0x08000212   0x00000000   Code   RO         2916    .ARM.Collect$$libinit$$00000013  c_w.l(libinit2.o)
    0x08000212   0x00000000   Code   RO         2918    .ARM.Collect$$libinit$$00000015  c_w.l(libinit2.o)
    0x08000212   0x00000000   Code   RO         2920    .ARM.Collect$$libinit$$00000017  c_w.l(libinit2.o)
    0x08000212   0x00000000   Code   RO         2922    .ARM.Collect$$libinit$$00000019  c_w.l(libinit2.o)
    0x08000212   0x00000000   Code   RO         2924    .ARM.Collect$$libinit$$0000001B  c_w.l(libinit2.o)
    0x08000212   0x00000000   Code   RO         2926    .ARM.Collect$$libinit$$0000001D  c_w.l(libinit2.o)
    0x08000212   0x00000000   Code   RO         2928    .ARM.Collect$$libinit$$0000001F  c_w.l(libinit2.o)
    0x08000212   0x00000000   Code   RO         2930    .ARM.Collect$$libinit$$00000021  c_w.l(libinit2.o)
    0x08000212   0x00000000   Code   RO         2932    .ARM.Collect$$libinit$$00000023  c_w.l(libinit2.o)
    0x08000212   0x00000000   Code   RO         2934    .ARM.Collect$$libinit$$00000025  c_w.l(libinit2.o)
    0x08000212   0x00000000   Code   RO         2938    .ARM.Collect$$libinit$$0000002C  c_w.l(libinit2.o)
    0x08000212   0x00000000   Code   RO         2940    .ARM.Collect$$libinit$$0000002E  c_w.l(libinit2.o)
    0x08000212   0x00000000   Code   RO         2942    .ARM.Collect$$libinit$$00000030  c_w.l(libinit2.o)
    0x08000212   0x00000000   Code   RO         2944    .ARM.Collect$$libinit$$00000032  c_w.l(libinit2.o)
    0x08000212   0x00000002   Code   RO         2945    .ARM.Collect$$libinit$$00000033  c_w.l(libinit2.o)
    0x08000214   0x00000002   Code   RO         2963    .ARM.Collect$$libshutdown$$00000000  c_w.l(libshutdown.o)
    0x08000216   0x00000000   Code   RO         2973    .ARM.Collect$$libshutdown$$00000002  c_w.l(libshutdown2.o)
    0x08000216   0x00000000   Code   RO         2975    .ARM.Collect$$libshutdown$$00000004  c_w.l(libshutdown2.o)
    0x08000216   0x00000000   Code   RO         2978    .ARM.Collect$$libshutdown$$00000007  c_w.l(libshutdown2.o)
    0x08000216   0x00000000   Code   RO         2981    .ARM.Collect$$libshutdown$$0000000A  c_w.l(libshutdown2.o)
    0x08000216   0x00000000   Code   RO         2983    .ARM.Collect$$libshutdown$$0000000C  c_w.l(libshutdown2.o)
    0x08000216   0x00000000   Code   RO         2986    .ARM.Collect$$libshutdown$$0000000F  c_w.l(libshutdown2.o)
    0x08000216   0x00000002   Code   RO         2987    .ARM.Collect$$libshutdown$$00000010  c_w.l(libshutdown2.o)
    0x08000218   0x00000000   Code   RO         2842    .ARM.Collect$$rtentry$$00000000  c_w.l(__rtentry.o)
    0x08000218   0x00000000   Code   RO         2864    .ARM.Collect$$rtentry$$00000002  c_w.l(__rtentry2.o)
    0x08000218   0x00000006   Code   RO         2876    .ARM.Collect$$rtentry$$00000004  c_w.l(__rtentry4.o)
    0x0800021e   0x00000000   Code   RO         2866    .ARM.Collect$$rtentry$$00000009  c_w.l(__rtentry2.o)
    0x0800021e   0x00000004   Code   RO         2867    .ARM.Collect$$rtentry$$0000000A  c_w.l(__rtentry2.o)
    0x08000222   0x00000000   Code   RO         2869    .ARM.Collect$$rtentry$$0000000C  c_w.l(__rtentry2.o)
    0x08000222   0x00000008   Code   RO         2870    .ARM.Collect$$rtentry$$0000000D  c_w.l(__rtentry2.o)
    0x0800022a   0x00000002   Code   RO         2899    .ARM.Collect$$rtexit$$00000000  c_w.l(rtexit.o)
    0x0800022c   0x00000000   Code   RO         2947    .ARM.Collect$$rtexit$$00000002  c_w.l(rtexit2.o)
    0x0800022c   0x00000004   Code   RO         2948    .ARM.Collect$$rtexit$$00000003  c_w.l(rtexit2.o)
    0x08000230   0x00000006   Code   RO         2949    .ARM.Collect$$rtexit$$00000004  c_w.l(rtexit2.o)
    0x08000236   0x00000002   PAD
    0x08000238   0x000000b6   Code   RO         2631    .emb_text           port.o
    0x080002ee   0x00000002   PAD
    0x080002f0   0x00000040   Code   RO          787    .text               startup_stm32f40_41xxx.o
    0x08000330   0x00000002   Code   RO         2773    .text               c_w.l(use_no_semi_2.o)
    0x08000332   0x00000002   PAD
    0x08000334   0x00000018   Code   RO         2779    .text               c_w.l(noretval__2printf.o)
    0x0800034c   0x00000068   Code   RO         2783    .text               c_w.l(__printf.o)
    0x080003b4   0x00000052   Code   RO         2785    .text               c_w.l(_printf_str.o)
    0x08000406   0x00000002   PAD
    0x08000408   0x00000078   Code   RO         2787    .text               c_w.l(_printf_dec.o)
    0x08000480   0x0000008a   Code   RO         2818    .text               c_w.l(rt_memcpy_v6.o)
    0x0800050a   0x00000010   Code   RO         2820    .text               c_w.l(aeabi_memset.o)
    0x0800051a   0x00000006   Code   RO         2822    .text               c_w.l(heapauxi.o)
    0x08000520   0x00000002   Code   RO         2840    .text               c_w.l(use_no_semi.o)
    0x08000522   0x000000b2   Code   RO         2843    .text               c_w.l(_printf_intcommon.o)
    0x080005d4   0x00000030   Code   RO         2845    .text               c_w.l(_printf_char_common.o)
    0x08000604   0x0000002c   Code   RO         2849    .text               c_w.l(_printf_char.o)
    0x08000630   0x00000024   Code   RO         2851    .text               c_w.l(_printf_char_file.o)
    0x08000654   0x00000064   Code   RO         2854    .text               c_w.l(rt_memcpy_w.o)
    0x080006b8   0x00000044   Code   RO         2856    .text               c_w.l(rt_memclr.o)
    0x080006fc   0x00000008   Code   RO         2880    .text               c_w.l(ferror.o)
    0x08000704   0x0000004e   Code   RO         2884    .text               c_w.l(rt_memclr_w.o)
    0x08000752   0x0000004a   Code   RO         2886    .text               c_w.l(sys_stackheap_outer.o)
    0x0800079c   0x00000012   Code   RO         2888    .text               c_w.l(exit.o)
    0x080007ae   0x00000002   PAD
    0x080007b0   0x00000008   Code   RO         2896    .text               c_w.l(libspace.o)
    0x080007b8   0x00000002   Code   RO          213    i.BusFault_Handler  stm32f4xx_it.o
    0x080007ba   0x00000032   Code   RO          349    i.Cmd_Write_BH1750  bh1750.o
    0x080007ec   0x00000038   Code   RO          350    i.Convert_BH1750    bh1750.o
    0x08000824   0x00000060   Code   RO          609    i.DHT11_Check       dht11.o
    0x08000884   0x0000003c   Code   RO          610    i.DHT11_Init        dht11.o
    0x080008c0   0x0000004c   Code   RO          611    i.DHT11_Read_Bit    dht11.o
    0x0800090c   0x0000001a   Code   RO          612    i.DHT11_Read_Byte   dht11.o
    0x08000926   0x00000050   Code   RO          613    i.DHT11_Read_Data   dht11.o
    0x08000976   0x00000002   PAD
    0x08000978   0x0000003c   Code   RO          614    i.DHT11_Rst         dht11.o
    0x080009b4   0x00000002   Code   RO          214    i.DebugMon_Handler  stm32f4xx_it.o
    0x080009b6   0x00000078   Code   RO          838    i.GPIO_Init         stm32f4xx_gpio.o
    0x08000a2e   0x00000004   Code   RO          845    i.GPIO_ResetBits    stm32f4xx_gpio.o
    0x08000a32   0x00000004   Code   RO          846    i.GPIO_SetBits      stm32f4xx_gpio.o
    0x08000a36   0x00000002   Code   RO          215    i.HardFault_Handler  stm32f4xx_it.o
    0x08000a38   0x00000040   Code   RO          402    i.IIC_Ack           myiic.o
    0x08000a78   0x00000040   Code   RO          403    i.IIC_Init          myiic.o
    0x08000ab8   0x00000040   Code   RO          404    i.IIC_NAck          myiic.o
    0x08000af8   0x00000068   Code   RO          405    i.IIC_Read_Byte     myiic.o
    0x08000b60   0x00000060   Code   RO          406    i.IIC_Send_Byte     myiic.o
    0x08000bc0   0x00000040   Code   RO          407    i.IIC_Start         myiic.o
    0x08000c00   0x00000044   Code   RO          408    i.IIC_Stop          myiic.o
    0x08000c44   0x00000054   Code   RO          409    i.IIC_Wait_Ack      myiic.o
    0x08000c98   0x00000042   Code   RO          555    i.LCD_Address_Set   lcd_init.o
    0x08000cda   0x00000016   Code   RO          466    i.LCD_DrawPoint     lcd.o
    0x08000cf0   0x0000003e   Code   RO          468    i.LCD_Fill          lcd.o
    0x08000d2e   0x00000002   PAD
    0x08000d30   0x000000a0   Code   RO          556    i.LCD_GPIO_Init     lcd_init.o
    0x08000dd0   0x00000200   Code   RO          557    i.LCD_Init          lcd_init.o
    0x08000fd0   0x00000110   Code   RO          469    i.LCD_ShowChar      lcd.o
    0x080010e0   0x0000007e   Code   RO          471    i.LCD_ShowIntNum    lcd.o
    0x0800115e   0x0000003a   Code   RO          473    i.LCD_ShowString    lcd.o
    0x08001198   0x00000014   Code   RO          558    i.LCD_WR_DATA       lcd_init.o
    0x080011ac   0x00000028   Code   RO          560    i.LCD_WR_REG        lcd_init.o
    0x080011d4   0x0000005c   Code   RO          561    i.LCD_Writ_Bus      lcd_init.o
    0x08001230   0x00000040   Code   RO          329    i.LED_Init          led.o
    0x08001270   0x00000002   Code   RO          216    i.MemManage_Handler  stm32f4xx_it.o
    0x08001272   0x00000002   Code   RO          217    i.NMI_Handler       stm32f4xx_it.o
    0x08001274   0x00000014   Code   RO          794    i.NVIC_PriorityGroupConfig  misc.o
    0x08001288   0x00000018   Code   RO          935    i.RCC_AHB1PeriphClockCmd  stm32f4xx_rcc.o
    0x080012a0   0x00000038   Code   RO          351    i.Read_BH1750       bh1750.o
    0x080012d8   0x000000b4   Code   RO          292    i.SetSysClock       system_stm32f4xx.o
    0x0800138c   0x00000018   Code   RO          353    i.Start_BH1750      bh1750.o
    0x080013a4   0x00000018   Code   RO          797    i.SysTick_CLKSourceConfig  misc.o
    0x080013bc   0x00000014   Code   RO          659    i.SysTick_Handler   delay.o
    0x080013d0   0x0000005c   Code   RO          294    i.SystemInit        system_stm32f4xx.o
    0x0800142c   0x00000020   Code   RO          354    i.TaskBH1750        bh1750.o
    0x0800144c   0x00000064   Code   RO          733    i.USART1_IRQHandler  usart.o
    0x080014b0   0x0000003e   Code   RO         1333    i.USART_GetITStatus  stm32f4xx_usart.o
    0x080014ee   0x00000008   Code   RO         1343    i.USART_ReceiveData  stm32f4xx_usart.o
    0x080014f6   0x00000002   Code   RO          218    i.UsageFault_Handler  stm32f4xx_it.o
    0x080014f8   0x00000002   Code   RO          734    i._sys_exit         usart.o
    0x080014fa   0x00000002   PAD
    0x080014fc   0x00000020   Code   RO            3    i.bh1750_task       main.o
    0x0800151c   0x00000038   Code   RO          660    i.delay_init        delay.o
    0x08001554   0x00000038   Code   RO          661    i.delay_ms          delay.o
    0x0800158c   0x00000034   Code   RO          662    i.delay_us          delay.o
    0x080015c0   0x00000014   Code   RO          735    i.fputc             usart.o
    0x080015d4   0x00000058   Code   RO            4    i.lcd_task          main.o
    0x0800162c   0x000000f8   Code   RO            5    i.main              main.o
    0x08001724   0x00000010   Code   RO          474    i.mypow             lcd.o
    0x08001734   0x00000070   Code   RO         2150    i.prvAddCurrentTaskToDelayedList  tasks.o
    0x080017a4   0x000000d0   Code   RO         2151    i.prvAddNewTaskToReadyList  tasks.o
    0x08001874   0x00000050   Code   RO         2503    i.prvCheckForValidListAndQueue  timers.o
    0x080018c4   0x00000054   Code   RO         2152    i.prvCheckTasksWaitingTermination  tasks.o
    0x08001918   0x00000026   Code   RO         1921    i.prvCopyDataFromQueue  queue.o
    0x0800193e   0x0000006c   Code   RO         1922    i.prvCopyDataToQueue  queue.o
    0x080019aa   0x00000014   Code   RO         2153    i.prvDeleteTCB      tasks.o
    0x080019be   0x00000002   PAD
    0x080019c0   0x0000004c   Code   RO         2716    i.prvHeapInit       heap_4.o
    0x08001a0c   0x00000028   Code   RO         2154    i.prvIdleTask       tasks.o
    0x08001a34   0x000000c0   Code   RO         2155    i.prvInitialiseNewTask  tasks.o
    0x08001af4   0x0000004c   Code   RO         2717    i.prvInsertBlockIntoFreeList  heap_4.o
    0x08001b40   0x00000038   Code   RO         2504    i.prvInsertTimerInActiveList  timers.o
    0x08001b78   0x0000001a   Code   RO         1923    i.prvIsQueueEmpty   queue.o
    0x08001b92   0x00000002   PAD
    0x08001b94   0x00000090   Code   RO         1924    i.prvNotifyQueueSetContainer  queue.o
    0x08001c24   0x00000060   Code   RO         2505    i.prvProcessExpiredTimer  timers.o
    0x08001c84   0x000000f0   Code   RO         2506    i.prvProcessReceivedCommands  timers.o
    0x08001d74   0x0000006c   Code   RO         2507    i.prvProcessTimerOrBlockTask  timers.o
    0x08001de0   0x00000020   Code   RO         2157    i.prvResetNextTaskUnblockTime  tasks.o
    0x08001e00   0x00000028   Code   RO         2508    i.prvSampleTimeNow  timers.o
    0x08001e28   0x0000006c   Code   RO         2509    i.prvSwitchTimerLists  timers.o
    0x08001e94   0x00000064   Code   RO         2632    i.prvTaskExitError  port.o
    0x08001ef8   0x00000028   Code   RO         2510    i.prvTimerTask      timers.o
    0x08001f20   0x00000078   Code   RO         1925    i.prvUnlockQueue    queue.o
    0x08001f98   0x00000114   Code   RO         2718    i.pvPortMalloc      heap_4.o
    0x080020ac   0x00000018   Code   RO         2159    i.pvTaskIncrementMutexHeldCount  tasks.o
    0x080020c4   0x0000002c   Code   RO         2633    i.pxPortInitialiseStack  port.o
    0x080020f0   0x00000068   Code   RO            6    i.start_task        main.o
    0x08002158   0x00000024   Code   RO         1876    i.uxListRemove      list.o
    0x0800217c   0x00000016   Code   RO         1877    i.vListInitialise   list.o
    0x08002192   0x00000006   Code   RO         1878    i.vListInitialiseItem  list.o
    0x08002198   0x00000030   Code   RO         1879    i.vListInsert       list.o
    0x080021c8   0x00000018   Code   RO         1880    i.vListInsertEnd    list.o
    0x080021e0   0x00000078   Code   RO         2635    i.vPortEnterCritical  port.o
    0x08002258   0x00000064   Code   RO         2636    i.vPortExitCritical  port.o
    0x080022bc   0x0000009c   Code   RO         2719    i.vPortFree         heap_4.o
    0x08002358   0x00000020   Code   RO         2637    i.vPortSetupTimerInterrupt  port.o
    0x08002378   0x0000008c   Code   RO         2638    i.vPortValidateInterruptPriority  port.o
    0x08002404   0x00000024   Code   RO         1931    i.vQueueAddToRegistry  queue.o
    0x08002428   0x00000044   Code   RO         1935    i.vQueueWaitForMessageRestricted  queue.o
    0x0800246c   0x0000006c   Code   RO         2167    i.vTaskDelay        tasks.o
    0x080024d8   0x000000cc   Code   RO         2169    i.vTaskDelete       tasks.o
    0x080025a4   0x0000000c   Code   RO         2173    i.vTaskMissedYield  tasks.o
    0x080025b0   0x00000054   Code   RO         2175    i.vTaskPlaceOnEventList  tasks.o
    0x08002604   0x0000005c   Code   RO         2176    i.vTaskPlaceOnEventListRestricted  tasks.o
    0x08002660   0x00000084   Code   RO         2178    i.vTaskPriorityInherit  tasks.o
    0x080026e4   0x00000048   Code   RO         2182    i.vTaskSetTimeOutState  tasks.o
    0x0800272c   0x00000094   Code   RO         2183    i.vTaskStartScheduler  tasks.o
    0x080027c0   0x00000010   Code   RO         2185    i.vTaskSuspendAll   tasks.o
    0x080027d0   0x0000007c   Code   RO         2186    i.vTaskSwitchContext  tasks.o
    0x0800284c   0x00000114   Code   RO         2639    i.xPortStartScheduler  port.o
    0x08002960   0x0000002c   Code   RO         2640    i.xPortSysTickHandler  port.o
    0x0800298c   0x00000078   Code   RO         1940    i.xQueueGenericCreate  queue.o
    0x08002a04   0x00000184   Code   RO         1941    i.xQueueGenericReceive  queue.o
    0x08002b88   0x000000a8   Code   RO         1942    i.xQueueGenericReset  queue.o
    0x08002c30   0x00000188   Code   RO         1943    i.xQueueGenericSend  queue.o
    0x08002db8   0x000000e0   Code   RO         1944    i.xQueueGenericSendFromISR  queue.o
    0x08002e98   0x00000088   Code   RO         2187    i.xTaskCheckForTimeOut  tasks.o
    0x08002f20   0x00000056   Code   RO         2188    i.xTaskCreate       tasks.o
    0x08002f76   0x00000002   PAD
    0x08002f78   0x0000001c   Code   RO         2192    i.xTaskGetSchedulerState  tasks.o
    0x08002f94   0x0000000c   Code   RO         2193    i.xTaskGetTickCount  tasks.o
    0x08002fa0   0x000000e8   Code   RO         2195    i.xTaskIncrementTick  tasks.o
    0x08003088   0x000000b4   Code   RO         2198    i.xTaskPriorityDisinherit  tasks.o
    0x0800313c   0x00000098   Code   RO         2199    i.xTaskRemoveFromEventList  tasks.o
    0x080031d4   0x000000e4   Code   RO         2201    i.xTaskResumeAll    tasks.o
    0x080032b8   0x00000074   Code   RO         2513    i.xTimerCreate      timers.o
    0x0800332c   0x00000074   Code   RO         2514    i.xTimerCreateTimerTask  timers.o
    0x080033a0   0x00000090   Code   RO         2515    i.xTimerGenericCommand  timers.o
    0x08003430   0x000002b0   Code   RO         2827    x$fpl$ddiv          fz_wm.l(ddiv.o)
    0x080036e0   0x0000005e   Code   RO         2830    x$fpl$dfix          fz_wm.l(dfix.o)
    0x0800373e   0x00000026   Code   RO         2834    x$fpl$dfltu         fz_wm.l(dflt_clz.o)
    0x08003764   0x0000009c   Code   RO         2858    x$fpl$dnaninf       fz_wm.l(dnaninf.o)
    0x08003800   0x0000000c   Code   RO         2860    x$fpl$dretinf       fz_wm.l(dretinf.o)
    0x0800380c   0x0000000a   Code   RO         2955    x$fpl$fpinit        fz_wm.l(fpinit.o)
    0x08003816   0x00000000   Code   RO         2862    x$fpl$usenofp       fz_wm.l(usenofp.o)
    0x08003816   0x000033f4   Data   RO          475    .constdata          lcd.o
    0x08006c0a   0x00000002   PAD
    0x08006c0c   0x00000020   Data   RO         3019    Region$$Table       anon$$obj.o


    Execution Region RW_IRAM1 (Base: 0x20000000, Size: 0x00005b28, Max: 0x00020000, ABSOLUTE)

    Base Addr    Size         Type   Attr      Idx    E Section Name        Object

    0x20000000   0x00000014   Data   RW            7    .data               main.o
    0x20000014   0x00000014   Data   RW          295    .data               system_stm32f4xx.o
    0x20000028   0x00000008   Data   RW          355    .data               bh1750.o
    0x20000030   0x00000004   Data   RW          664    .data               delay.o
    0x20000034   0x00000002   Data   RW          738    .data               usart.o
    0x20000036   0x00000002   PAD
    0x20000038   0x00000004   Data   RW          739    .data               usart.o
    0x2000003c   0x0000003c   Data   RW         2204    .data               tasks.o
    0x20000078   0x00000014   Data   RW         2523    .data               timers.o
    0x2000008c   0x0000000c   Data   RW         2641    .data               port.o
    0x20000098   0x00000018   Data   RW         2724    .data               heap_4.o
    0x200000b0   0x000000c8   Zero   RW          737    .bss                usart.o
    0x20000178   0x00000040   Zero   RW         1955    .bss                queue.o
    0x200001b8   0x000002e4   Zero   RW         2203    .bss                tasks.o
    0x2000049c   0x00000028   Zero   RW         2522    .bss                timers.o
    0x200004c4   0x00005000   Zero   RW         2723    .bss                heap_4.o
    0x200054c4   0x00000060   Zero   RW         2897    .bss                c_w.l(libspace.o)
    0x20005524   0x00000004   PAD
    0x20005528   0x00000200   Zero   RW          785    HEAP                startup_stm32f40_41xxx.o
    0x20005728   0x00000400   Zero   RW          784    STACK               startup_stm32f40_41xxx.o


==============================================================================

Image component sizes


      Code (inc. data)   RO Data    RW Data    ZI Data      Debug   Object Name

       218         24          0          8          0       3297   bh1750.o
       184         14          0          4          0       2477   delay.o
       398         28          0          0          0       4040   dht11.o
         0          0          0          0          0      11664   event_groups.o
       584        138          0         24      20480       3991   heap_4.o
       556         18      13300          0          0       6332   lcd.o
       890         34          0          0          0       6306   lcd_init.o
        64          6          0          0          0        519   led.o
       136          0          0          0          0       3058   list.o
       472        122          0         20          0     257225   main.o
        44         10          0          0          0       1053   misc.o
       608         70          0          0          0       4470   myiic.o
      1038        382          0         12          0      10569   port.o
      1832        236          0          0         64      15517   queue.o
        64         26        392          0       1536        824   startup_stm32f40_41xxx.o
       128          0          0          0          0       2108   stm32f4xx_gpio.o
        12          0          0          0          0       2569   stm32f4xx_it.o
        24          6          0          0          0        585   stm32f4xx_rcc.o
        70          0          0          0          0       2016   stm32f4xx_usart.o
       272         36          0         20          0       1673   system_stm32f4xx.o
      2758        670          0         60        740      29151   tasks.o
      1144        260          0         20         40       9714   timers.o
       122         18          0          6        200       3456   usart.o

    ----------------------------------------------------------------------
     11632       2098      13726        176      23060     382614   Object Totals
         0          0         32          0          0          0   (incl. Generated)
        14          0          2          2          0          0   (incl. Padding)

    ----------------------------------------------------------------------

      Code (inc. data)   RO Data    RW Data    ZI Data      Debug   Library Member Name

         8          0          0          0          0         68   __main.o
       104          0          0          0          0         84   __printf.o
         0          0          0          0          0          0   __rtentry.o
        12          0          0          0          0          0   __rtentry2.o
         6          0          0          0          0          0   __rtentry4.o
        52          8          0          0          0          0   __scatter.o
        26          0          0          0          0          0   __scatter_copy.o
        28          0          0          0          0          0   __scatter_zi.o
        44          0          0          0          0        108   _printf_char.o
        48          6          0          0          0         96   _printf_char_common.o
        36          4          0          0          0         80   _printf_char_file.o
         6          0          0          0          0          0   _printf_d.o
       120         16          0          0          0         92   _printf_dec.o
       178          0          0          0          0         88   _printf_intcommon.o
         0          0          0          0          0          0   _printf_percent.o
         4          0          0          0          0          0   _printf_percent_end.o
         6          0          0          0          0          0   _printf_s.o
        82          0          0          0          0         80   _printf_str.o
        16          0          0          0          0         68   aeabi_memset.o
        18          0          0          0          0         80   exit.o
         8          0          0          0          0         68   ferror.o
         6          0          0          0          0        152   heapauxi.o
         2          0          0          0          0          0   libinit.o
         6          0          0          0          0          0   libinit2.o
         2          0          0          0          0          0   libshutdown.o
         2          0          0          0          0          0   libshutdown2.o
         8          4          0          0         96         68   libspace.o
        24          4          0          0          0         84   noretval__2printf.o
        68          0          0          0          0         68   rt_memclr.o
        78          0          0          0          0         80   rt_memclr_w.o
       138          0          0          0          0         68   rt_memcpy_v6.o
       100          0          0          0          0         80   rt_memcpy_w.o
         2          0          0          0          0          0   rtexit.o
        10          0          0          0          0          0   rtexit2.o
        74          0          0          0          0         80   sys_stackheap_outer.o
         2          0          0          0          0         68   use_no_semi.o
         2          0          0          0          0         68   use_no_semi_2.o
       688        140          0          0          0        256   ddiv.o
        94          4          0          0          0        140   dfix.o
        38          0          0          0          0        116   dflt_clz.o
       156          4          0          0          0        140   dnaninf.o
        12          0          0          0          0        116   dretinf.o
        10          0          0          0          0        116   fpinit.o
         0          0          0          0          0          0   usenofp.o

    ----------------------------------------------------------------------
      2334        190          0          0        100       2612   Library Totals
        10          0          0          0          4          0   (incl. Padding)

    ----------------------------------------------------------------------

      Code (inc. data)   RO Data    RW Data    ZI Data      Debug   Library Name

      1326         42          0          0         96       1728   c_w.l
       998        148          0          0          0        884   fz_wm.l

    ----------------------------------------------------------------------
      2334        190          0          0        100       2612   Library Totals

    ----------------------------------------------------------------------

==============================================================================


      Code (inc. data)   RO Data    RW Data    ZI Data      Debug   

     13966       2288      13726        176      23160     371942   Grand Totals
     13966       2288      13726        176      23160     371942   ELF Image Totals
     13966       2288      13726        176          0          0   ROM Totals

==============================================================================

    Total RO  Size (Code + RO Data)                27692 (  27.04kB)
    Total RW  Size (RW Data + ZI Data)             23336 (  22.79kB)
    Total ROM Size (Code + RO Data + RW Data)      27868 (  27.21kB)

==============================================================================

