<html>
<body>
<pre>
<h1>µVision Build Log</h1>
<h2>Tool Versions:</h2>
IDE-Version: ¦ÌVision V5.23.0.0
Copyright (C) 2017 ARM Ltd and ARM Germany GmbH. All rights reserved.
License Information: Weijia Yan, SSDUT, LIC=PE7GK-Z2XZS-QDDKD-8CZH1-FA8N8-D7DFU
 
Tool Versions:
Toolchain:       MDK-ARM Plus  Version: 5.23
Toolchain Path:  C:\Keil_v5\ARM\ARMCC\Bin
C Compiler:      Armcc.exe V5.06 update 4 (build 422)
Assembler:       Armasm.exe V5.06 update 4 (build 422)
Linker/Locator:  ArmLink.exe V5.06 update 4 (build 422)
Library Manager: ArmAr.exe V5.06 update 4 (build 422)
Hex Converter:   FromElf.exe V5.06 update 4 (build 422)
CPU DLL:         SARMCM3.DLL V5.23
Dialog DLL:      DCM.DLL V1.15.0.0
Target DLL:      STLink\ST-LINKIII-KEIL_SWO.dll V2.0.18.0
Dialog DLL:      TCM.DLL V1.27.0.0
 
<h2>Project:</h2>
C:\Users\YWJ\Desktop\TEST_C_q16\USER\WORKS_PLAN_C.uvprojx
Project File Date:  07/02/2023

<h2>Output:</h2>
*** Using Compiler 'V5.06 update 4 (build 422)', folder: 'C:\Keil_v5\ARM\ARMCC\Bin'
Rebuild target 'WORKS_PLAN_C'
compiling myiic.c...
compiling rtc.c...
compiling main.c...
main.c(31): warning:  #68-D: integer conversion resulted in a change of sign
  u8 key_ = -1;  //¼ÇÂ¼°´¼ü×´Ì¬
main.c(260): warning:  #167-D: argument of type "u8 *" is incompatible with parameter of type "char *"
  				  if(ESP_STABLE == 
ALSE && COMMAND_JUDGE(USART_RX_BUF, J1) == TRUE) 
main.c(267): warning:  #167-D: argument of type "u8 *" is incompatible with parameter of type "char *"
  				  if(COMMAND_JUDGE(USART_RX_BUF, JD1) == TRUE)
main.c(274): warning:  #167-D: argument of type "u8 *" is incompatible with parameter of type "char *"
  				  if(COMMAND_JUDGE(USART_RX_BUF, JD2) == TRUE)
main.c(228): warning:  #177-D: variable "t"  was declared but never referenced
  	u16 t = 0;
main.c(339): warning:  #167-D: argument of type "char *" is incompatible with parameter of type "const u8 *"
  				LCD_ShowString(53, 72, TIME_ST, 
IGHTGREEN, 
ARKBLUE, 24, 0);
main.c(356): warning:  #223-D: function "abs" declared implicitly
  			abs(p_int), abs(r_int), abs(y_int), RTC_TimeStruct_2.RTC_Hours, RTC_TimeStruct_2.RTC_Minutes, RTC_TimeStruct_2.RTC_Seconds);
main.c(426): warning:  #1035-D: single-precision operand implicitly converted to double-precision
  		p1 = (int)(51 - 50 * (pitch / 90.0));
main.c(429): warning:  #1035-D: single-precision operand implicitly converted to double-precision
  		y1 = (int)(71 - 70 * (yaw / 180.0));
main.c(437): warning:  #1035-D: single-precision operand implicitly converted to double-precision
  	  ra = (int)(40 * sin(roll / 57.3));
main.c(438): warning:  #1035-D: single-precision operand implicitly converted to double-precision
  	  rb = (int)(40 * cos(roll / 57.3)); 
main.c: 11 warnings, 0 errors
compiling dht11.c...
compiling led.c...
compiling key.c...
compiling system_stm32f4xx.c...
compiling mpu6050.c...
compiling bh1750.c...
compiling stm32f4xx_it.c...
compiling myiic_b.c...
compiling inv_mpu_dmp_motion_driver.c...
assembling startup_stm32f40_41xxx.s...
compiling spi.c...
compiling inv_mpu.c...
compiling w25qxx.c...
compiling lcd_init.c...
compiling lcd.c...
compiling misc.c...
compiling sys.c...
compiling stm32f4xx_gpio.c...
compiling usart.c...
compiling delay.c...
compiling stm32f4xx_rcc.c...
compiling stm32f4xx_usart.c...
compiling stm32f4xx_syscfg.c...
compiling stm32f4xx_i2c.c...
compiling stm32f4xx_flash.c...
compiling stm32f4xx_rtc.c...
compiling stm32f4xx_pwr.c...
compiling stm32f4xx_exti.c...
compiling stm32f4xx_fsmc.c...
compiling stm32f4xx_spi.c...
compiling croutine.c...
compiling event_groups.c...
compiling list.c...
compiling timers.c...
compiling heap_4.c...
compiling queue.c...
compiling port.c...
compiling tasks.c...
linking...
Program Size: Code=38734 RO-data=17522 RW-data=420 ZI-data=27316  
FromELF: creating hex file...
"..\OBJ\WORK_C.axf" - 0 Error(s), 11 Warning(s).

<h2>Collection of Component include folders:</h2>
  .\RTE\_WORKS_PLAN_C
  C:\Keil_v5\ARM\PACK\Keil\STM32F4xx_DFP\2.15.0\Drivers\CMSIS\Device\ST\STM32F4xx\Include

<h2>Collection of Component Files used:</h2>
Build Time Elapsed:  00:00:02
</pre>
</body>
</html>
