Component: ARM Compiler 5.06 update 4 (build 422) Tool: armlink [4d35d2]

==============================================================================

Section Cross References

    main.o(i.bh1750_task) refers to dht11.o(i.DHT11_Read_Data) for DHT11_Read_Data
    main.o(i.bh1750_task) refers to bh1750.o(i.TaskBH1750) for TaskBH1750
    main.o(i.bh1750_task) refers to tasks.o(i.vTaskDelay) for vTaskDelay
    main.o(i.bh1750_task) refers to main.o(.data) for .data
    main.o(i.first_mode) refers to tasks.o(i.vTaskResume) for vTaskResume
    main.o(i.first_mode) refers to lcd_init.o(i.LCD_Init) for LCD_Init
    main.o(i.first_mode) refers to lcd.o(i.LCD_Fill) for LCD_Fill
    main.o(i.first_mode) refers to lcd.o(i.LCD_DrawLine) for LCD_DrawLine
    main.o(i.first_mode) refers to lcd.o(i.LCD_ShowString) for LCD_ShowString
    main.o(i.first_mode) refers to lcd.o(i.LCD_ShowChar) for LCD_ShowChar
    main.o(i.first_mode) refers to main.o(.data) for .data
    main.o(i.flash_task) refers to _printf_pad.o(.text) for _printf_pre_padding
    main.o(i.flash_task) refers to _printf_percent.o(.ARM.Collect$$_printf_percent$$00000000) for _printf_percent
    main.o(i.flash_task) refers to _printf_d.o(.ARM.Collect$$_printf_percent$$00000009) for _printf_d
    main.o(i.flash_task) refers to _printf_dec.o(.text) for _printf_int_dec
    main.o(i.flash_task) refers to stm32f4xx_rtc.o(i.RTC_GetTime) for RTC_GetTime
    main.o(i.flash_task) refers to noretval__2sprintf.o(.text) for __2sprintf
    main.o(i.flash_task) refers to w25qxx.o(i.W25QXX_Write) for W25QXX_Write
    main.o(i.flash_task) refers to tasks.o(i.vTaskDelay) for vTaskDelay
    main.o(i.flash_task) refers to main.o(.data) for .data
    main.o(i.lcd_task) refers to _printf_pad.o(.text) for _printf_pre_padding
    main.o(i.lcd_task) refers to _printf_percent.o(.ARM.Collect$$_printf_percent$$00000000) for _printf_percent
    main.o(i.lcd_task) refers to _printf_d.o(.ARM.Collect$$_printf_percent$$00000009) for _printf_d
    main.o(i.lcd_task) refers to _printf_dec.o(.text) for _printf_int_dec
    main.o(i.lcd_task) refers to lcd.o(i.LCD_ShowChar) for LCD_ShowChar
    main.o(i.lcd_task) refers to lcd.o(i.LCD_ShowIntNum) for LCD_ShowIntNum
    main.o(i.lcd_task) refers to lcd.o(i.LCD_ShowString) for LCD_ShowString
    main.o(i.lcd_task) refers to tasks.o(i.vTaskDelay) for vTaskDelay
    main.o(i.lcd_task) refers to stm32f4xx_rtc.o(i.RTC_GetTime) for RTC_GetTime
    main.o(i.lcd_task) refers to noretval__2sprintf.o(.text) for __2sprintf
    main.o(i.lcd_task) refers to main.o(.data) for .data
    main.o(i.main) refers to misc.o(i.NVIC_PriorityGroupConfig) for NVIC_PriorityGroupConfig
    main.o(i.main) refers to delay.o(i.delay_init) for delay_init
    main.o(i.main) refers to usart.o(i.uart_init) for uart_init
    main.o(i.main) refers to led.o(i.LED_Init) for LED_Init
    main.o(i.main) refers to key.o(i.KEY_Init) for KEY_Init
    main.o(i.main) refers to rtc.o(i.My_RTC_Init) for My_RTC_Init
    main.o(i.main) refers to lcd_init.o(i.LCD_Init) for LCD_Init
    main.o(i.main) refers to lcd.o(i.LCD_Fill) for LCD_Fill
    main.o(i.main) refers to myiic.o(i.IIC_Init) for IIC_Init
    main.o(i.main) refers to myiic.o(i.IIC_Send_Byte) for IIC_Send_Byte
    main.o(i.main) refers to myiic_b.o(i.IIC_B_Init) for IIC_B_Init
    main.o(i.main) refers to inv_mpu.o(i.mpu_dmp_init) for mpu_dmp_init
    main.o(i.main) refers to w25qxx.o(i.W25QXX_Init) for W25QXX_Init
    main.o(i.main) refers to lcd.o(i.LCD_ShowString) for LCD_ShowString
    main.o(i.main) refers to delay.o(i.delay_ms) for delay_ms
    main.o(i.main) refers to dht11.o(i.DHT11_Init) for DHT11_Init
    main.o(i.main) refers to w25qxx.o(i.W25QXX_ReadID) for W25QXX_ReadID
    main.o(i.main) refers to lcd.o(i.LCD_DrawLine) for LCD_DrawLine
    main.o(i.main) refers to lcd.o(i.LCD_ShowChar) for LCD_ShowChar
    main.o(i.main) refers to tasks.o(i.xTaskCreate) for xTaskCreate
    main.o(i.main) refers to tasks.o(i.vTaskStartScheduler) for vTaskStartScheduler
    main.o(i.main) refers to main.o(.data) for .data
    main.o(i.main) refers to main.o(i.start_task) for start_task
    main.o(i.mpu6050_task) refers to inv_mpu.o(i.mpu_dmp_get_data) for mpu_dmp_get_data
    main.o(i.mpu6050_task) refers to tasks.o(i.vTaskDelay) for vTaskDelay
    main.o(i.mpu6050_task) refers to main.o(.data) for .data
    main.o(i.second_fresh_display) refers to f2d.o(x$fpl$f2d) for __aeabi_f2d
    main.o(i.second_fresh_display) refers to ddiv.o(x$fpl$ddiv) for __aeabi_ddiv
    main.o(i.second_fresh_display) refers to dmul.o(x$fpl$dmul) for __aeabi_dmul
    main.o(i.second_fresh_display) refers to daddsub_clz.o(x$fpl$drsb) for __aeabi_drsub
    main.o(i.second_fresh_display) refers to dfix.o(x$fpl$dfix) for __aeabi_d2iz
    main.o(i.second_fresh_display) refers to lcd.o(i.LCD_Fill) for LCD_Fill
    main.o(i.second_fresh_display) refers to lcd.o(i.LCD_DrawLine) for LCD_DrawLine
[...]
    OTG_FS_WKUP_IRQHandler                   0x0800034b   Thumb Code     0  startup_stm32f40_41xxx.o(.text)
    OTG_HS_EP1_IN_IRQHandler                 0x0800034b   Thumb Code     0  startup_stm32f40_41xxx.o(.text)
    OTG_HS_EP1_OUT_IRQHandler                0x0800034b   Thumb Code     0  startup_stm32f40_41xxx.o(.text)
    OTG_HS_IRQHandler                        0x0800034b   Thumb Code     0  startup_stm32f40_41xxx.o(.text)
    OTG_HS_WKUP_IRQHandler                   0x0800034b   Thumb Code     0  startup_stm32f40_41xxx.o(.text)
    PVD_IRQHandler                           0x0800034b   Thumb Code     0  startup_stm32f40_41xxx.o(.text)
    RCC_IRQHandler                           0x0800034b   Thumb Code     0  startup_stm32f40_41xxx.o(.text)
    SDIO_IRQHandler                          0x0800034b   Thumb Code     0  startup_stm32f40_41xxx.o(.text)
    SPI1_IRQHandler                          0x0800034b   Thumb Code     0  startup_stm32f40_41xxx.o(.text)
    SPI2_IRQHandler                          0x0800034b   Thumb Code     0  startup_stm32f40_41xxx.o(.text)
    SPI3_IRQHandler                          0x0800034b   Thumb Code     0  startup_stm32f40_41xxx.o(.text)
    TAMP_STAMP_IRQHandler                    0x0800034b   Thumb Code     0  startup_stm32f40_41xxx.o(.text)
    TIM1_BRK_TIM9_IRQHandler                 0x0800034b   Thumb Code     0  startup_stm32f40_41xxx.o(.text)
    TIM1_CC_IRQHandler                       0x0800034b   Thumb Code     0  startup_stm32f40_41xxx.o(.text)
    TIM1_TRG_COM_TIM11_IRQHandler            0x0800034b   Thumb Code     0  startup_stm32f40_41xxx.o(.text)
    TIM1_UP_TIM10_IRQHandler                 0x0800034b   Thumb Code     0  startup_stm32f40_41xxx.o(.text)
    TIM2_IRQHandler                          0x0800034b   Thumb Code     0  startup_stm32f40_41xxx.o(.text)
    TIM3_IRQHandler                          0x0800034b   Thumb Code     0  startup_stm32f40_41xxx.o(.text)
    TIM4_IRQHandler                          0x0800034b   Thumb Code     0  startup_stm32f40_41xxx.o(.text)
    TIM5_IRQHandler                          0x0800034b   Thumb Code     0  startup_stm32f40_41xxx.o(.text)
    TIM6_DAC_IRQHandler                      0x0800034b   Thumb Code     0  startup_stm32f40_41xxx.o(.text)
    TIM7_IRQHandler                          0x0800034b   Thumb Code     0  startup_stm32f40_41xxx.o(.text)
    TIM8_BRK_TIM12_IRQHandler                0x0800034b   Thumb Code     0  startup_stm32f40_41xxx.o(.text)
    TIM8_CC_IRQHandler                       0x0800034b   Thumb Code     0  startup_stm32f40_41xxx.o(.text)
    TIM8_TRG_COM_TIM14_IRQHandler            0x0800034b   Thumb Code     0  startup_stm32f40_41xxx.o(.text)
    TIM8_UP_TIM13_IRQHandler                 0x0800034b   Thumb Code     0  startup_stm32f40_41xxx.o(.text)
    UART4_IRQHandler                         0x0800034b   Thumb Code     0  startup_stm32f40_41xxx.o(.text)
    UART5_IRQHandler                         0x0800034b   Thumb Code     0  startup_stm32f40_41xxx.o(.text)
    USART2_IRQHandler                        0x0800034b   Thumb Code     0  startup_stm32f40_41xxx.o(.text)
    USART3_IRQHandler                        0x0800034b   Thumb Code     0  startup_stm32f40_41xxx.o(.text)
    USART6_IRQHandler                        0x0800034b   Thumb Code     0  startup_stm32f40_41xxx.o(.text)
    WWDG_IRQHandler                          0x0800034b   Thumb Code     0  startup_stm32f40_41xxx.o(.text)
    __user_initial_stackheap                 0x0800034d   Thumb Code     0  startup_stm32f40_41xxx.o(.text)
    __use_no_semihosting                     0x08000371   Thumb Code     2  use_no_semi_2.o(.text)
    __aeabi_ldivmod                          0x08000373   Thumb Code     0  llsdiv.o(.text)
    _ll_sdiv                                 0x08000373   Thumb Code    72  llsdiv.o(.text)
    __2printf                                0x080003bd   Thumb Code    20  noretval__2printf.o(.text)
    __2sprintf                               0x080003d5   Thumb Code    34  noretval__2sprintf.o(.text)
    _printf_pre_padding                      0x080003fd   Thumb Code    44  _printf_pad.o(.text)
    _printf_post_padding                     0x08000429   Thumb Code    34  _printf_pad.o(.text)
    _printf_str                              0x0800044b   Thumb Code    82  _printf_str.o(.text)
    _printf_int_dec                          0x0800049d   Thumb Code   104  _printf_dec.o(.text)
    __printf                                 0x08000515   Thumb Code   308  __printf_flags_wp.o(.text)
    memcmp                                   0x0800064d   Thumb Code    88  memcmp.o(.text)
    __aeabi_memcpy                           0x080006a5   Thumb Code     0  rt_memcpy_v6.o(.text)
    __rt_memcpy                              0x080006a5   Thumb Code   138  rt_memcpy_v6.o(.text)
    _memcpy_lastbytes                        0x0800070b   Thumb Code     0  rt_memcpy_v6.o(.text)
    __aeabi_memset                           0x0800072f   Thumb Code    16  aeabi_memset.o(.text)
    __use_two_region_memory                  0x0800073f   Thumb Code     2  heapauxi.o(.text)
    __rt_heap_escrow$2region                 0x08000741   Thumb Code     2  heapauxi.o(.text)
    __rt_heap_expand$2region                 0x08000743   Thumb Code     2  heapauxi.o(.text)
    __I$use$semihosting                      0x08000745   Thumb Code     0  use_no_semi.o(.text)
    __use_no_semihosting_swi                 0x08000745   Thumb Code     2  use_no_semi.o(.text)
    __aeabi_uldivmod                         0x08000747   Thumb Code     0  lludivv7m.o(.text)
    _ll_udiv                                 0x08000747   Thumb Code   238  lludivv7m.o(.text)
    __read_errno                             0x08000835   Thumb Code    10  _rserrno.o(.text)
    __set_errno                              0x0800083f   Thumb Code    12  _rserrno.o(.text)
    _printf_int_common                       0x0800084b   Thumb Code   178  _printf_intcommon.o(.text)
    _printf_char_common                      0x08000907   Thumb Code    32  _printf_char_common.o(.text)
    _sputc                                   0x0800092d   Thumb Code    10  _sputc.o(.text)
    _printf_cs_common                        0x08000937   Thumb Code    20  _printf_char.o(.text)
    _printf_char                             0x0800094b   Thumb Code    16  _printf_char.o(.text)
    _printf_string                           0x0800095b   Thumb Code     8  _printf_char.o(.text)
    _printf_char_file                        0x08000965   Thumb Code    32  _printf_char_file.o(.text)
    __aeabi_memcpy4                          0x08000989   Thumb Code     0  rt_memcpy_w.o(.text)
    __aeabi_memcpy8                          0x08000989   Thumb Code     0  rt_memcpy_w.o(.text)
    __rt_memcpy_w                            0x08000989   Thumb Code   100  rt_memcpy_w.o(.text)
    _memcpy_lastbytes_aligned                0x080009d1   Thumb Code     0  rt_memcpy_w.o(.text)
    __aeabi_memclr                           0x080009ed   Thumb Code     0  rt_memclr.o(.text)
    __rt_memclr                              0x080009ed   Thumb Code    68  rt_memclr.o(.text)
    _memset                                  0x080009f1   Thumb Code     0  rt_memclr.o(.text)
    __aeabi_errno_addr                       0x08000a31   Thumb Code     8  rt_errno_addr_intlibspace.o(.text)
    __errno$intlibspace                      0x08000a31   Thumb Code     0  rt_errno_addr_intlibspace.o(.text)
    __rt_errno_addr$intlibspace              0x08000a31   Thumb Code     0  rt_errno_addr_intlibspace.o(.text)
    ferror                                   0x08000a39   Thumb Code     8  ferror.o(.text)
    __aeabi_memclr4                          0x08000a41   Thumb Code     0  rt_memclr_w.o(.text)
    __aeabi_memclr8                          0x08000a41   Thumb Code     0  rt_memclr_w.o(.text)
    __rt_memclr_w                            0x08000a41   Thumb Code    78  rt_memclr_w.o(.text)
    _memset_w                                0x08000a45   Thumb Code     0  rt_memclr_w.o(.text)
    __user_libspace                          0x08000a91   Thumb Code     8  libspace.o(.text)
    __user_perproc_libspace                  0x08000a91   Thumb Code     0  libspace.o(.text)
    __user_perthread_libspace                0x08000a91   Thumb Code     0  libspace.o(.text)
    __user_setup_stackheap                   0x08000a99   Thumb Code    74  sys_stackheap_outer.o(.text)
    exit                                     0x08000ae3   Thumb Code    18  exit.o(.text)
    BusFault_Handler                         0x08000af5   Thumb Code     2  stm32f4xx_it.o(i.BusFault_Handler)
    COMMAND_JUDGE                            0x08000af7   Thumb Code    26  main.o(i.COMMAND_JUDGE)
    Cmd_Write_BH1750                         0x08000b11   Thumb Code    50  bh1750.o(i.Cmd_Write_BH1750)
    Convert_BH1750                           0x08000b45   Thumb Code    42  bh1750.o(i.Convert_BH1750)
    DHT11_Check                              0x08000b7d   Thumb Code    86  dht11.o(i.DHT11_Check)
    DHT11_Init                               0x08000bdd   Thumb Code    56  dht11.o(i.DHT11_Init)
    DHT11_Read_Bit                           0x08000c19   Thumb Code    72  dht11.o(i.DHT11_Read_Bit)
    DHT11_Read_Byte                          0x08000c65   Thumb Code    26  dht11.o(i.DHT11_Read_Byte)
    DHT11_Read_Data                          0x08000c7f   Thumb Code    80  dht11.o(i.DHT11_Read_Data)
    DHT11_Rst                                0x08000cd1   Thumb Code    46  dht11.o(i.DHT11_Rst)
    DebugMon_Handler                         0x08000d09   Thumb Code     2  stm32f4xx_it.o(i.DebugMon_Handler)
    Draw_Circle                              0x08000d0b   Thumb Code   188  lcd.o(i.Draw_Circle)
    EXTI_ClearITPendingBit                   0x08000dc9   Thumb Code     6  stm32f4xx_exti.o(i.EXTI_ClearITPendingBit)
    GPIO_Init                                0x08000dd5   Thumb Code   124  stm32f4xx_gpio.o(i.GPIO_Init)
    GPIO_PinAFConfig                         0x08000e51   Thumb Code    32  stm32f4xx_gpio.o(i.GPIO_PinAFConfig)
    GPIO_ReadInputDataBit                    0x08000e71   Thumb Code    14  stm32f4xx_gpio.o(i.GPIO_ReadInputDataBit)
    GPIO_ResetBits                           0x08000e7f   Thumb Code     4  stm32f4xx_gpio.o(i.GPIO_ResetBits)
    GPIO_SetBits                             0x08000e83   Thumb Code     4  stm32f4xx_gpio.o(i.GPIO_SetBits)
    HardFault_Handler                        0x08000e87   Thumb Code     2  stm32f4xx_it.o(i.HardFault_Handler)
    IIC_Ack                                  0x08000e89   Thumb Code    48  myiic.o(i.IIC_Ack)
    IIC_B_Ack                                0x08000ec1   Thumb Code    48  myiic_b.o(i.IIC_B_Ack)
    IIC_B_Init                               0x08000ef9   Thumb Code    54  myiic_b.o(i.IIC_B_Init)
    IIC_B_NAck                               0x08000f39   Thumb Code    48  myiic_b.o(i.IIC_B_NAck)
    IIC_B_Read_Byte                          0x08000f71   Thumb Code    96  myiic_b.o(i.IIC_B_Read_Byte)
    IIC_B_Send_Byte                          0x08000fd9   Thumb Code    86  myiic_b.o(i.IIC_B_Send_Byte)
    IIC_B_Start                              0x08001039   Thumb Code    48  myiic_b.o(i.IIC_B_Start)
    IIC_B_Stop                               0x08001071   Thumb Code    50  myiic_b.o(i.IIC_B_Stop)
    IIC_B_Wait_Ack                           0x080010ad   Thumb Code    74  myiic_b.o(i.IIC_B_Wait_Ack)
    IIC_Init                                 0x08001101   Thumb Code    52  myiic.o(i.IIC_Init)
    IIC_NAck                                 0x0800113d   Thumb Code    48  myiic.o(i.IIC_NAck)
    IIC_Read_Byte                            0x08001175   Thumb Code    96  myiic.o(i.IIC_Read_Byte)
    IIC_Send_Byte                            0x080011dd   Thumb Code    86  myiic.o(i.IIC_Send_Byte)
    IIC_Start                                0x0800123d   Thumb Code    48  myiic.o(i.IIC_Start)
    IIC_Stop                                 0x08001275   Thumb Code    50  myiic.o(i.IIC_Stop)
    IIC_Wait_Ack                             0x080012b1   Thumb Code    74  myiic.o(i.IIC_Wait_Ack)
    KEY_Init                                 0x08001305   Thumb Code    58  key.o(i.KEY_Init)
    KEY_Scan                                 0x08001349   Thumb Code   190  key.o(i.KEY_Scan)
    LCD_Address_Set                          0x08001415   Thumb Code    66  lcd_init.o(i.LCD_Address_Set)
    LCD_DrawLine                             0x08001457   Thumb Code   154  lcd.o(i.LCD_DrawLine)
    LCD_DrawPoint                            0x080014f1   Thumb Code    22  lcd.o(i.LCD_DrawPoint)
    LCD_DrawRectangle                        0x08001507   Thumb Code    74  lcd.o(i.LCD_DrawRectangle)
    LCD_Fill                                 0x08001551   Thumb Code    64  lcd.o(i.LCD_Fill)
    LCD_GPIO_Init                            0x08001591   Thumb Code   146  lcd_init.o(i.LCD_GPIO_Init)
    LCD_Init                                 0x08001631   Thumb Code   504  lcd_init.o(i.LCD_Init)
    LCD_ShowChar                             0x08001831   Thumb Code   266  lcd.o(i.LCD_ShowChar)
    LCD_ShowIntNum                           0x0800194d   Thumb Code   132  lcd.o(i.LCD_ShowIntNum)
    LCD_ShowString                           0x080019d1   Thumb Code    54  lcd.o(i.LCD_ShowString)
    LCD_WR_DATA                              0x08001a07   Thumb Code    20  lcd_init.o(i.LCD_WR_DATA)
    LCD_WR_DATA8                             0x08001a1b   Thumb Code     4  lcd_init.o(i.LCD_WR_DATA8)
    LCD_WR_REG                               0x08001a21   Thumb Code    36  lcd_init.o(i.LCD_WR_REG)
    LCD_Writ_Bus                             0x08001a49   Thumb Code    88  lcd_init.o(i.LCD_Writ_Bus)
    LED_Init                                 0x08001aa9   Thumb Code    58  led.o(i.LED_Init)
    MPU_Read_Len                             0x08001ae9   Thumb Code   112  mpu6050.o(i.MPU_Read_Len)
    MPU_Write_Len                            0x08001b59   Thumb Code    90  mpu6050.o(i.MPU_Write_Len)
    MemManage_Handler                        0x08001bb3   Thumb Code     2  stm32f4xx_it.o(i.MemManage_Handler)
    My_RTC_Init                              0x08001bb5   Thumb Code   136  rtc.o(i.My_RTC_Init)
    NMI_Handler                              0x08001c3d   Thumb Code     2  stm32f4xx_it.o(i.NMI_Handler)
    NVIC_Init                                0x08001c41   Thumb Code    98  misc.o(i.NVIC_Init)
    NVIC_PriorityGroupConfig                 0x08001ca9   Thumb Code    10  misc.o(i.NVIC_PriorityGroupConfig)
    PWR_BackupAccessCmd                      0x08001cbd   Thumb Code     6  stm32f4xx_pwr.o(i.PWR_BackupAccessCmd)
    RCC_AHB1PeriphClockCmd                   0x08001cc9   Thumb Code    22  stm32f4xx_rcc.o(i.RCC_AHB1PeriphClockCmd)
    RCC_APB1PeriphClockCmd                   0x08001ce5   Thumb Code    22  stm32f4xx_rcc.o(i.RCC_APB1PeriphClockCmd)
    RCC_APB2PeriphClockCmd                   0x08001d01   Thumb Code    22  stm32f4xx_rcc.o(i.RCC_APB2PeriphClockCmd)
    RCC_APB2PeriphResetCmd                   0x08001d1d   Thumb Code    22  stm32f4xx_rcc.o(i.RCC_APB2PeriphResetCmd)
    RCC_GetClocksFreq                        0x08001d39   Thumb Code   148  stm32f4xx_rcc.o(i.RCC_GetClocksFreq)
    RCC_GetFlagStatus                        0x08001dd9   Thumb Code    50  stm32f4xx_rcc.o(i.RCC_GetFlagStatus)
    RCC_LSEConfig                            0x08001e11   Thumb Code    28  stm32f4xx_rcc.o(i.RCC_LSEConfig)
    RCC_RTCCLKCmd                            0x08001e31   Thumb Code     6  stm32f4xx_rcc.o(i.RCC_RTCCLKCmd)
    RCC_RTCCLKConfig                         0x08001e3d   Thumb Code    40  stm32f4xx_rcc.o(i.RCC_RTCCLKConfig)
    RTC_Alarm_IRQHandler                     0x08001e6d   Thumb Code    34  rtc.o(i.RTC_Alarm_IRQHandler)
    RTC_ClearFlag                            0x08001eb9   Thumb Code    22  stm32f4xx_rtc.o(i.RTC_ClearFlag)
    RTC_EnterInitMode                        0x08001ed5   Thumb Code    62  stm32f4xx_rtc.o(i.RTC_EnterInitMode)
    RTC_ExitInitMode                         0x08001f19   Thumb Code    12  stm32f4xx_rtc.o(i.RTC_ExitInitMode)
    RTC_GetFlagStatus                        0x08001f29   Thumb Code    20  stm32f4xx_rtc.o(i.RTC_GetFlagStatus)
    RTC_GetTime                              0x08001f45   Thumb Code    68  stm32f4xx_rtc.o(i.RTC_GetTime)
    RTC_Init                                 0x08001f91   Thumb Code    74  stm32f4xx_rtc.o(i.RTC_Init)
    RTC_ReadBackupRegister                   0x08001fe1   Thumb Code    16  stm32f4xx_rtc.o(i.RTC_ReadBackupRegister)
    RTC_SetDate                              0x08001ff5   Thumb Code   156  stm32f4xx_rtc.o(i.RTC_SetDate)
    RTC_SetTime                              0x08002099   Thumb Code   160  stm32f4xx_rtc.o(i.RTC_SetTime)
    RTC_Set_Date                             0x08002141   Thumb Code    28  rtc.o(i.RTC_Set_Date)
    RTC_Set_Time                             0x0800215d   Thumb Code    28  rtc.o(i.RTC_Set_Time)
    RTC_WKUP_IRQHandler                      0x08002179   Thumb Code    34  rtc.o(i.RTC_WKUP_IRQHandler)
    RTC_WaitForSynchro                       0x0800219d   Thumb Code    72  stm32f4xx_rtc.o(i.RTC_WaitForSynchro)
    RTC_WriteBackupRegister                  0x080021e9   Thumb Code    16  stm32f4xx_rtc.o(i.RTC_WriteBackupRegister)
    Read_BH1750                              0x080021fd   Thumb Code    52  bh1750.o(i.Read_BH1750)
    SPI1_Init                                0x08002235   Thumb Code   186  spi.o(i.SPI1_Init)
    SPI1_ReadWriteByte                       0x080022f9   Thumb Code    48  spi.o(i.SPI1_ReadWriteByte)
    SPI1_SetSpeed                            0x0800232d   Thumb Code    24  spi.o(i.SPI1_SetSpeed)
    SPI_Cmd                                  0x08002349   Thumb Code    24  stm32f4xx_spi.o(i.SPI_Cmd)
    SPI_I2S_GetFlagStatus                    0x08002361   Thumb Code    14  stm32f4xx_spi.o(i.SPI_I2S_GetFlagStatus)
    SPI_I2S_ReceiveData                      0x0800236f   Thumb Code     4  stm32f4xx_spi.o(i.SPI_I2S_ReceiveData)
    SPI_I2S_SendData                         0x08002373   Thumb Code     4  stm32f4xx_spi.o(i.SPI_I2S_SendData)
    SPI_Init                                 0x08002377   Thumb Code    56  stm32f4xx_spi.o(i.SPI_Init)
    Start_BH1750                             0x08002469   Thumb Code    24  bh1750.o(i.Start_BH1750)
    SysTick_CLKSourceConfig                  0x08002481   Thumb Code    28  misc.o(i.SysTick_CLKSourceConfig)
    SysTick_Handler                          0x0800249d   Thumb Code    20  delay.o(i.SysTick_Handler)
    SystemInit                               0x080024b1   Thumb Code    74  system_stm32f4xx.o(i.SystemInit)
    TaskBH1750                               0x0800250d   Thumb Code    26  bh1750.o(i.TaskBH1750)
    USART1_IRQHandler                        0x0800252d   Thumb Code    92  usart.o(i.USART1_IRQHandler)
    USART_Cmd                                0x08002595   Thumb Code    24  stm32f4xx_usart.o(i.USART_Cmd)
    USART_GetITStatus                        0x080025ad   Thumb Code    64  stm32f4xx_usart.o(i.USART_GetITStatus)
    USART_ITConfig                           0x080025ed   Thumb Code    54  stm32f4xx_usart.o(i.USART_ITConfig)
    USART_Init                               0x08002625   Thumb Code   180  stm32f4xx_usart.o(i.USART_Init)
    USART_ReceiveData                        0x080026e1   Thumb Code     8  stm32f4xx_usart.o(i.USART_ReceiveData)
    UsageFault_Handler                       0x080026e9   Thumb Code     2  stm32f4xx_it.o(i.UsageFault_Handler)
    W25QXX_Erase_Sector                      0x080026ed   Thumb Code    58  w25qxx.o(i.W25QXX_Erase_Sector)
    W25QXX_Init                              0x0800272d   Thumb Code   100  w25qxx.o(i.W25QXX_Init)
    W25QXX_Read                              0x080027a1   Thumb Code    76  w25qxx.o(i.W25QXX_Read)
    W25QXX_ReadID                            0x080027f1   Thumb Code    56  w25qxx.o(i.W25QXX_ReadID)
    W25QXX_ReadSR                            0x0800282d   Thumb Code    26  w25qxx.o(i.W25QXX_ReadSR)
    W25QXX_Wait_Busy                         0x0800284d   Thumb Code    12  w25qxx.o(i.W25QXX_Wait_Busy)
    W25QXX_Write                             0x08002859   Thumb Code   158  w25qxx.o(i.W25QXX_Write)
    W25QXX_Write_Enable                      0x080028fd   Thumb Code    20  w25qxx.o(i.W25QXX_Write_Enable)
    W25QXX_Write_NoCheck                     0x08002915   Thumb Code    62  w25qxx.o(i.W25QXX_Write_NoCheck)
    W25QXX_Write_Page                        0x08002955   Thumb Code    82  w25qxx.o(i.W25QXX_Write_Page)
    __ARM_fpclassify                         0x080029ad   Thumb Code    48  fpclassify.o(i.__ARM_fpclassify)
    __hardfp_asin                            0x080029e1   Thumb Code   770  asin.o(i.__hardfp_asin)
    __hardfp_atan                            0x08002d41   Thumb Code   622  atan.o(i.__hardfp_atan)
    __hardfp_atan2                           0x08003019   Thumb Code   432  atan2.o(i.__hardfp_atan2)
    __hardfp_cos                             0x08003209   Thumb Code   180  cos.o(i.__hardfp_cos)
    __hardfp_sin                             0x080032d1   Thumb Code   180  sin.o(i.__hardfp_sin)
    __ieee754_rem_pio2                       0x08003399   Thumb Code   938  rred.o(i.__ieee754_rem_pio2)
    __kernel_cos                             0x080037d1   Thumb Code   322  cos_i.o(i.__kernel_cos)
    __kernel_poly                            0x08003941   Thumb Code   248  poly.o(i.__kernel_poly)
    __kernel_sin                             0x08003a39   Thumb Code   280  sin_i.o(i.__kernel_sin)
    __mathlib_dbl_infnan                     0x08003b69   Thumb Code    20  dunder.o(i.__mathlib_dbl_infnan)
    __mathlib_dbl_infnan2                    0x08003b7d   Thumb Code    20  dunder.o(i.__mathlib_dbl_infnan2)
    __mathlib_dbl_invalid                    0x08003b91   Thumb Code    24  dunder.o(i.__mathlib_dbl_invalid)
    __mathlib_dbl_underflow                  0x08003bb1   Thumb Code    24  dunder.o(i.__mathlib_dbl_underflow)
    _is_digit                                0x08003bd1   Thumb Code    14  __printf_wp.o(i._is_digit)
    _sys_exit                                0x08003bdf   Thumb Code     2  usart.o(i._sys_exit)
    atan                                     0x08003c75   Thumb Code    16  atan.o(i.atan)
    bh1750_task                              0x08003c85   Thumb Code    26  main.o(i.bh1750_task)
    delay_init                               0x08003ce1   Thumb Code    48  delay.o(i.delay_init)
    delay_ms                                 0x08003d15   Thumb Code    52  delay.o(i.delay_ms)
    delay_us                                 0x08003d4d   Thumb Code    50  delay.o(i.delay_us)
    dmp_enable_6x_lp_quat                    0x08003d85   Thumb Code    60  inv_mpu_dmp_motion_driver.o(i.dmp_enable_6x_lp_quat)
    dmp_enable_feature                       0x08003dc1   Thumb Code   484  inv_mpu_dmp_motion_driver.o(i.dmp_enable_feature)
    dmp_enable_gyro_cal                      0x08003fad   Thumb Code    62  inv_mpu_dmp_motion_driver.o(i.dmp_enable_gyro_cal)
    dmp_enable_lp_quat                       0x08004005   Thumb Code    60  inv_mpu_dmp_motion_driver.o(i.dmp_enable_lp_quat)
    dmp_load_motion_driver_firmware          0x08004041   Thumb Code    16  inv_mpu_dmp_motion_driver.o(i.dmp_load_motion_driver_firmware)
    dmp_read_fifo                            0x08004055   Thumb Code   384  inv_mpu_dmp_motion_driver.o(i.dmp_read_fifo)
    dmp_set_accel_bias                       0x080041d9   Thumb Code   262  inv_mpu_dmp_motion_driver.o(i.dmp_set_accel_bias)
    dmp_set_fifo_rate                        0x080042e5   Thumb Code    96  inv_mpu_dmp_motion_driver.o(i.dmp_set_fifo_rate)
    dmp_set_gyro_bias                        0x08004355   Thumb Code   256  inv_mpu_dmp_motion_driver.o(i.dmp_set_gyro_bias)
    dmp_set_orientation                      0x0800445d   Thumb Code   260  inv_mpu_dmp_motion_driver.o(i.dmp_set_orientation)
    dmp_set_shake_reject_thresh              0x08004575   Thumb Code    48  inv_mpu_dmp_motion_driver.o(i.dmp_set_shake_reject_thresh)
    dmp_set_shake_reject_time                0x080045a5   Thumb Code    32  inv_mpu_dmp_motion_driver.o(i.dmp_set_shake_reject_time)
    dmp_set_shake_reject_timeout             0x080045c5   Thumb Code    32  inv_mpu_dmp_motion_driver.o(i.dmp_set_shake_reject_timeout)
    dmp_set_tap_axes                         0x080045e5   Thumb Code    56  inv_mpu_dmp_motion_driver.o(i.dmp_set_tap_axes)
    dmp_set_tap_count                        0x0800461d   Thumb Code    34  inv_mpu_dmp_motion_driver.o(i.dmp_set_tap_count)
    dmp_set_tap_thresh                       0x08004641   Thumb Code   376  inv_mpu_dmp_motion_driver.o(i.dmp_set_tap_thresh)
    dmp_set_tap_time                         0x080047dd   Thumb Code    32  inv_mpu_dmp_motion_driver.o(i.dmp_set_tap_time)
    dmp_set_tap_time_multi                   0x080047fd   Thumb Code    32  inv_mpu_dmp_motion_driver.o(i.dmp_set_tap_time_multi)
    fabs                                     0x0800481d   Thumb Code    24  fabs.o(i.fabs)
    first_mode                               0x08004835   Thumb Code   354  main.o(i.first_mode)
    flash_task                               0x080049dd   Thumb Code   150  main.o(i.flash_task)
    fputc                                    0x08004abd   Thumb Code    14  usart.o(i.fputc)
    inv_orientation_matrix_to_scalar         0x08005039   Thumb Code    36  inv_mpu.o(i.inv_orientation_matrix_to_scalar)
    inv_row_2_scale                          0x0800505d   Thumb Code    72  inv_mpu.o(i.inv_row_2_scale)
    lcd_task                                 0x080050a5   Thumb Code   560  main.o(i.lcd_task)
    main                                     0x080052e9   Thumb Code   530  main.o(i.main)
    mget_ms                                  0x08005575   Thumb Code     2  inv_mpu.o(i.mget_ms)
    mpu6050_task                             0x08005579   Thumb Code    18  main.o(i.mpu6050_task)
    mpu_configure_fifo                       0x08005591   Thumb Code    90  inv_mpu.o(i.mpu_configure_fifo)
    mpu_dmp_get_data                         0x080055f1   Thumb Code   344  inv_mpu.o(i.mpu_dmp_get_data)
    mpu_dmp_init                             0x08005755   Thumb Code   144  inv_mpu.o(i.mpu_dmp_init)
    mpu_get_accel_fsr                        0x080057e9   Thumb Code    62  inv_mpu.o(i.mpu_get_accel_fsr)
    mpu_get_accel_sens                       0x0800582d   Thumb Code    70  inv_mpu.o(i.mpu_get_accel_sens)
    mpu_get_fifo_config                      0x08005879   Thumb Code    10  inv_mpu.o(i.mpu_get_fifo_config)
    mpu_get_gyro_fsr                         0x08005889   Thumb Code    58  inv_mpu.o(i.mpu_get_gyro_fsr)
    mpu_get_gyro_sens                        0x080058c9   Thumb Code    68  inv_mpu.o(i.mpu_get_gyro_sens)
    mpu_get_lpf                              0x08005921   Thumb Code    64  inv_mpu.o(i.mpu_get_lpf)
    mpu_get_sample_rate                      0x08005965   Thumb Code    24  inv_mpu.o(i.mpu_get_sample_rate)
    mpu_init                                 0x08005981   Thumb Code   346  inv_mpu.o(i.mpu_init)
    mpu_load_firmware                        0x08005b2d   Thumb Code   174  inv_mpu.o(i.mpu_load_firmware)
    mpu_lp_accel_mode                        0x08005be1   Thumb Code   204  inv_mpu.o(i.mpu_lp_accel_mode)
    mpu_read_fifo_stream                     0x08005cb1   Thumb Code   166  inv_mpu.o(i.mpu_read_fifo_stream)
    mpu_read_mem                             0x08005d5d   Thumb Code   106  inv_mpu.o(i.mpu_read_mem)
    mpu_reset_fifo                           0x08005dcd   Thumb Code   360  inv_mpu.o(i.mpu_reset_fifo)
    mpu_run_self_test                        0x08005f39   Thumb Code   244  inv_mpu.o(i.mpu_run_self_test)
    mpu_set_accel_fsr                        0x08006031   Thumb Code   110  inv_mpu.o(i.mpu_set_accel_fsr)
    mpu_set_bypass                           0x080060a5   Thumb Code   276  inv_mpu.o(i.mpu_set_bypass)
    mpu_set_dmp_state                        0x080061bd   Thumb Code   118  inv_mpu.o(i.mpu_set_dmp_state)
    mpu_set_gyro_fsr                         0x08006239   Thumb Code   116  inv_mpu.o(i.mpu_set_gyro_fsr)
    mpu_set_int_latched                      0x080062b1   Thumb Code    92  inv_mpu.o(i.mpu_set_int_latched)
    mpu_set_lpf                              0x08006311   Thumb Code   118  inv_mpu.o(i.mpu_set_lpf)
    mpu_set_sample_rate                      0x0800638d   Thumb Code   126  inv_mpu.o(i.mpu_set_sample_rate)
    mpu_set_sensors                          0x08006411   Thumb Code   172  inv_mpu.o(i.mpu_set_sensors)
    mpu_write_mem                            0x080064c1   Thumb Code   106  inv_mpu.o(i.mpu_write_mem)
    mypow                                    0x08006531   Thumb Code    16  lcd.o(i.mypow)
    pvPortMalloc                             0x08006ecd   Thumb Code   206  heap_4.o(i.pvPortMalloc)
    pvTaskIncrementMutexHeldCount            0x08006fd9   Thumb Code    20  tasks.o(i.pvTaskIncrementMutexHeldCount)
    pxPortInitialiseStack                    0x08006ff1   Thumb Code    30  port.o(i.pxPortInitialiseStack)
    run_self_test                            0x08007015   Thumb Code   136  inv_mpu.o(i.run_self_test)
    second_fresh_display                     0x0800709d   Thumb Code   392  main.o(i.second_fresh_display)
    second_mode                              0x08007269   Thumb Code   474  main.o(i.second_mode)
    sqrt                                     0x080074d1   Thumb Code   110  sqrt.o(i.sqrt)
    start_task                               0x08007541   Thumb Code   136  main.o(i.start_task)
    uart_init                                0x08007629   Thumb Code   164  usart.o(i.uart_init)
    usart_trans_task                         0x080076d5   Thumb Code   480  main.o(i.usart_trans_task)
    uxListRemove                             0x080078f5   Thumb Code    36  list.o(i.uxListRemove)
    vListInitialise                          0x08007919   Thumb Code    22  list.o(i.vListInitialise)
    vListInitialiseItem                      0x0800792f   Thumb Code     6  list.o(i.vListInitialiseItem)
    vListInsert                              0x08007935   Thumb Code    48  list.o(i.vListInsert)
    vListInsertEnd                           0x08007965   Thumb Code    24  list.o(i.vListInsertEnd)
    vPortEnterCritical                       0x0800797d   Thumb Code    50  port.o(i.vPortEnterCritical)
    vPortExitCritical                        0x080079f5   Thumb Code    38  port.o(i.vPortExitCritical)
    vPortFree                                0x08007a5d   Thumb Code    94  heap_4.o(i.vPortFree)
    vPortSetupTimerInterrupt                 0x08007af9   Thumb Code    26  port.o(i.vPortSetupTimerInterrupt)
    vPortValidateInterruptPriority           0x08007b19   Thumb Code    70  port.o(i.vPortValidateInterruptPriority)
    vQueueAddToRegistry                      0x08007ba5   Thumb Code    32  queue.o(i.vQueueAddToRegistry)
    vQueueWaitForMessageRestricted           0x08007bc9   Thumb Code    70  queue.o(i.vQueueWaitForMessageRestricted)
    vTaskDelay                               0x08007c11   Thumb Code    66  tasks.o(i.vTaskDelay)
    vTaskDelete                              0x08007c81   Thumb Code   152  tasks.o(i.vTaskDelete)
    vTaskMissedYield                         0x08007d4d   Thumb Code     8  tasks.o(i.vTaskMissedYield)
    vTaskPlaceOnEventList                    0x08007d59   Thumb Code    46  tasks.o(i.vTaskPlaceOnEventList)
    vTaskPlaceOnEventListRestricted          0x08007db1   Thumb Code    54  tasks.o(i.vTaskPlaceOnEventListRestricted)
    vTaskPriorityInherit                     0x08007e11   Thumb Code   126  tasks.o(i.vTaskPriorityInherit)
    vTaskResume                              0x08007e99   Thumb Code   114  tasks.o(i.vTaskResume)
    vTaskSetTimeOutState                     0x08007f3d   Thumb Code    32  tasks.o(i.vTaskSetTimeOutState)
    vTaskStartScheduler                      0x08007f85   Thumb Code    96  tasks.o(i.vTaskStartScheduler)
    vTaskSuspend                             0x08008019   Thumb Code   154  tasks.o(i.vTaskSuspend)
    vTaskSuspendAll                          0x080080e9   Thumb Code    10  tasks.o(i.vTaskSuspendAll)
    vTaskSwitchContext                       0x080080f9   Thumb Code    84  tasks.o(i.vTaskSwitchContext)
    xPortStartScheduler                      0x08008179   Thumb Code   192  port.o(i.xPortStartScheduler)
    xPortSysTickHandler                      0x08008289   Thumb Code    38  port.o(i.xPortSysTickHandler)
    xQueueGenericCreate                      0x080082b5   Thumb Code    64  queue.o(i.xQueueGenericCreate)
    xQueueGenericReceive                     0x08008319   Thumb Code   374  queue.o(i.xQueueGenericReceive)
    xQueueGenericReset                       0x080084b9   Thumb Code   130  queue.o(i.xQueueGenericReset)
    xQueueGenericSend                        0x08008565   Thumb Code   358  queue.o(i.xQueueGenericSend)
    xQueueGenericSendFromISR                 0x080086f5   Thumb Code   200  queue.o(i.xQueueGenericSendFromISR)
    xTaskCheckForTimeOut                     0x080087e1   Thumb Code   104  tasks.o(i.xTaskCheckForTimeOut)
    xTaskCreate                              0x08008871   Thumb Code    96  tasks.o(i.xTaskCreate)
    xTaskGetSchedulerState                   0x080088d1   Thumb Code    24  tasks.o(i.xTaskGetSchedulerState)
    xTaskGetTickCount                        0x080088ed   Thumb Code     6  tasks.o(i.xTaskGetTickCount)
    xTaskIncrementTick                       0x080088f9   Thumb Code   192  tasks.o(i.xTaskIncrementTick)
    xTaskPriorityDisinherit                  0x080089e5   Thumb Code   136  tasks.o(i.xTaskPriorityDisinherit)
    xTaskRemoveFromEventList                 0x08008a99   Thumb Code   108  tasks.o(i.xTaskRemoveFromEventList)
    xTaskResumeAll                           0x08008b35   Thumb Code   184  tasks.o(i.xTaskResumeAll)
    xTimerCreateTimerTask                    0x08008c21   Thumb Code    58  timers.o(i.xTimerCreateTimerTask)
    xTimerGenericCommand                     0x08008c95   Thumb Code   112  timers.o(i.xTimerGenericCommand)
    __aeabi_dneg                             0x08008d31   Thumb Code     0  basic.o(x$fpl$basic)
    _dneg                                    0x08008d31   Thumb Code     6  basic.o(x$fpl$basic)
    __aeabi_fneg                             0x08008d37   Thumb Code     0  basic.o(x$fpl$basic)
    _fneg                                    0x08008d37   Thumb Code     6  basic.o(x$fpl$basic)
    _dabs                                    0x08008d3d   Thumb Code     6  basic.o(x$fpl$basic)
    _fabs                                    0x08008d43   Thumb Code     6  basic.o(x$fpl$basic)
    __aeabi_d2f                              0x08008d49   Thumb Code     0  d2f.o(x$fpl$d2f)
    _d2f                                     0x08008d49   Thumb Code    98  d2f.o(x$fpl$d2f)
    __aeabi_dadd                             0x08008dad   Thumb Code     0  daddsub_clz.o(x$fpl$dadd)
    _dadd                                    0x08008dad   Thumb Code   332  daddsub_clz.o(x$fpl$dadd)
    __aeabi_ddiv                             0x08008efd   Thumb Code     0  ddiv.o(x$fpl$ddiv)
    _ddiv                                    0x08008efd   Thumb Code   552  ddiv.o(x$fpl$ddiv)
    __aeabi_d2iz                             0x080091ad   Thumb Code     0  dfix.o(x$fpl$dfix)
    _dfix                                    0x080091ad   Thumb Code    94  dfix.o(x$fpl$dfix)
    __aeabi_i2d                              0x0800920b   Thumb Code     0  dflt_clz.o(x$fpl$dflt)
    _dflt                                    0x0800920b   Thumb Code    46  dflt_clz.o(x$fpl$dflt)
    __aeabi_ui2d                             0x08009239   Thumb Code     0  dflt_clz.o(x$fpl$dfltu)
    _dfltu                                   0x08009239   Thumb Code    38  dflt_clz.o(x$fpl$dfltu)
    __aeabi_dmul                             0x08009261   Thumb Code     0  dmul.o(x$fpl$dmul)
    _dmul                                    0x08009261   Thumb Code   332  dmul.o(x$fpl$dmul)
    __fpl_dnaninf                            0x080093b5   Thumb Code   156  dnaninf.o(x$fpl$dnaninf)
    __fpl_dretinf                            0x08009451   Thumb Code    12  dretinf.o(x$fpl$dretinf)
    __aeabi_drsub                            0x0800945d   Thumb Code     0  daddsub_clz.o(x$fpl$drsb)
    _drsb                                    0x0800945d   Thumb Code    22  daddsub_clz.o(x$fpl$drsb)
    _dsqrt                                   0x08009475   Thumb Code   404  dsqrt_umaal.o(x$fpl$dsqrt)
    __aeabi_dsub                             0x0800960d   Thumb Code     0  daddsub_clz.o(x$fpl$dsub)
    _dsub                                    0x0800960d   Thumb Code   464  daddsub_clz.o(x$fpl$dsub)
    __aeabi_f2d                              0x080097e1   Thumb Code     0  f2d.o(x$fpl$f2d)
    _f2d                                     0x080097e1   Thumb Code    86  f2d.o(x$fpl$f2d)
    __fpl_fnaninf                            0x08009837   Thumb Code   140  fnaninf.o(x$fpl$fnaninf)
    _fp_init                                 0x080098c3   Thumb Code    10  fpinit.o(x$fpl$fpinit)
    __fplib_config_fpu_vfp                   0x080098cb   Thumb Code     0  fpinit.o(x$fpl$fpinit)
    __fplib_config_pureend_doubles           0x080098cb   Thumb Code     0  fpinit.o(x$fpl$fpinit)
    __fpl_fretinf                            0x080098cd   Thumb Code    10  fretinf.o(x$fpl$fretinf)
    __I$use$fp                               0x080098d6   Number         0  usenofp.o(x$fpl$usenofp)
    reg                                      0x080098d6   Data          27  inv_mpu.o(.constdata)
    hw                                       0x080098f2   Data          12  inv_mpu.o(.constdata)
    test                                     0x08009900   Data          40  inv_mpu.o(.constdata)
    ascii_1206                               0x0800a51e   Data        1140  lcd.o(.constdata)
    ascii_1608                               0x0800a992   Data        1520  lcd.o(.constdata)
    ascii_2412                               0x0800af82   Data        4560  lcd.o(.constdata)
    ascii_3216                               0x0800c152   Data        6080  lcd.o(.constdata)
    __mathlib_zero                           0x0800da40   Data           8  qnan.o(.constdata)
    Region$$Table$$Base                      0x0800dba0   Number         0  anon$$obj.o(Region$$Table)
    Region$$Table$$Limit                     0x0800dbc0   Number         0  anon$$obj.o(Region$$Table)
    key_                                     0x20000000   Data           1  main.o(.data)
    temp                                     0x20000001   Data           1  main.o(.data)
    humi                                     0x20000002   Data           1  main.o(.data)
    result_lux                               0x20000004   Data           4  main.o(.data)
    USART_FLAG                               0x20000008   Data           4  main.o(.data)
    ESP_STABLE                               0x2000000c   Data           4  main.o(.data)
    FLASH_SIZE                               0x20000010   Data           4  main.o(.data)
    FULL_FLAG                                0x20000014   Data           4  main.o(.data)
    TEXT_NUM                                 0x20000018   Data           4  main.o(.data)
    JD1                                      0x2000001c   Data           4  main.o(.data)
    JD2                                      0x20000020   Data           4  main.o(.data)
    J1                                       0x20000024   Data           4  main.o(.data)
    SECOND_MODE                              0x20000028   Data           4  main.o(.data)
    rc                                       0x2000002c   Data           4  main.o(.data)
    rd                                       0x20000030   Data           4  main.o(.data)
    pitch                                    0x20000034   Data           4  main.o(.data)
    roll                                     0x20000038   Data           4  main.o(.data)
    yaw                                      0x2000003c   Data           4  main.o(.data)
    p_int                                    0x20000040   Data           4  main.o(.data)
    r_int                                    0x20000044   Data           4  main.o(.data)
    y_int                                    0x20000048   Data           4  main.o(.data)
    p_flo                                    0x2000004c   Data           4  main.o(.data)
    r_flo                                    0x20000050   Data           4  main.o(.data)
    y_flo                                    0x20000054   Data           4  main.o(.data)
    RTC_TimeStruct                           0x20000058   Data           4  main.o(.data)
    RTC_TimeStruct_2                         0x2000005c   Data           4  main.o(.data)
    StartTask_Handler                        0x20000060   Data           4  main.o(.data)
    BH1750Task_Handler                       0x20000064   Data           4  main.o(.data)
    MPU6050Task_Handler                      0x20000068   Data           4  main.o(.data)
    USART_TRANS_Task_Handler                 0x2000006c   Data           4  main.o(.data)
    LCDTask_Handler                          0x20000070   Data           4  main.o(.data)
    FLASHTask_Handler                        0x20000074   Data           4  main.o(.data)
    p1                                       0x20000078   Data           4  main.o(.data)
    y1                                       0x2000007c   Data           4  main.o(.data)
    ra                                       0x20000080   Data           4  main.o(.data)
    rb                                       0x20000084   Data           4  main.o(.data)
    TIME_ST                                  0x20000088   Data           9  main.o(.data)
    TEXT_Buffer                              0x20000091   Data          47  main.o(.data)
    SystemCoreClock                          0x200000c0   Data           4  system_stm32f4xx.o(.data)
    AHBPrescTable                            0x200000c4   Data          16  system_stm32f4xx.o(.data)
    BUF                                      0x200000d4   Data           2  bh1750.o(.data)
    result                                   0x200000d6   Data           2  bh1750.o(.data)
    result_lx                                0x200000d8   Data           4  bh1750.o(.data)
    W25QXX_TYPE                              0x20000112   Data           2  w25qxx.o(.data)
    USART_RX_STA                             0x20000118   Data           2  usart.o(.data)
    __stdout                                 0x2000011c   Data           4  usart.o(.data)
    pxCurrentTCB                             0x20000130   Data           4  tasks.o(.data)
    datatemp                                 0x200001a4   Data          47  main.o(.bss)
    W25QXX_BUFFER                            0x200001e4   Data        4096  w25qxx.o(.bss)
    USART_RX_BUF                             0x200011e4   Data         200  usart.o(.bss)
    xQueueRegistry                           0x200012ac   Data          64  queue.o(.bss)
    __libspace_start                         0x200065f8   Data          96  libspace.o(.bss)
    __temporary_stack_top$libspace           0x20006658   Data           0  libspace.o(.bss)



==============================================================================

Memory Map of the image

  Image Entry point : 0x08000189

  Load Region LR_IROM1 (Base: 0x08000000, Size: 0x0000dd64, Max: 0x00100000, ABSOLUTE, COMPRESSED[0x0000dc28])

    Execution Region ER_IROM1 (Base: 0x08000000, Size: 0x0000dbc0, Max: 0x00100000, ABSOLUTE)

    Base Addr    Size         Type   Attr      Idx    E Section Name        Object

    0x08000000   0x00000188   Data   RO         1745    RESET               startup_stm32f40_41xxx.o
    0x08000188   0x00000008   Code   RO         4938  * !!!main             c_w.l(__main.o)
    0x08000190   0x00000034   Code   RO         5295    !!!scatter          c_w.l(__scatter.o)
    0x080001c4   0x0000005a   Code   RO         5293    !!dczerorl2         c_w.l(__dczerorl2.o)
    0x0800021e   0x00000002   PAD
    0x08000220   0x0000001c   Code   RO         5297    !!handler_zi        c_w.l(__scatter_zi.o)
    0x0800023c   0x00000000   Code   RO         4925    .ARM.Collect$$_printf_percent$$00000000  c_w.l(_printf_percent.o)
    0x0800023c   0x00000006   Code   RO         4923    .ARM.Collect$$_printf_percent$$00000009  c_w.l(_printf_d.o)
    0x08000242   0x00000006   Code   RO         4921    .ARM.Collect$$_printf_percent$$00000014  c_w.l(_printf_s.o)
    0x08000248   0x00000004   Code   RO         5033    .ARM.Collect$$_printf_percent$$00000017  c_w.l(_printf_percent_end.o)
    0x0800024c   0x00000002   Code   RO         5164    .ARM.Collect$$libinit$$00000000  c_w.l(libinit.o)
    0x0800024e   0x00000004   Code   RO         5173    .ARM.Collect$$libinit$$00000001  c_w.l(libinit2.o)
    0x08000252   0x00000000   Code   RO         5176    .ARM.Collect$$libinit$$00000004  c_w.l(libinit2.o)
    0x08000252   0x00000000   Code   RO         5179    .ARM.Collect$$libinit$$0000000A  c_w.l(libinit2.o)
    0x08000252   0x00000000   Code   RO         5181    .ARM.Collect$$libinit$$0000000C  c_w.l(libinit2.o)
    0x08000252   0x00000000   Code   RO         5183    .ARM.Collect$$libinit$$0000000E  c_w.l(libinit2.o)
    0x08000252   0x00000000   Code   RO         5186    .ARM.Collect$$libinit$$00000011  c_w.l(libinit2.o)
    0x08000252   0x00000000   Code   RO         5188    .ARM.Collect$$libinit$$00000013  c_w.l(libinit2.o)
    0x08000252   0x00000000   Code   RO         5190    .ARM.Collect$$libinit$$00000015  c_w.l(libinit2.o)
    0x08000252   0x00000000   Code   RO         5192    .ARM.Collect$$libinit$$00000017  c_w.l(libinit2.o)
    0x08000252   0x00000000   Code   RO         5194    .ARM.Collect$$libinit$$00000019  c_w.l(libinit2.o)
    0x08000252   0x00000000   Code   RO         5196    .ARM.Collect$$libinit$$0000001B  c_w.l(libinit2.o)
    0x08000252   0x00000000   Code   RO         5198    .ARM.Collect$$libinit$$0000001D  c_w.l(libinit2.o)
    0x08000252   0x00000000   Code   RO         5200    .ARM.Collect$$libinit$$0000001F  c_w.l(libinit2.o)
    0x08000252   0x00000000   Code   RO         5202    .ARM.Collect$$libinit$$00000021  c_w.l(libinit2.o)
    0x08000252   0x00000000   Code   RO         5204    .ARM.Collect$$libinit$$00000023  c_w.l(libinit2.o)
    0x08000252   0x00000000   Code   RO         5206    .ARM.Collect$$libinit$$00000025  c_w.l(libinit2.o)
    0x08000252   0x00000000   Code   RO         5210    .ARM.Collect$$libinit$$0000002C  c_w.l(libinit2.o)
    0x08000252   0x00000000   Code   RO         5212    .ARM.Collect$$libinit$$0000002E  c_w.l(libinit2.o)
    0x08000252   0x00000000   Code   RO         5214    .ARM.Collect$$libinit$$00000030  c_w.l(libinit2.o)
    0x08000252   0x00000000   Code   RO         5216    .ARM.Collect$$libinit$$00000032  c_w.l(libinit2.o)
    0x08000252   0x00000002   Code   RO         5217    .ARM.Collect$$libinit$$00000033  c_w.l(libinit2.o)
    0x08000254   0x00000002   Code   RO         5245    .ARM.Collect$$libshutdown$$00000000  c_w.l(libshutdown.o)
    0x08000256   0x00000000   Code   RO         5259    .ARM.Collect$$libshutdown$$00000002  c_w.l(libshutdown2.o)
    0x08000256   0x00000000   Code   RO         5261    .ARM.Collect$$libshutdown$$00000004  c_w.l(libshutdown2.o)
    0x08000256   0x00000000   Code   RO         5264    .ARM.Collect$$libshutdown$$00000007  c_w.l(libshutdown2.o)
    0x08000256   0x00000000   Code   RO         5267    .ARM.Collect$$libshutdown$$0000000A  c_w.l(libshutdown2.o)
    0x08000256   0x00000000   Code   RO         5269    .ARM.Collect$$libshutdown$$0000000C  c_w.l(libshutdown2.o)
    0x08000256   0x00000000   Code   RO         5272    .ARM.Collect$$libshutdown$$0000000F  c_w.l(libshutdown2.o)
    0x08000256   0x00000002   Code   RO         5273    .ARM.Collect$$libshutdown$$00000010  c_w.l(libshutdown2.o)
    0x08000258   0x00000000   Code   RO         5018    .ARM.Collect$$rtentry$$00000000  c_w.l(__rtentry.o)
    0x08000258   0x00000000   Code   RO         5115    .ARM.Collect$$rtentry$$00000002  c_w.l(__rtentry2.o)
    0x08000258   0x00000006   Code   RO         5127    .ARM.Collect$$rtentry$$00000004  c_w.l(__rtentry4.o)
    0x0800025e   0x00000000   Code   RO         5117    .ARM.Collect$$rtentry$$00000009  c_w.l(__rtentry2.o)
    0x0800025e   0x00000004   Code   RO         5118    .ARM.Collect$$rtentry$$0000000A  c_w.l(__rtentry2.o)
    0x08000262   0x00000000   Code   RO         5120    .ARM.Collect$$rtentry$$0000000C  c_w.l(__rtentry2.o)
    0x08000262   0x00000008   Code   RO         5121    .ARM.Collect$$rtentry$$0000000D  c_w.l(__rtentry2.o)
    0x0800026a   0x00000002   Code   RO         5167    .ARM.Collect$$rtexit$$00000000  c_w.l(rtexit.o)
    0x0800026c   0x00000000   Code   RO         5219    .ARM.Collect$$rtexit$$00000002  c_w.l(rtexit2.o)
    0x0800026c   0x00000004   Code   RO         5220    .ARM.Collect$$rtexit$$00000003  c_w.l(rtexit2.o)
    0x08000270   0x00000006   Code   RO         5221    .ARM.Collect$$rtexit$$00000004  c_w.l(rtexit2.o)
    0x08000276   0x00000002   PAD
    0x08000278   0x000000b6   Code   RO         4717    .emb_text           port.o
    0x0800032e   0x00000002   PAD
    0x08000330   0x00000040   Code   RO         1746    .text               startup_stm32f40_41xxx.o
    0x08000370   0x00000002   Code   RO         4859    .text               c_w.l(use_no_semi_2.o)
    0x08000372   0x00000048   Code   RO         4861    .text               c_w.l(llsdiv.o)
    0x080003ba   0x00000002   PAD
    0x080003bc   0x00000018   Code   RO         4867    .text               c_w.l(noretval__2printf.o)
    0x080003d4   0x00000028   Code   RO         4869    .text               c_w.l(noretval__2sprintf.o)
    0x080003fc   0x0000004e   Code   RO         4873    .text               c_w.l(_printf_pad.o)
    0x0800044a   0x00000052   Code   RO         4875    .text               c_w.l(_printf_str.o)
    0x0800049c   0x00000078   Code   RO         4877    .text               c_w.l(_printf_dec.o)
    0x08000514   0x00000138   Code   RO         4912    .text               c_w.l(__printf_flags_wp.o)
    0x0800064c   0x00000058   Code   RO         4926    .text               c_w.l(memcmp.o)
    0x080006a4   0x0000008a   Code   RO         4932    .text               c_w.l(rt_memcpy_v6.o)
    0x0800072e   0x00000010   Code   RO         4934    .text               c_w.l(aeabi_memset.o)
    0x0800073e   0x00000006   Code   RO         4936    .text               c_w.l(heapauxi.o)
    0x08000744   0x00000002   Code   RO         5016    .text               c_w.l(use_no_semi.o)
    0x08000746   0x000000ee   Code   RO         5019    .text               c_w.l(lludivv7m.o)
    0x08000834   0x00000016   Code   RO         5021    .text               c_w.l(_rserrno.o)
    0x0800084a   0x000000b2   Code   RO         5023    .text               c_w.l(_printf_intcommon.o)
    0x080008fc   0x00000030   Code   RO         5025    .text               c_w.l(_printf_char_common.o)
    0x0800092c   0x0000000a   Code   RO         5027    .text               c_w.l(_sputc.o)
    0x08000936   0x0000002c   Code   RO         5029    .text               c_w.l(_printf_char.o)
    0x08000962   0x00000002   PAD
    0x08000964   0x00000024   Code   RO         5031    .text               c_w.l(_printf_char_file.o)
    0x08000988   0x00000064   Code   RO         5034    .text               c_w.l(rt_memcpy_w.o)
    0x080009ec   0x00000044   Code   RO         5036    .text               c_w.l(rt_memclr.o)
    0x08000a30   0x00000008   Code   RO         5136    .text               c_w.l(rt_errno_addr_intlibspace.o)
    0x08000a38   0x00000008   Code   RO         5140    .text               c_w.l(ferror.o)
    0x08000a40   0x0000004e   Code   RO         5144    .text               c_w.l(rt_memclr_w.o)
    0x08000a8e   0x00000002   PAD
    0x08000a90   0x00000008   Code   RO         5150    .text               c_w.l(libspace.o)
    0x08000a98   0x0000004a   Code   RO         5153    .text               c_w.l(sys_stackheap_outer.o)
    0x08000ae2   0x00000012   Code   RO         5157    .text               c_w.l(exit.o)
    0x08000af4   0x00000002   Code   RO          291    i.BusFault_Handler  stm32f4xx_it.o
    0x08000af6   0x0000001a   Code   RO            3    i.COMMAND_JUDGE     main.o
    0x08000b10   0x00000032   Code   RO          427    i.Cmd_Write_BH1750  bh1750.o
    0x08000b42   0x00000002   PAD
    0x08000b44   0x00000038   Code   RO          428    i.Convert_BH1750    bh1750.o
    0x08000b7c   0x00000060   Code   RO          542    i.DHT11_Check       dht11.o
    0x08000bdc   0x0000003c   Code   RO          543    i.DHT11_Init        dht11.o
    0x08000c18   0x0000004c   Code   RO          544    i.DHT11_Read_Bit    dht11.o
    0x08000c64   0x0000001a   Code   RO          545    i.DHT11_Read_Byte   dht11.o
    0x08000c7e   0x00000050   Code   RO          546    i.DHT11_Read_Data   dht11.o
    0x08000cce   0x00000002   PAD
    0x08000cd0   0x00000038   Code   RO          547    i.DHT11_Rst         dht11.o
    0x08000d08   0x00000002   Code   RO          292    i.DebugMon_Handler  stm32f4xx_it.o
    0x08000d0a   0x000000bc   Code   RO         1476    i.Draw_Circle       lcd.o
    0x08000dc6   0x00000002   PAD
    0x08000dc8   0x0000000c   Code   RO         3427    i.EXTI_ClearITPendingBit  stm32f4xx_exti.o
    0x08000dd4   0x0000007c   Code   RO         1797    i.GPIO_Init         stm32f4xx_gpio.o
    0x08000e50   0x00000020   Code   RO         1798    i.GPIO_PinAFConfig  stm32f4xx_gpio.o
    0x08000e70   0x0000000e   Code   RO         1801    i.GPIO_ReadInputDataBit  stm32f4xx_gpio.o
    0x08000e7e   0x00000004   Code   RO         1804    i.GPIO_ResetBits    stm32f4xx_gpio.o
    0x08000e82   0x00000004   Code   RO         1805    i.GPIO_SetBits      stm32f4xx_gpio.o
    0x08000e86   0x00000002   Code   RO          293    i.HardFault_Handler  stm32f4xx_it.o
    0x08000e88   0x00000038   Code   RO          480    i.IIC_Ack           myiic.o
    0x08000ec0   0x00000038   Code   RO          592    i.IIC_B_Ack         myiic_b.o
    0x08000ef8   0x00000040   Code   RO          593    i.IIC_B_Init        myiic_b.o
    0x08000f38   0x00000038   Code   RO          594    i.IIC_B_NAck        myiic_b.o
    0x08000f70   0x00000068   Code   RO          595    i.IIC_B_Read_Byte   myiic_b.o
    0x08000fd8   0x00000060   Code   RO          596    i.IIC_B_Send_Byte   myiic_b.o
    0x08001038   0x00000038   Code   RO          597    i.IIC_B_Start       myiic_b.o
    0x08001070   0x0000003c   Code   RO          598    i.IIC_B_Stop        myiic_b.o
    0x080010ac   0x00000054   Code   RO          599    i.IIC_B_Wait_Ack    myiic_b.o
    0x08001100   0x0000003c   Code   RO          481    i.IIC_Init          myiic.o
    0x0800113c   0x00000038   Code   RO          482    i.IIC_NAck          myiic.o
    0x08001174   0x00000068   Code   RO          483    i.IIC_Read_Byte     myiic.o
    0x080011dc   0x00000060   Code   RO          484    i.IIC_Send_Byte     myiic.o
    0x0800123c   0x00000038   Code   RO          485    i.IIC_Start         myiic.o
    0x08001274   0x0000003c   Code   RO          486    i.IIC_Stop          myiic.o
    0x080012b0   0x00000054   Code   RO          487    i.IIC_Wait_Ack      myiic.o
    0x08001304   0x00000044   Code   RO         1253    i.KEY_Init          key.o
    0x08001348   0x000000cc   Code   RO         1254    i.KEY_Scan          key.o
    0x08001414   0x00000042   Code   RO         1562    i.LCD_Address_Set   lcd_init.o
    0x08001456   0x0000009a   Code   RO         1477    i.LCD_DrawLine      lcd.o
    0x080014f0   0x00000016   Code   RO         1478    i.LCD_DrawPoint     lcd.o
    0x08001506   0x0000004a   Code   RO         1479    i.LCD_DrawRectangle  lcd.o
    0x08001550   0x00000040   Code   RO         1480    i.LCD_Fill          lcd.o
    0x08001590   0x000000a0   Code   RO         1563    i.LCD_GPIO_Init     lcd_init.o
    0x08001630   0x00000200   Code   RO         1564    i.LCD_Init          lcd_init.o
    0x08001830   0x0000011c   Code   RO         1481    i.LCD_ShowChar      lcd.o
    0x0800194c   0x00000084   Code   RO         1483    i.LCD_ShowIntNum    lcd.o
    0x080019d0   0x00000036   Code   RO         1485    i.LCD_ShowString    lcd.o
    0x08001a06   0x00000014   Code   RO         1565    i.LCD_WR_DATA       lcd_init.o
    0x08001a1a   0x00000004   Code   RO         1566    i.LCD_WR_DATA8      lcd_init.o
    0x08001a1e   0x00000002   PAD
    0x08001a20   0x00000028   Code   RO         1567    i.LCD_WR_REG        lcd_init.o
    0x08001a48   0x00000060   Code   RO         1568    i.LCD_Writ_Bus      lcd_init.o
    0x08001aa8   0x00000040   Code   RO          407    i.LED_Init          led.o
    0x08001ae8   0x00000070   Code   RO          656    i.MPU_Read_Len      mpu6050.o
    0x08001b58   0x0000005a   Code   RO          662    i.MPU_Write_Len     mpu6050.o
    0x08001bb2   0x00000002   Code   RO          294    i.MemManage_Handler  stm32f4xx_it.o
    0x08001bb4   0x00000088   Code   RO         1280    i.My_RTC_Init       rtc.o
    0x08001c3c   0x00000002   Code   RO          295    i.NMI_Handler       stm32f4xx_it.o
    0x08001c3e   0x00000002   PAD
    0x08001c40   0x00000068   Code   RO         1752    i.NVIC_Init         misc.o
    0x08001ca8   0x00000014   Code   RO         1753    i.NVIC_PriorityGroupConfig  misc.o
    0x08001cbc   0x0000000c   Code   RO         3304    i.PWR_BackupAccessCmd  stm32f4xx_pwr.o
    0x08001cc8   0x0000001c   Code   RO         1894    i.RCC_AHB1PeriphClockCmd  stm32f4xx_rcc.o
    0x08001ce4   0x0000001c   Code   RO         1903    i.RCC_APB1PeriphClockCmd  stm32f4xx_rcc.o
    0x08001d00   0x0000001c   Code   RO         1906    i.RCC_APB2PeriphClockCmd  stm32f4xx_rcc.o
    0x08001d1c   0x0000001c   Code   RO         1908    i.RCC_APB2PeriphResetCmd  stm32f4xx_rcc.o
    0x08001d38   0x000000a0   Code   RO         1915    i.RCC_GetClocksFreq  stm32f4xx_rcc.o
    0x08001dd8   0x00000038   Code   RO         1916    i.RCC_GetFlagStatus  stm32f4xx_rcc.o
    0x08001e10   0x00000020   Code   RO         1924    i.RCC_LSEConfig     stm32f4xx_rcc.o
    0x08001e30   0x0000000c   Code   RO         1938    i.RCC_RTCCLKCmd     stm32f4xx_rcc.o
    0x08001e3c   0x00000030   Code   RO         1939    i.RCC_RTCCLKConfig  stm32f4xx_rcc.o
    0x08001e6c   0x00000022   Code   RO         1281    i.RTC_Alarm_IRQHandler  rtc.o
    0x08001e8e   0x00000012   Code   RO         2953    i.RTC_Bcd2ToByte    stm32f4xx_rtc.o
    0x08001ea0   0x00000018   Code   RO         2955    i.RTC_ByteToBcd2    stm32f4xx_rtc.o
    0x08001eb8   0x0000001c   Code   RO         2958    i.RTC_ClearFlag     stm32f4xx_rtc.o
    0x08001ed4   0x00000044   Code   RO         2965    i.RTC_EnterInitMode  stm32f4xx_rtc.o
    0x08001f18   0x00000010   Code   RO         2966    i.RTC_ExitInitMode  stm32f4xx_rtc.o
    0x08001f28   0x0000001c   Code   RO         2970    i.RTC_GetFlagStatus  stm32f4xx_rtc.o
    0x08001f44   0x0000004c   Code   RO         2974    i.RTC_GetTime       stm32f4xx_rtc.o
    0x08001f90   0x00000050   Code   RO         2979    i.RTC_Init          stm32f4xx_rtc.o
    0x08001fe0   0x00000014   Code   RO         2982    i.RTC_ReadBackupRegister  stm32f4xx_rtc.o
    0x08001ff4   0x000000a4   Code   RO         2985    i.RTC_SetDate       stm32f4xx_rtc.o
    0x08002098   0x000000a8   Code   RO         2986    i.RTC_SetTime       stm32f4xx_rtc.o
    0x08002140   0x0000001c   Code   RO         1282    i.RTC_Set_Date      rtc.o
    0x0800215c   0x0000001c   Code   RO         1283    i.RTC_Set_Time      rtc.o
    0x08002178   0x00000022   Code   RO         1285    i.RTC_WKUP_IRQHandler  rtc.o
    0x0800219a   0x00000002   PAD
    0x0800219c   0x0000004c   Code   RO         3002    i.RTC_WaitForSynchro  stm32f4xx_rtc.o
    0x080021e8   0x00000014   Code   RO         3005    i.RTC_WriteBackupRegister  stm32f4xx_rtc.o
    0x080021fc   0x00000038   Code   RO          429    i.Read_BH1750       bh1750.o
    0x08002234   0x000000c4   Code   RO         1333    i.SPI1_Init         spi.o
    0x080022f8   0x00000034   Code   RO         1334    i.SPI1_ReadWriteByte  spi.o
    0x0800232c   0x0000001c   Code   RO         1335    i.SPI1_SetSpeed     spi.o
    0x08002348   0x00000018   Code   RO         3625    i.SPI_Cmd           stm32f4xx_spi.o
    0x08002360   0x0000000e   Code   RO         3633    i.SPI_I2S_GetFlagStatus  stm32f4xx_spi.o
    0x0800236e   0x00000004   Code   RO         3636    i.SPI_I2S_ReceiveData  stm32f4xx_spi.o
    0x08002372   0x00000004   Code   RO         3637    i.SPI_I2S_SendData  stm32f4xx_spi.o
    0x08002376   0x00000038   Code   RO         3638    i.SPI_Init          stm32f4xx_spi.o
    0x080023ae   0x00000002   PAD
    0x080023b0   0x000000b8   Code   RO          370    i.SetSysClock       system_stm32f4xx.o
    0x08002468   0x00000018   Code   RO          431    i.Start_BH1750      bh1750.o
    0x08002480   0x0000001c   Code   RO         1756    i.SysTick_CLKSourceConfig  misc.o
    0x0800249c   0x00000014   Code   RO         1618    i.SysTick_Handler   delay.o
    0x080024b0   0x0000005c   Code   RO          372    i.SystemInit        system_stm32f4xx.o
    0x0800250c   0x00000020   Code   RO          432    i.TaskBH1750        bh1750.o
    0x0800252c   0x00000068   Code   RO         1692    i.USART1_IRQHandler  usart.o
    0x08002594   0x00000018   Code   RO         2288    i.USART_Cmd         stm32f4xx_usart.o
    0x080025ac   0x00000040   Code   RO         2292    i.USART_GetITStatus  stm32f4xx_usart.o
    0x080025ec   0x00000036   Code   RO         2294    i.USART_ITConfig    stm32f4xx_usart.o
    0x08002622   0x00000002   PAD
    0x08002624   0x000000bc   Code   RO         2295    i.USART_Init        stm32f4xx_usart.o
    0x080026e0   0x00000008   Code   RO         2302    i.USART_ReceiveData  stm32f4xx_usart.o
    0x080026e8   0x00000002   Code   RO          296    i.UsageFault_Handler  stm32f4xx_it.o
    0x080026ea   0x00000002   PAD
    0x080026ec   0x00000040   Code   RO         1366    i.W25QXX_Erase_Sector  w25qxx.o
    0x0800272c   0x00000074   Code   RO         1367    i.W25QXX_Init       w25qxx.o
    0x080027a0   0x00000050   Code   RO         1369    i.W25QXX_Read       w25qxx.o
    0x080027f0   0x0000003c   Code   RO         1370    i.W25QXX_ReadID     w25qxx.o
    0x0800282c   0x00000020   Code   RO         1371    i.W25QXX_ReadSR     w25qxx.o
    0x0800284c   0x0000000c   Code   RO         1373    i.W25QXX_Wait_Busy  w25qxx.o
    0x08002858   0x000000a4   Code   RO         1374    i.W25QXX_Write      w25qxx.o
    0x080028fc   0x00000018   Code   RO         1376    i.W25QXX_Write_Enable  w25qxx.o
    0x08002914   0x0000003e   Code   RO         1377    i.W25QXX_Write_NoCheck  w25qxx.o
    0x08002952   0x00000002   PAD
    0x08002954   0x00000058   Code   RO         1378    i.W25QXX_Write_Page  w25qxx.o
    0x080029ac   0x00000030   Code   RO         5086    i.__ARM_fpclassify  m_wm.l(fpclassify.o)
    0x080029dc   0x00000004   PAD
    0x080029e0   0x00000360   Code   RO         4966    i.__hardfp_asin     m_wm.l(asin.o)
    0x08002d40   0x000002d8   Code   RO         5049    i.__hardfp_atan     m_wm.l(atan.o)
    0x08003018   0x000001f0   Code   RO         4980    i.__hardfp_atan2    m_wm.l(atan2.o)
    0x08003208   0x000000c8   Code   RO         4992    i.__hardfp_cos      m_wm.l(cos.o)
    0x080032d0   0x000000c8   Code   RO         5004    i.__hardfp_sin      m_wm.l(sin.o)
    0x08003398   0x00000438   Code   RO         5091    i.__ieee754_rem_pio2  m_wm.l(rred.o)
    0x080037d0   0x00000170   Code   RO         5063    i.__kernel_cos      m_wm.l(cos_i.o)
    0x08003940   0x000000f8   Code   RO         5088    i.__kernel_poly     m_wm.l(poly.o)
    0x08003a38   0x00000130   Code   RO         5096    i.__kernel_sin      m_wm.l(sin_i.o)
    0x08003b68   0x00000014   Code   RO         5067    i.__mathlib_dbl_infnan  m_wm.l(dunder.o)
    0x08003b7c   0x00000014   Code   RO         5068    i.__mathlib_dbl_infnan2  m_wm.l(dunder.o)
    0x08003b90   0x00000020   Code   RO         5069    i.__mathlib_dbl_invalid  m_wm.l(dunder.o)
    0x08003bb0   0x00000020   Code   RO         5072    i.__mathlib_dbl_underflow  m_wm.l(dunder.o)
    0x08003bd0   0x0000000e   Code   RO         4910    i._is_digit         c_w.l(__printf_wp.o)
    0x08003bde   0x00000002   Code   RO         1693    i._sys_exit         usart.o
    0x08003be0   0x00000094   Code   RO          722    i.accel_self_test   inv_mpu.o
    0x08003c74   0x00000010   Code   RO         5051    i.atan              m_wm.l(atan.o)
    0x08003c84   0x00000020   Code   RO            4    i.bh1750_task       main.o
    0x08003ca4   0x0000003c   Code   RO         1063    i.decode_gesture    inv_mpu_dmp_motion_driver.o
    0x08003ce0   0x00000034   Code   RO         1619    i.delay_init        delay.o
    0x08003d14   0x00000038   Code   RO         1620    i.delay_ms          delay.o
    0x08003d4c   0x00000038   Code   RO         1621    i.delay_us          delay.o
    0x08003d84   0x0000003c   Code   RO         1064    i.dmp_enable_6x_lp_quat  inv_mpu_dmp_motion_driver.o
    0x08003dc0   0x000001ec   Code   RO         1065    i.dmp_enable_feature  inv_mpu_dmp_motion_driver.o
    0x08003fac   0x00000058   Code   RO         1066    i.dmp_enable_gyro_cal  inv_mpu_dmp_motion_driver.o
    0x08004004   0x0000003c   Code   RO         1067    i.dmp_enable_lp_quat  inv_mpu_dmp_motion_driver.o
    0x08004040   0x00000014   Code   RO         1072    i.dmp_load_motion_driver_firmware  inv_mpu_dmp_motion_driver.o
    0x08004054   0x00000184   Code   RO         1073    i.dmp_read_fifo     inv_mpu_dmp_motion_driver.o
    0x080041d8   0x0000010c   Code   RO         1076    i.dmp_set_accel_bias  inv_mpu_dmp_motion_driver.o
    0x080042e4   0x00000070   Code   RO         1077    i.dmp_set_fifo_rate  inv_mpu_dmp_motion_driver.o
    0x08004354   0x00000108   Code   RO         1078    i.dmp_set_gyro_bias  inv_mpu_dmp_motion_driver.o
    0x0800445c   0x00000118   Code   RO         1080    i.dmp_set_orientation  inv_mpu_dmp_motion_driver.o
    0x08004574   0x00000030   Code   RO         1083    i.dmp_set_shake_reject_thresh  inv_mpu_dmp_motion_driver.o
    0x080045a4   0x00000020   Code   RO         1084    i.dmp_set_shake_reject_time  inv_mpu_dmp_motion_driver.o
    0x080045c4   0x00000020   Code   RO         1085    i.dmp_set_shake_reject_timeout  inv_mpu_dmp_motion_driver.o
    0x080045e4   0x00000038   Code   RO         1086    i.dmp_set_tap_axes  inv_mpu_dmp_motion_driver.o
    0x0800461c   0x00000022   Code   RO         1087    i.dmp_set_tap_count  inv_mpu_dmp_motion_driver.o
    0x0800463e   0x00000002   PAD
    0x08004640   0x0000019c   Code   RO         1088    i.dmp_set_tap_thresh  inv_mpu_dmp_motion_driver.o
    0x080047dc   0x00000020   Code   RO         1089    i.dmp_set_tap_time  inv_mpu_dmp_motion_driver.o
    0x080047fc   0x00000020   Code   RO         1090    i.dmp_set_tap_time_multi  inv_mpu_dmp_motion_driver.o
    0x0800481c   0x00000018   Code   RO         5082    i.fabs              m_wm.l(fabs.o)
    0x08004834   0x000001a8   Code   RO            5    i.first_mode        main.o
    0x080049dc   0x000000e0   Code   RO            6    i.flash_task        main.o
    0x08004abc   0x00000014   Code   RO         1694    i.fputc             usart.o
    0x08004ad0   0x000000b8   Code   RO          723    i.get_accel_prod_shift  inv_mpu.o
    0x08004b88   0x000003d8   Code   RO          724    i.get_st_biases     inv_mpu.o
    0x08004f60   0x000000d8   Code   RO          725    i.gyro_self_test    inv_mpu.o
    0x08005038   0x00000024   Code   RO          726    i.inv_orientation_matrix_to_scalar  inv_mpu.o
    0x0800505c   0x00000048   Code   RO          727    i.inv_row_2_scale   inv_mpu.o
    0x080050a4   0x00000244   Code   RO            7    i.lcd_task          main.o
    0x080052e8   0x0000028c   Code   RO            8    i.main              main.o
    0x08005574   0x00000002   Code   RO          728    i.mget_ms           inv_mpu.o
    0x08005576   0x00000002   PAD
    0x08005578   0x00000018   Code   RO            9    i.mpu6050_task      main.o
    0x08005590   0x00000060   Code   RO          729    i.mpu_configure_fifo  inv_mpu.o
    0x080055f0   0x00000164   Code   RO          730    i.mpu_dmp_get_data  inv_mpu.o
    0x08005754   0x00000094   Code   RO          731    i.mpu_dmp_init      inv_mpu.o
    0x080057e8   0x00000044   Code   RO          732    i.mpu_get_accel_fsr  inv_mpu.o
    0x0800582c   0x0000004c   Code   RO          734    i.mpu_get_accel_sens  inv_mpu.o
    0x08005878   0x00000010   Code   RO          739    i.mpu_get_fifo_config  inv_mpu.o
    0x08005888   0x00000040   Code   RO          740    i.mpu_get_gyro_fsr  inv_mpu.o
    0x080058c8   0x00000058   Code   RO          742    i.mpu_get_gyro_sens  inv_mpu.o
    0x08005920   0x00000044   Code   RO          744    i.mpu_get_lpf       inv_mpu.o
    0x08005964   0x0000001c   Code   RO          746    i.mpu_get_sample_rate  inv_mpu.o
    0x08005980   0x000001ac   Code   RO          748    i.mpu_init          inv_mpu.o
    0x08005b2c   0x000000b4   Code   RO          749    i.mpu_load_firmware  inv_mpu.o
    0x08005be0   0x000000d0   Code   RO          750    i.mpu_lp_accel_mode  inv_mpu.o
    0x08005cb0   0x000000ac   Code   RO          753    i.mpu_read_fifo_stream  inv_mpu.o
    0x08005d5c   0x00000070   Code   RO          754    i.mpu_read_mem      inv_mpu.o
    0x08005dcc   0x0000016c   Code   RO          757    i.mpu_reset_fifo    inv_mpu.o
    0x08005f38   0x000000f8   Code   RO          758    i.mpu_run_self_test  inv_mpu.o
    0x08006030   0x00000074   Code   RO          760    i.mpu_set_accel_fsr  inv_mpu.o
    0x080060a4   0x00000118   Code   RO          761    i.mpu_set_bypass    inv_mpu.o
    0x080061bc   0x0000007c   Code   RO          763    i.mpu_set_dmp_state  inv_mpu.o
    0x08006238   0x00000078   Code   RO          764    i.mpu_set_gyro_fsr  inv_mpu.o
    0x080062b0   0x00000060   Code   RO          765    i.mpu_set_int_latched  inv_mpu.o
    0x08006310   0x0000007c   Code   RO          767    i.mpu_set_lpf       inv_mpu.o
    0x0800638c   0x00000084   Code   RO          768    i.mpu_set_sample_rate  inv_mpu.o
    0x08006410   0x000000b0   Code   RO          769    i.mpu_set_sensors   inv_mpu.o
    0x080064c0   0x00000070   Code   RO          770    i.mpu_write_mem     inv_mpu.o
    0x08006530   0x00000010   Code   RO         1486    i.mypow             lcd.o
    0x08006540   0x00000070   Code   RO         4211    i.prvAddCurrentTaskToDelayedList  tasks.o
    0x080065b0   0x0000008c   Code   RO         4212    i.prvAddNewTaskToReadyList  tasks.o
    0x0800663c   0x00000050   Code   RO         4579    i.prvCheckForValidListAndQueue  timers.o
    0x0800668c   0x00000054   Code   RO         4213    i.prvCheckTasksWaitingTermination  tasks.o
    0x080066e0   0x00000028   Code   RO         3967    i.prvCopyDataFromQueue  queue.o
    0x08006708   0x0000006e   Code   RO         3968    i.prvCopyDataToQueue  queue.o
    0x08006776   0x00000014   Code   RO         4214    i.prvDeleteTCB      tasks.o
    0x0800678a   0x00000002   PAD
    0x0800678c   0x00000024   Code   RO         4580    i.prvGetNextExpireTime  timers.o
    0x080067b0   0x0000004c   Code   RO         4802    i.prvHeapInit       heap_4.o
    0x080067fc   0x00000028   Code   RO         4215    i.prvIdleTask       tasks.o
    0x08006824   0x00000026   Code   RO         3970    i.prvInitialiseNewQueue  queue.o
    0x0800684a   0x00000002   PAD
    0x0800684c   0x000000bc   Code   RO         4216    i.prvInitialiseNewTask  tasks.o
    0x08006908   0x00000058   Code   RO         4217    i.prvInitialiseTaskLists  tasks.o
    0x08006960   0x00000054   Code   RO         4803    i.prvInsertBlockIntoFreeList  heap_4.o
    0x080069b4   0x00000040   Code   RO         4582    i.prvInsertTimerInActiveList  timers.o
    0x080069f4   0x0000001a   Code   RO         3971    i.prvIsQueueEmpty   queue.o
    0x08006a0e   0x0000001e   Code   RO         3972    i.prvIsQueueFull    queue.o
    0x08006a2c   0x00000094   Code   RO         3973    i.prvNotifyQueueSetContainer  queue.o
    0x08006ac0   0x00000080   Code   RO         4583    i.prvProcessExpiredTimer  timers.o
    0x08006b40   0x000000f0   Code   RO         4584    i.prvProcessReceivedCommands  timers.o
    0x08006c30   0x0000006c   Code   RO         4585    i.prvProcessTimerOrBlockTask  timers.o
    0x08006c9c   0x00000024   Code   RO         4219    i.prvResetNextTaskUnblockTime  tasks.o
    0x08006cc0   0x0000002c   Code   RO         4586    i.prvSampleTimeNow  timers.o
    0x08006cec   0x00000090   Code   RO         4587    i.prvSwitchTimerLists  timers.o
    0x08006d7c   0x00000064   Code   RO         4718    i.prvTaskExitError  port.o
    0x08006de0   0x00000058   Code   RO         4221    i.prvTaskIsTaskSuspended  tasks.o
    0x08006e38   0x00000014   Code   RO         4588    i.prvTimerTask      timers.o
    0x08006e4c   0x0000007e   Code   RO         3974    i.prvUnlockQueue    queue.o
    0x08006eca   0x00000002   PAD
    0x08006ecc   0x0000010c   Code   RO         4804    i.pvPortMalloc      heap_4.o
    0x08006fd8   0x00000018   Code   RO         4223    i.pvTaskIncrementMutexHeldCount  tasks.o
    0x08006ff0   0x00000024   Code   RO         4719    i.pxPortInitialiseStack  port.o
    0x08007014   0x00000088   Code   RO          771    i.run_self_test     inv_mpu.o
    0x0800709c   0x000001cc   Code   RO           10    i.second_fresh_display  main.o
    0x08007268   0x000001f4   Code   RO           11    i.second_mode       main.o
    0x0800745c   0x00000074   Code   RO          772    i.set_int_enable    inv_mpu.o
    0x080074d0   0x0000006e   Code   RO         5104    i.sqrt              m_wm.l(sqrt.o)
    0x0800753e   0x00000002   PAD
    0x08007540   0x000000e8   Code   RO           12    i.start_task        main.o
    0x08007628   0x000000ac   Code   RO         1695    i.uart_init         usart.o
    0x080076d4   0x00000220   Code   RO           13    i.usart_trans_task  main.o
    0x080078f4   0x00000024   Code   RO         3922    i.uxListRemove      list.o
    0x08007918   0x00000016   Code   RO         3923    i.vListInitialise   list.o
    0x0800792e   0x00000006   Code   RO         3924    i.vListInitialiseItem  list.o
    0x08007934   0x00000030   Code   RO         3925    i.vListInsert       list.o
    0x08007964   0x00000018   Code   RO         3926    i.vListInsertEnd    list.o
    0x0800797c   0x00000078   Code   RO         4721    i.vPortEnterCritical  port.o
    0x080079f4   0x00000068   Code   RO         4722    i.vPortExitCritical  port.o
    0x08007a5c   0x0000009c   Code   RO         4805    i.vPortFree         heap_4.o
    0x08007af8   0x00000020   Code   RO         4723    i.vPortSetupTimerInterrupt  port.o
    0x08007b18   0x0000008c   Code   RO         4724    i.vPortValidateInterruptPriority  port.o
    0x08007ba4   0x00000024   Code   RO         3980    i.vQueueAddToRegistry  queue.o
    0x08007bc8   0x00000046   Code   RO         3984    i.vQueueWaitForMessageRestricted  queue.o
    0x08007c0e   0x00000002   PAD
    0x08007c10   0x00000070   Code   RO         4231    i.vTaskDelay        tasks.o
    0x08007c80   0x000000cc   Code   RO         4233    i.vTaskDelete       tasks.o
    0x08007d4c   0x0000000c   Code   RO         4237    i.vTaskMissedYield  tasks.o
    0x08007d58   0x00000058   Code   RO         4239    i.vTaskPlaceOnEventList  tasks.o
    0x08007db0   0x00000060   Code   RO         4240    i.vTaskPlaceOnEventListRestricted  tasks.o
    0x08007e10   0x00000088   Code   RO         4242    i.vTaskPriorityInherit  tasks.o
    0x08007e98   0x000000a4   Code   RO         4244    i.vTaskResume       tasks.o
    0x08007f3c   0x00000048   Code   RO         4246    i.vTaskSetTimeOutState  tasks.o
    0x08007f84   0x00000094   Code   RO         4247    i.vTaskStartScheduler  tasks.o
    0x08008018   0x000000d0   Code   RO         4248    i.vTaskSuspend      tasks.o
    0x080080e8   0x00000010   Code   RO         4249    i.vTaskSuspendAll   tasks.o
    0x080080f8   0x00000080   Code   RO         4250    i.vTaskSwitchContext  tasks.o
    0x08008178   0x00000110   Code   RO         4725    i.xPortStartScheduler  port.o
    0x08008288   0x0000002c   Code   RO         4726    i.xPortSysTickHandler  port.o
    0x080082b4   0x00000064   Code   RO         3989    i.xQueueGenericCreate  queue.o
    0x08008318   0x000001a0   Code   RO         3990    i.xQueueGenericReceive  queue.o
    0x080084b8   0x000000ac   Code   RO         3991    i.xQueueGenericReset  queue.o
    0x08008564   0x00000190   Code   RO         3992    i.xQueueGenericSend  queue.o
    0x080086f4   0x000000ec   Code   RO         3993    i.xQueueGenericSendFromISR  queue.o
    0x080087e0   0x00000090   Code   RO         4251    i.xTaskCheckForTimeOut  tasks.o
    0x08008870   0x00000060   Code   RO         4252    i.xTaskCreate       tasks.o
    0x080088d0   0x0000001c   Code   RO         4256    i.xTaskGetSchedulerState  tasks.o
    0x080088ec   0x0000000c   Code   RO         4257    i.xTaskGetTickCount  tasks.o
    0x080088f8   0x000000ec   Code   RO         4259    i.xTaskIncrementTick  tasks.o
    0x080089e4   0x000000b4   Code   RO         4262    i.xTaskPriorityDisinherit  tasks.o
    0x08008a98   0x0000009c   Code   RO         4263    i.xTaskRemoveFromEventList  tasks.o
    0x08008b34   0x000000ec   Code   RO         4265    i.xTaskResumeAll    tasks.o
    0x08008c20   0x00000074   Code   RO         4592    i.xTimerCreateTimerTask  timers.o
    0x08008c94   0x0000009c   Code   RO         4593    i.xTimerGenericCommand  timers.o
    0x08008d30   0x00000018   Code   RO         5038    x$fpl$basic         fz_wm.l(basic.o)
    0x08008d48   0x00000062   Code   RO         4940    x$fpl$d2f           fz_wm.l(d2f.o)
    0x08008daa   0x00000002   PAD
    0x08008dac   0x00000150   Code   RO         4942    x$fpl$dadd          fz_wm.l(daddsub_clz.o)
    0x08008efc   0x000002b0   Code   RO         4949    x$fpl$ddiv          fz_wm.l(ddiv.o)
    0x080091ac   0x0000005e   Code   RO         4952    x$fpl$dfix          fz_wm.l(dfix.o)
    0x0800920a   0x0000002e   Code   RO         4957    x$fpl$dflt          fz_wm.l(dflt_clz.o)
    0x08009238   0x00000026   Code   RO         4956    x$fpl$dfltu         fz_wm.l(dflt_clz.o)
    0x0800925e   0x00000002   PAD
    0x08009260   0x00000154   Code   RO         4962    x$fpl$dmul          fz_wm.l(dmul.o)
    0x080093b4   0x0000009c   Code   RO         5040    x$fpl$dnaninf       fz_wm.l(dnaninf.o)
    0x08009450   0x0000000c   Code   RO         5042    x$fpl$dretinf       fz_wm.l(dretinf.o)
    0x0800945c   0x00000016   Code   RO         4943    x$fpl$drsb          fz_wm.l(daddsub_clz.o)
    0x08009472   0x00000002   PAD
    0x08009474   0x00000198   Code   RO         5148    x$fpl$dsqrt         fz_wm.l(dsqrt_umaal.o)
    0x0800960c   0x000001d4   Code   RO         4944    x$fpl$dsub          fz_wm.l(daddsub_clz.o)
    0x080097e0   0x00000056   Code   RO         4964    x$fpl$f2d           fz_wm.l(f2d.o)
    0x08009836   0x0000008c   Code   RO         5044    x$fpl$fnaninf       fz_wm.l(fnaninf.o)
    0x080098c2   0x0000000a   Code   RO         5233    x$fpl$fpinit        fz_wm.l(fpinit.o)
    0x080098cc   0x0000000a   Code   RO         5046    x$fpl$fretinf       fz_wm.l(fretinf.o)
    0x080098d6   0x00000000   Code   RO         5048    x$fpl$usenofp       fz_wm.l(usenofp.o)
    0x080098d6   0x0000001b   Data   RO          774    .constdata          inv_mpu.o
    0x080098f1   0x00000001   PAD
    0x080098f2   0x0000000c   Data   RO          775    .constdata          inv_mpu.o
    0x080098fe   0x00000002   PAD
    0x08009900   0x00000028   Data   RO          776    .constdata          inv_mpu.o
    0x08009928   0x00000bf6   Data   RO         1092    .constdata          inv_mpu_dmp_motion_driver.o
    0x0800a51e   0x000033f4   Data   RO         1487    .constdata          lcd.o
    0x0800d912   0x00000011   Data   RO         4913    .constdata          c_w.l(__printf_flags_wp.o)
    0x0800d923   0x00000005   PAD
    0x0800d928   0x00000050   Data   RO         4969    .constdata          m_wm.l(asin.o)
    0x0800d978   0x00000098   Data   RO         5052    .constdata          m_wm.l(atan.o)
    0x0800da10   0x00000030   Data   RO         5064    .constdata          m_wm.l(cos_i.o)
    0x0800da40   0x00000008   Data   RO         5090    .constdata          m_wm.l(qnan.o)
    0x0800da48   0x000000c8   Data   RO         5093    .constdata          m_wm.l(rred.o)
    0x0800db10   0x00000028   Data   RO         5097    .constdata          m_wm.l(sin_i.o)
    0x0800db38   0x00000018   Data   RO           16    .conststring        main.o
    0x0800db50   0x0000004d   Data   RO          777    .conststring        inv_mpu.o
    0x0800db9d   0x00000003   PAD
    0x0800dba0   0x00000020   Data   RO         5291    Region$$Table       anon$$obj.o


    Execution Region RW_IRAM1 (Base: 0x20000000, Size: 0x00006c58, Max: 0x00020000, ABSOLUTE, COMPRESSED[0x00000068])

    Base Addr    Size         Type   Attr      Idx    E Section Name        Object

    0x20000000   0x000000c0   Data   RW           17    .data               main.o
    0x200000c0   0x00000014   Data   RW          373    .data               system_stm32f4xx.o
    0x200000d4   0x00000008   Data   RW          433    .data               bh1750.o
    0x200000dc   0x00000035   Data   RW          778    .data               inv_mpu.o
    0x20000111   0x00000001   Data   RW         1255    .data               key.o
    0x20000112   0x00000002   Data   RW         1381    .data               w25qxx.o
    0x20000114   0x00000004   Data   RW         1623    .data               delay.o
    0x20000118   0x00000002   Data   RW         1697    .data               usart.o
    0x2000011a   0x00000002   PAD
    0x2000011c   0x00000004   Data   RW         1698    .data               usart.o
    0x20000120   0x00000010   Data   RW         1947    .data               stm32f4xx_rcc.o
    0x20000130   0x0000003c   Data   RW         4268    .data               tasks.o
    0x2000016c   0x00000014   Data   RW         4601    .data               timers.o
    0x20000180   0x0000000c   Data   RW         4727    .data               port.o
    0x2000018c   0x00000018   Data   RW         4810    .data               heap_4.o
    0x200001a4   0x0000002f   Zero   RW           14    .bss                main.o
    0x200001d3   0x00000001   PAD
    0x200001d4   0x00000010   Zero   RW         1091    .bss                inv_mpu_dmp_motion_driver.o
    0x200001e4   0x00001000   Zero   RW         1380    .bss                w25qxx.o
    0x200011e4   0x000000c8   Zero   RW         1696    .bss                usart.o
    0x200012ac   0x00000040   Zero   RW         4004    .bss                queue.o
    0x200012ec   0x000002e4   Zero   RW         4267    .bss                tasks.o
    0x200015d0   0x00000028   Zero   RW         4600    .bss                timers.o
    0x200015f8   0x00005000   Zero   RW         4809    .bss                heap_4.o
    0x200065f8   0x00000060   Zero   RW         5151    .bss                c_w.l(libspace.o)
    0x20006658   0x00000200   Zero   RW         1744    HEAP                startup_stm32f40_41xxx.o
    0x20006858   0x00000400   Zero   RW         1743    STACK               startup_stm32f40_41xxx.o


==============================================================================

Image component sizes


      Code (inc. data)   RO Data    RW Data    ZI Data      Debug   Object Name

       218         24          0          8          0       3301   bh1750.o
       184         14          0          4          0       2425   delay.o
       394         28          0          0          0       4056   dht11.o
         0          0          0          0          0      11680   event_groups.o
       584        138          0         24      20480       4039   heap_4.o
      5894        302        156         53          0      34152   inv_mpu.o
      2770        132       3062          0         16      21454   inv_mpu_dmp_motion_driver.o
       272         24          0          1          0       1278   key.o
       988         18      13300          0          0       8339   lcd.o
       898         34          0          0          0       4358   lcd_init.o
        64          6          0          0          0        519   led.o
       136          0          0          0          0       3106   list.o
      3698        552         24        192         47     304278   main.o
       152         16          0          0          0       2077   misc.o
       202          0          0          0          0       2063   mpu6050.o
       572         70          0          0          0       4506   myiic.o
       576         72          0          0          0       4594   myiic_b.o
      1030        384          0         12          0      10633   port.o
      1948        240          0          0         64      16289   queue.o
       260          0          0          0          0       3053   rtc.o
       276         18          0          0          0       1753   spi.o
        64         26        392          0       1536        828   startup_stm32f40_41xxx.o
        12          6          0          0          0        521   stm32f4xx_exti.o
       178          0          0          0          0       3435   stm32f4xx_gpio.o
        12          0          0          0          0       2593   stm32f4xx_it.o
        12          6          0          0          0        514   stm32f4xx_pwr.o
       420         60          0         16          0       7687   stm32f4xx_rcc.o
       786         66          0          0          0       9004   stm32f4xx_rtc.o
       102          0          0          0          0       3438   stm32f4xx_spi.o
       338          8          0          0          0       4470   stm32f4xx_usart.o
       276         34          0         20          0       1677   system_stm32f4xx.o
      3292        826          0         60        740      31632   tasks.o
      1136        286          0         20         40       8871   timers.o
       298         26          0          6        200       4204   usart.o
       702         52          0          2       4096       7205   w25qxx.o

    ----------------------------------------------------------------------
     28778       3468      16972        420      27220     534032   Object Totals
         0          0         32          0          0          0   (incl. Generated)
        34          0          6          2          1          0   (incl. Padding)

    ----------------------------------------------------------------------

      Code (inc. data)   RO Data    RW Data    ZI Data      Debug   Library Member Name

        90          0          0          0          0          0   __dczerorl2.o
         8          0          0          0          0         68   __main.o
       312          4         17          0          0         92   __printf_flags_wp.o
        14          0          0          0          0         68   __printf_wp.o
         0          0          0          0          0          0   __rtentry.o
        12          0          0          0          0          0   __rtentry2.o
         6          0          0          0          0          0   __rtentry4.o
        52          8          0          0          0          0   __scatter.o
        28          0          0          0          0          0   __scatter_zi.o
        44          0          0          0          0        108   _printf_char.o
        48          6          0          0          0         96   _printf_char_common.o
        36          4          0          0          0         80   _printf_char_file.o
         6          0          0          0          0          0   _printf_d.o
       120         16          0          0          0         92   _printf_dec.o
       178          0          0          0          0         88   _printf_intcommon.o
        78          0          0          0          0        108   _printf_pad.o
         0          0          0          0          0          0   _printf_percent.o
         4          0          0          0          0          0   _printf_percent_end.o
         6          0          0          0          0          0   _printf_s.o
        82          0          0          0          0         80   _printf_str.o
        22          0          0          0          0        100   _rserrno.o
        10          0          0          0          0         68   _sputc.o
        16          0          0          0          0         68   aeabi_memset.o
        18          0          0          0          0         80   exit.o
         8          0          0          0          0         68   ferror.o
         6          0          0          0          0        152   heapauxi.o
         2          0          0          0          0          0   libinit.o
         6          0          0          0          0          0   libinit2.o
         2          0          0          0          0          0   libshutdown.o
         2          0          0          0          0          0   libshutdown2.o
         8          4          0          0         96         68   libspace.o
        72          0          0          0          0         76   llsdiv.o
       238          0          0          0          0        100   lludivv7m.o
        88          0          0          0          0         76   memcmp.o
        24          4          0          0          0         84   noretval__2printf.o
        40          6          0          0          0         84   noretval__2sprintf.o
         8          4          0          0          0         68   rt_errno_addr_intlibspace.o
        68          0          0          0          0         68   rt_memclr.o
        78          0          0          0          0         80   rt_memclr_w.o
       138          0          0          0          0         68   rt_memcpy_v6.o
       100          0          0          0          0         80   rt_memcpy_w.o
         2          0          0          0          0          0   rtexit.o
        10          0          0          0          0          0   rtexit2.o
        74          0          0          0          0         80   sys_stackheap_outer.o
         2          0          0          0          0         68   use_no_semi.o
         2          0          0          0          0         68   use_no_semi_2.o
        24          0          0          0          0        164   basic.o
        98          4          0          0          0        140   d2f.o
       826         16          0          0          0        492   daddsub_clz.o
       688        140          0          0          0        256   ddiv.o
        94          4          0          0          0        140   dfix.o
        84          0          0          0          0        232   dflt_clz.o
       340         12          0          0          0        152   dmul.o
       156          4          0          0          0        140   dnaninf.o
        12          0          0          0          0        116   dretinf.o
       408         56          0          0          0        168   dsqrt_umaal.o
        86          4          0          0          0        132   f2d.o
       140          4          0          0          0        132   fnaninf.o
        10          0          0          0          0        116   fpinit.o
        10          0          0          0          0        116   fretinf.o
         0          0          0          0          0          0   usenofp.o
       864         94         80          0          0        280   asin.o
       744        106        152          0          0        352   atan.o
       496         64          0          0          0        192   atan2.o
       200         20          0          0          0        164   cos.o
       368         46         48          0          0        200   cos_i.o
       104         16          0          0          0        496   dunder.o
        24          0          0          0          0        124   fabs.o
        48          0          0          0          0        124   fpclassify.o
       248          0          0          0          0        152   poly.o
         0          0          8          0          0          0   qnan.o
      1080        142        200          0          0        188   rred.o
       200         20          0          0          0        164   sin.o
       304         24         40          0          0        208   sin_i.o
       110          0          0          0          0        148   sqrt.o

    ----------------------------------------------------------------------
      9956        832        550          0         96       7772   Library Totals
        22          0          5          0          0          0   (incl. Padding)

    ----------------------------------------------------------------------

      Code (inc. data)   RO Data    RW Data    ZI Data      Debug   Library Name

      2168         56         17          0         96       2484   c_w.l
      2976        244          0          0          0       2496   fz_wm.l
      4790        532        528          0          0       2792   m_wm.l

    ----------------------------------------------------------------------
      9956        832        550          0         96       7772   Library Totals

    ----------------------------------------------------------------------

==============================================================================


      Code (inc. data)   RO Data    RW Data    ZI Data      Debug   

     38734       4300      17522        420      27316     511752   Grand Totals
     38734       4300      17522        104      27316     511752   ELF Image Totals (compressed)
     38734       4300      17522        104          0          0   ROM Totals

==============================================================================

    Total RO  Size (Code + RO Data)                56256 (  54.94kB)
    Total RW  Size (RW Data + ZI Data)             27736 (  27.09kB)
    Total ROM Size (Code + RO Data + RW Data)      56360 (  55.04kB)

==============================================================================

